<html>
<body>
<pre>
<h1>礦ision Build Log</h1>
<h2>Tool Versions:</h2>
IDE-Version: μVision V5.30.0.0
Copyright (C) 2020 ARM Ltd and ARM Germany GmbH. All rights reserved.
License Information: g believershao, 777, LIC=D0D7S-L8E2U-LQG0Q-NSY98-WSZ4T-JTY3K
 
Tool Versions:
Toolchain:       MDK-ARM Plus  Version: 5.30.0.0
Toolchain Path:  C:\Keil_v5\ARM\ARMCC\Bin
C Compiler:      Armcc.exe V5.06 update 6 (build 750)
Assembler:       Armasm.exe V5.06 update 6 (build 750)
Linker/Locator:  ArmLink.exe V5.06 update 6 (build 750)
Library Manager: ArmAr.exe V5.06 update 6 (build 750)
Hex Converter:   FromElf.exe V5.06 update 6 (build 750)
CPU DLL:         SARMCM3.DLL V5.30.0.0
Dialog DLL:      DCM.DLL V1.17.3.0
Target DLL:      Segger\JL2CM3.dll V2.99.18.0
Dialog DLL:      TCM.DLL V1.42.0.0
 
<h2>Project:</h2>
F:\STI_RM\RM2024\Infantry_2023\SorryTrue\F405_Gimbal\Project\HUST-RM-Master.uvprojx
Project File Date:  09/12/2023

<h2>Output:</h2>
*** Using Compiler 'V5.06 update 6 (build 750)', folder: 'C:\Keil_v5\ARM\ARMCC\Bin'
Build target 'HUST-RM-Master'
assembling startup_stm32f40_41xxx.s...
compiling stm32f4xx_it.c...
compiling system_stm32f4xx.c...
compiling stm32f4xx_iwdg.c...
compiling stm32f4xx_adc.c...
compiling stm32f4xx_flash_ramfunc.c...
compiling stm32f4xx_gpio.c...
compiling stm32f4xx_dma.c...
compiling stm32f4xx_dac.c...
compiling misc.c...
compiling stm32f4xx_exti.c...
compiling stm32f4xx_i2c.c...
compiling stm32f4xx_flash.c...
compiling stm32f4xx_crc.c...
compiling stm32f4xx_can.c...
compiling stm32f4xx_rcc.c...
compiling main.c...
compiling stm32f4xx_syscfg.c...
compiling stm32f4xx_wwdg.c...
compiling stm32f4xx_rng.c...
compiling stm32f4xx_rtc.c...
compiling stm32f4xx_usart.c...
compiling stm32f4xx_dbgmcu.c...
compiling stm32f4xx_spi.c...
compiling stm32f4xx_tim.c...
compiling iwdg.c...
compiling can2.c...
compiling MicroSw.c...
compiling can1.c...
compiling SteeringEngine.c...
compiling tim4.c...
compiling FrictionWheel.c...
compiling usart1.c...
..\Mylib\usart1.c(106): warning:  #1-D: last line of file ends without a newline
  #endif
..\Mylib\usart1.c: 1 warning, 0 errors
compiling user_lib.c...
compiling os_tick.c...
compiling gpio.c...
compiling usart3.c...
..\Mylib\usart3.c(105): warning:  #1-D: last line of file ends without a newline
  #endif
..\Mylib\usart3.c: 1 warning, 0 errors
compiling laser.c...
compiling pc_uart.c...
compiling pc_serial.c...
compiling counter.c...
compiling bsp_spi_sdcard.c...
compiling pid.c...
compiling algorithmOfCRC.c...
compiling queueData.c...
compiling TD.c...
compiling DataSendTask.c...
..\Task\DataSendTask.c(301): warning:  #223-D: function "SendtoPC" declared implicitly
  		SendtoPC();
..\Task\DataSendTask.c: 1 warning, 0 errors
compiling DataReceiveTask.c...
..\Task\DataReceiveTask.c(387): warning:  #1-D: last line of file ends without a newline
  //}
..\Task\DataReceiveTask.c: 1 warning, 0 errors
compiling ChassisTask.c...
compiling ZeroCheckTask.c...
compiling ShootTask.c...
..\Task\ShootTask.c(71): warning:  #1035-D: single-precision operand implicitly converted to double-precision
  	if(ABS(PidFrictionSpeed[0].PreError)>200 && ABS(PidFrictionSpeed[0].PreError) < 1000.0 &&ABS(PidFrictionSpeed[0].ActualValue)>3000)//满足掉速要求
..\Task\ShootTask.c(225): warning:  #550-D: variable "ShootContinue_init_flag"  was set but never used
  	static int ShootContinue_init_flag=0;
..\Task\ShootTask.c(386): warning:  #1035-D: single-precision operand implicitly converted to double-precision
  					MirocPosition = -k_onegrid * Onegrid * 0.8;         //控制频率很快，需要放慢拨弹速度
..\Task\ShootTask.c(402): warning:  #1035-D: single-precision operand implicitly converted to double-precision
  					MirocPosition = -k_onegrid * Onegrid * 0.1;
..\Task\ShootTask.c: 4 warnings, 0 errors
compiling croutine.c...
compiling event_groups.c...
compiling GimbalTask.c...
compiling GimbalEstimateTask.c...
compiling ActionTask.c...
..\Task\ActionTask.c(300): warning:  #1035-D: single-precision operand implicitly converted to double-precision
  			if(ctrl_interval<0.5){//连击两次的间隔小于500ms
..\Task\ActionTask.c(306): warning:  #1035-D: single-precision operand implicitly converted to double-precision
  		}else if(ctrl_interval>1.0){
..\Task\ActionTask.c(255): warning:  #177-D: variable "waitb"  was declared but never referenced
  	static int waitb = 0;
..\Task\ActionTask.c: 3 warnings, 0 errors
compiling list.c...
compiling CPU_Task.c...
compiling Start_Task.c...
compiling ControlTask.c...
compiling SDCardTask.c...
compiling queue.c...
compiling timers.c...
compiling heap_4.c...
compiling port.c...
compiling tools.c...
compiling SEGGER_RTT_printf.c...
compiling tasks.c...
compiling SEGGER_RTT.c...
compiling debug.c...
compiling RtosTaskCheck.c...
compiling ff.c...
compiling diskio.c...
compiling kalman_filter.c...
compiling QuaternionEKF.c...
compiling icm20602.c...
compiling ins.c...
linking...
Program Size: Code=67628 RO-data=3852 RW-data=1160 ZI-data=28520  
"..\OBJ\HUST-RM-Master.axf" - 0 Error(s), 11 Warning(s).

<h2>Software Packages used:</h2>

Package Vendor: Keil
                http://www.keil.com/pack/Keil.STM32F4xx_DFP.2.15.0.pack
                Keil.STM32F4xx_DFP.2.15.0
                STMicroelectronics STM32F4 Series Device Support, Drivers and Examples

<h2>Collection of Component include folders:</h2>
  .\RTE\_HUST-RM-Master
  C:\Keil_v5\ARM\PACK\Keil\STM32F4xx_DFP\2.15.0\Drivers\CMSIS\Device\ST\STM32F4xx\Include

<h2>Collection of Component Files used:</h2>
Build Time Elapsed:  00:00:05
</pre>
</body>
</html>
