Component: ARM Compiler 5.06 update 6 (build 750) Tool: armlink [4d35ed]

==============================================================================

Section Cross References

    main.o(i.BSP_Init) refers to adc.o(i.SuperPower_Configuration) for SuperPower_Configuration
    main.o(i.BSP_Init) refers to dac.o(i.DAC1_Init) for DAC1_Init
    main.o(i.BSP_Init) refers to can1.o(i.CAN1_Configuration) for CAN1_Configuration
    main.o(i.BSP_Init) refers to can2.o(i.CAN2_Configuration) for CAN2_Configuration
    main.o(i.BSP_Init) refers to usart2.o(i.VOFA_USART_Configuration) for VOFA_USART_Configuration
    main.o(i.BSP_Init) refers to uart4.o(i.UART4_Configuration) for UART4_Configuration
    main.o(i.BSP_Init) refers to counter.o(i.COUNTER_Configuration) for COUNTER_Configuration
    main.o(i.BSP_Init) refers to tim2.o(i.TIM2_Configuration) for TIM2_Configuration
    main.o(i.BSP_Init) refers to tim4.o(i.TIM4_Configuration) for TIM4_Configuration
    main.o(i.BSP_Init) refers to iwdg.o(i.IWDG_Config) for IWDG_Config
    main.o(i.BSP_Init) refers to i2c.o(i.i2c_init) for i2c_init
    main.o(i.BSP_Init) refers to powercontroltask.o(i.ChargeIO_Configuration) for ChargeIO_Configuration
    main.o(i.BSP_Init) refers to stm32f4xx_gpio.o(i.GPIO_ResetBits) for GPIO_ResetBits
    main.o(i.BSP_Init) refers to tim2.o(i.delay_ms) for delay_ms
    main.o(i.BSP_Init) refers to powercontroltask.o(.data) for ChargeState
    main.o(i.Judge_Rst) refers to datareceivetask.o(.bss) for JudgeReceive
    main.o(i.Offline_Check_task) refers to tasks.o(i.vTaskDelay) for vTaskDelay
    main.o(i.Offline_Check_task) refers to datareceivetask.o(i.F405_Rst) for F405_Rst
    main.o(i.Offline_Check_task) refers to main.o(i.Judge_Rst) for Judge_Rst
    main.o(i.Offline_Check_task) refers to iwdg.o(i.IWDG_Feed) for IWDG_Feed
    main.o(i.Offline_Check_task) refers to tasks.o(i.uxTaskGetStackHighWaterMark) for uxTaskGetStackHighWaterMark
    main.o(i.Offline_Check_task) refers to main.o(.bss) for Robot_Disconnect
    main.o(i.Offline_Check_task) refers to sdcardtask.o(.bss) for SD_saver
    main.o(i.Offline_Check_task) refers to main.o(.data) for Judge_Lost
    main.o(i.Offline_Check_task) refers to chassistask.o(.bss) for powerlimit
    main.o(i.main) refers to main.o(i.BSP_Init) for BSP_Init
    main.o(i.main) refers to starttask.o(i.startTast) for startTast
    main.o(i.main) refers to tasks.o(i.vTaskStartScheduler) for vTaskStartScheduler
    stm32f4xx_it.o(i.SysTick_Handler) refers to port.o(i.xPortSysTickHandler) for xPortSysTickHandler
    system_stm32f4xx.o(i.SystemCoreClockUpdate) refers to system_stm32f4xx.o(.data) for SystemCoreClock
    system_stm32f4xx.o(i.SystemInit) refers to system_stm32f4xx.o(i.SetSysClock) for SetSysClock
    algorithmofcrc.o(i.Append_CRC16_Check_Sum) refers to algorithmofcrc.o(i.Get_CRC16_Check_Sum) for Get_CRC16_Check_Sum
    algorithmofcrc.o(i.Append_CRC16_Check_Sum) refers to algorithmofcrc.o(.data) for CRC_INIT
    algorithmofcrc.o(i.Append_CRC8_Check_Sum) refers to algorithmofcrc.o(i.Get_CRC8_Check_Sum) for Get_CRC8_Check_Sum
    algorithmofcrc.o(i.Get_CRC16_Check_Sum) refers to algorithmofcrc.o(.constdata) for wCRC_Table
    algorithmofcrc.o(i.Get_CRC8_Check_Sum) refers to algorithmofcrc.o(.constdata) for CRC8_TAB
    algorithmofcrc.o(i.Verify_CRC16_Check_Sum) refers to algorithmofcrc.o(i.Get_CRC16_Check_Sum) for Get_CRC16_Check_Sum
    algorithmofcrc.o(i.Verify_CRC16_Check_Sum) refers to algorithmofcrc.o(.data) for CRC_INIT
    algorithmofcrc.o(i.Verify_CRC8_Check_Sum) refers to algorithmofcrc.o(i.Get_CRC8_Check_Sum) for Get_CRC8_Check_Sum
    algorithmofcrc.o(i.Verify_CRC8_Check_Sum) refers to algorithmofcrc.o(.data) for sss
    datascope_dp.o(i.DataScope_Data_Generate) refers to datascope_dp.o(.bss) for DataScope_OutPut_Buffer
    datascope_dp.o(i.DataScope_Get_Channel_Data) refers to datascope_dp.o(i.Float2Byte) for Float2Byte
    datascope_dp.o(i.DataScope_Get_Channel_Data) refers to datascope_dp.o(.bss) for DataScope_OutPut_Buffer
    fir.o(i.Fir) refers to fir.o(.bss) for Buffer
    fir.o(i.Fir) refers to fir.o(.constdata) for Gains
    fir.o(i.LowPass_SetChassis) refers to f2d.o(.text) for __aeabi_f2d
    fir.o(i.LowPass_SetChassis) refers to dmul.o(.text) for __aeabi_dmul
    fir.o(i.LowPass_SetChassis) refers to dadd.o(.text) for __aeabi_dadd
    fir.o(i.LowPass_SetChassis) refers to d2f.o(.text) for __aeabi_d2f
    fir.o(i.LowPass_SetK) refers to fir.o(.data) for K_Low_SetK
    fir.o(i.LowPass_SetK1) refers to fir.o(.data) for K_Low_SetK1
    fir.o(i.LowPass_SetK5) refers to fir.o(.data) for K_Low_SetK5
    fir.o(i.LowPass_SetSteer) refers to f2d.o(.text) for __aeabi_f2d
    fir.o(i.LowPass_SetSteer) refers to dmul.o(.text) for __aeabi_dmul
    fir.o(i.LowPass_SetSteer) refers to dadd.o(.text) for __aeabi_dadd
    fir.o(i.LowPass_SetSteer) refers to d2f.o(.text) for __aeabi_d2f
    fir.o(i.LowPass_SetWheel) refers to f2d.o(.text) for __aeabi_f2d
[...]
    ADC_IRQHandler                           0x0800026f   Thumb Code     0  startup_stm32f40_41xxx.o(.text)
    CAN1_SCE_IRQHandler                      0x0800026f   Thumb Code     0  startup_stm32f40_41xxx.o(.text)
    CAN1_TX_IRQHandler                       0x0800026f   Thumb Code     0  startup_stm32f40_41xxx.o(.text)
    CAN2_RX1_IRQHandler                      0x0800026f   Thumb Code     0  startup_stm32f40_41xxx.o(.text)
    CAN2_SCE_IRQHandler                      0x0800026f   Thumb Code     0  startup_stm32f40_41xxx.o(.text)
    CAN2_TX_IRQHandler                       0x0800026f   Thumb Code     0  startup_stm32f40_41xxx.o(.text)
    CRYP_IRQHandler                          0x0800026f   Thumb Code     0  startup_stm32f40_41xxx.o(.text)
    DCMI_IRQHandler                          0x0800026f   Thumb Code     0  startup_stm32f40_41xxx.o(.text)
    DMA1_Stream0_IRQHandler                  0x0800026f   Thumb Code     0  startup_stm32f40_41xxx.o(.text)
    DMA1_Stream1_IRQHandler                  0x0800026f   Thumb Code     0  startup_stm32f40_41xxx.o(.text)
    DMA1_Stream3_IRQHandler                  0x0800026f   Thumb Code     0  startup_stm32f40_41xxx.o(.text)
    DMA1_Stream5_IRQHandler                  0x0800026f   Thumb Code     0  startup_stm32f40_41xxx.o(.text)
    DMA1_Stream7_IRQHandler                  0x0800026f   Thumb Code     0  startup_stm32f40_41xxx.o(.text)
    DMA2_Stream0_IRQHandler                  0x0800026f   Thumb Code     0  startup_stm32f40_41xxx.o(.text)
    DMA2_Stream1_IRQHandler                  0x0800026f   Thumb Code     0  startup_stm32f40_41xxx.o(.text)
    DMA2_Stream2_IRQHandler                  0x0800026f   Thumb Code     0  startup_stm32f40_41xxx.o(.text)
    DMA2_Stream3_IRQHandler                  0x0800026f   Thumb Code     0  startup_stm32f40_41xxx.o(.text)
    DMA2_Stream4_IRQHandler                  0x0800026f   Thumb Code     0  startup_stm32f40_41xxx.o(.text)
    DMA2_Stream5_IRQHandler                  0x0800026f   Thumb Code     0  startup_stm32f40_41xxx.o(.text)
    DMA2_Stream6_IRQHandler                  0x0800026f   Thumb Code     0  startup_stm32f40_41xxx.o(.text)
    DMA2_Stream7_IRQHandler                  0x0800026f   Thumb Code     0  startup_stm32f40_41xxx.o(.text)
    ETH_IRQHandler                           0x0800026f   Thumb Code     0  startup_stm32f40_41xxx.o(.text)
    ETH_WKUP_IRQHandler                      0x0800026f   Thumb Code     0  startup_stm32f40_41xxx.o(.text)
    EXTI0_IRQHandler                         0x0800026f   Thumb Code     0  startup_stm32f40_41xxx.o(.text)
    EXTI15_10_IRQHandler                     0x0800026f   Thumb Code     0  startup_stm32f40_41xxx.o(.text)
    EXTI1_IRQHandler                         0x0800026f   Thumb Code     0  startup_stm32f40_41xxx.o(.text)
    EXTI2_IRQHandler                         0x0800026f   Thumb Code     0  startup_stm32f40_41xxx.o(.text)
    EXTI3_IRQHandler                         0x0800026f   Thumb Code     0  startup_stm32f40_41xxx.o(.text)
    EXTI4_IRQHandler                         0x0800026f   Thumb Code     0  startup_stm32f40_41xxx.o(.text)
    EXTI9_5_IRQHandler                       0x0800026f   Thumb Code     0  startup_stm32f40_41xxx.o(.text)
    FLASH_IRQHandler                         0x0800026f   Thumb Code     0  startup_stm32f40_41xxx.o(.text)
    FPU_IRQHandler                           0x0800026f   Thumb Code     0  startup_stm32f40_41xxx.o(.text)
    FSMC_IRQHandler                          0x0800026f   Thumb Code     0  startup_stm32f40_41xxx.o(.text)
    HASH_RNG_IRQHandler                      0x0800026f   Thumb Code     0  startup_stm32f40_41xxx.o(.text)
    I2C1_ER_IRQHandler                       0x0800026f   Thumb Code     0  startup_stm32f40_41xxx.o(.text)
    I2C1_EV_IRQHandler                       0x0800026f   Thumb Code     0  startup_stm32f40_41xxx.o(.text)
    I2C2_ER_IRQHandler                       0x0800026f   Thumb Code     0  startup_stm32f40_41xxx.o(.text)
    I2C2_EV_IRQHandler                       0x0800026f   Thumb Code     0  startup_stm32f40_41xxx.o(.text)
    I2C3_ER_IRQHandler                       0x0800026f   Thumb Code     0  startup_stm32f40_41xxx.o(.text)
    I2C3_EV_IRQHandler                       0x0800026f   Thumb Code     0  startup_stm32f40_41xxx.o(.text)
    OTG_FS_IRQHandler                        0x0800026f   Thumb Code     0  startup_stm32f40_41xxx.o(.text)
    OTG_FS_WKUP_IRQHandler                   0x0800026f   Thumb Code     0  startup_stm32f40_41xxx.o(.text)
    OTG_HS_EP1_IN_IRQHandler                 0x0800026f   Thumb Code     0  startup_stm32f40_41xxx.o(.text)
    OTG_HS_EP1_OUT_IRQHandler                0x0800026f   Thumb Code     0  startup_stm32f40_41xxx.o(.text)
    OTG_HS_IRQHandler                        0x0800026f   Thumb Code     0  startup_stm32f40_41xxx.o(.text)
    OTG_HS_WKUP_IRQHandler                   0x0800026f   Thumb Code     0  startup_stm32f40_41xxx.o(.text)
    PVD_IRQHandler                           0x0800026f   Thumb Code     0  startup_stm32f40_41xxx.o(.text)
    RCC_IRQHandler                           0x0800026f   Thumb Code     0  startup_stm32f40_41xxx.o(.text)
    RTC_Alarm_IRQHandler                     0x0800026f   Thumb Code     0  startup_stm32f40_41xxx.o(.text)
    RTC_WKUP_IRQHandler                      0x0800026f   Thumb Code     0  startup_stm32f40_41xxx.o(.text)
    SDIO_IRQHandler                          0x0800026f   Thumb Code     0  startup_stm32f40_41xxx.o(.text)
    SPI1_IRQHandler                          0x0800026f   Thumb Code     0  startup_stm32f40_41xxx.o(.text)
    SPI2_IRQHandler                          0x0800026f   Thumb Code     0  startup_stm32f40_41xxx.o(.text)
    SPI3_IRQHandler                          0x0800026f   Thumb Code     0  startup_stm32f40_41xxx.o(.text)
    TAMP_STAMP_IRQHandler                    0x0800026f   Thumb Code     0  startup_stm32f40_41xxx.o(.text)
    TIM1_BRK_TIM9_IRQHandler                 0x0800026f   Thumb Code     0  startup_stm32f40_41xxx.o(.text)
    TIM1_CC_IRQHandler                       0x0800026f   Thumb Code     0  startup_stm32f40_41xxx.o(.text)
    TIM1_TRG_COM_TIM11_IRQHandler            0x0800026f   Thumb Code     0  startup_stm32f40_41xxx.o(.text)
    TIM1_UP_TIM10_IRQHandler                 0x0800026f   Thumb Code     0  startup_stm32f40_41xxx.o(.text)
    TIM3_IRQHandler                          0x0800026f   Thumb Code     0  startup_stm32f40_41xxx.o(.text)
    TIM5_IRQHandler                          0x0800026f   Thumb Code     0  startup_stm32f40_41xxx.o(.text)
    TIM6_DAC_IRQHandler                      0x0800026f   Thumb Code     0  startup_stm32f40_41xxx.o(.text)
    TIM8_BRK_TIM12_IRQHandler                0x0800026f   Thumb Code     0  startup_stm32f40_41xxx.o(.text)
    TIM8_CC_IRQHandler                       0x0800026f   Thumb Code     0  startup_stm32f40_41xxx.o(.text)
    TIM8_TRG_COM_TIM14_IRQHandler            0x0800026f   Thumb Code     0  startup_stm32f40_41xxx.o(.text)
    TIM8_UP_TIM13_IRQHandler                 0x0800026f   Thumb Code     0  startup_stm32f40_41xxx.o(.text)
    UART4_IRQHandler                         0x0800026f   Thumb Code     0  startup_stm32f40_41xxx.o(.text)
    UART5_IRQHandler                         0x0800026f   Thumb Code     0  startup_stm32f40_41xxx.o(.text)
    USART1_IRQHandler                        0x0800026f   Thumb Code     0  startup_stm32f40_41xxx.o(.text)
    USART2_IRQHandler                        0x0800026f   Thumb Code     0  startup_stm32f40_41xxx.o(.text)
    USART3_IRQHandler                        0x0800026f   Thumb Code     0  startup_stm32f40_41xxx.o(.text)
    USART6_IRQHandler                        0x0800026f   Thumb Code     0  startup_stm32f40_41xxx.o(.text)
    WWDG_IRQHandler                          0x0800026f   Thumb Code     0  startup_stm32f40_41xxx.o(.text)
    __aeabi_memcpy                           0x08000279   Thumb Code    36  memcpya.o(.text)
    __aeabi_memcpy4                          0x08000279   Thumb Code     0  memcpya.o(.text)
    __aeabi_memcpy8                          0x08000279   Thumb Code     0  memcpya.o(.text)
    __aeabi_memset                           0x0800029d   Thumb Code    14  memseta.o(.text)
    __aeabi_memset4                          0x0800029d   Thumb Code     0  memseta.o(.text)
    __aeabi_memset8                          0x0800029d   Thumb Code     0  memseta.o(.text)
    __aeabi_memclr                           0x080002ab   Thumb Code     4  memseta.o(.text)
    __aeabi_memclr4                          0x080002ab   Thumb Code     0  memseta.o(.text)
    __aeabi_memclr8                          0x080002ab   Thumb Code     0  memseta.o(.text)
    _memset$wrapper                          0x080002af   Thumb Code    18  memseta.o(.text)
    strlen                                   0x080002c1   Thumb Code    14  strlen.o(.text)
    strcpy                                   0x080002cf   Thumb Code    18  strcpy.o(.text)
    __aeabi_dadd                             0x080002e1   Thumb Code   322  dadd.o(.text)
    __aeabi_dsub                             0x08000423   Thumb Code     6  dadd.o(.text)
    __aeabi_drsub                            0x08000429   Thumb Code     6  dadd.o(.text)
    __aeabi_dmul                             0x0800042f   Thumb Code   228  dmul.o(.text)
    __aeabi_ddiv                             0x08000513   Thumb Code   222  ddiv.o(.text)
    __aeabi_i2d                              0x080005f1   Thumb Code    34  dflti.o(.text)
    __aeabi_ui2d                             0x08000613   Thumb Code    26  dfltui.o(.text)
    __aeabi_d2uiz                            0x0800062d   Thumb Code    50  dfixui.o(.text)
    __aeabi_f2d                              0x0800065f   Thumb Code    38  f2d.o(.text)
    __aeabi_cdcmpeq                          0x08000685   Thumb Code     0  cdcmple.o(.text)
    __aeabi_cdcmple                          0x08000685   Thumb Code    48  cdcmple.o(.text)
    __aeabi_cdrcmple                         0x080006b5   Thumb Code    48  cdrcmple.o(.text)
    __aeabi_d2f                              0x080006e5   Thumb Code    56  d2f.o(.text)
    __aeabi_uidiv                            0x0800071d   Thumb Code     0  uidiv.o(.text)
    __aeabi_uidivmod                         0x0800071d   Thumb Code    44  uidiv.o(.text)
    __aeabi_llsl                             0x08000749   Thumb Code    30  llshl.o(.text)
    _ll_shift_l                              0x08000749   Thumb Code     0  llshl.o(.text)
    __aeabi_llsr                             0x08000767   Thumb Code    32  llushr.o(.text)
    _ll_ushift_r                             0x08000767   Thumb Code     0  llushr.o(.text)
    __aeabi_lasr                             0x08000787   Thumb Code    36  llsshr.o(.text)
    _ll_sshift_r                             0x08000787   Thumb Code     0  llsshr.o(.text)
    __I$use$fp                               0x080007ab   Thumb Code     0  iusefp.o(.text)
    _float_round                             0x080007ab   Thumb Code    18  fepilogue.o(.text)
    _float_epilogue                          0x080007bd   Thumb Code    92  fepilogue.o(.text)
    _frem                                    0x08000819   Thumb Code    82  frem.o(.text)
    _double_round                            0x0800086b   Thumb Code    30  depilogue.o(.text)
    _double_epilogue                         0x08000889   Thumb Code   156  depilogue.o(.text)
    __scatterload                            0x08000925   Thumb Code    28  init.o(.text)
    __scatterload_rt2                        0x08000925   Thumb Code     0  init.o(.text)
    __decompress                             0x08000949   Thumb Code     0  __dczerorl2.o(.text)
    __decompress1                            0x08000949   Thumb Code    86  __dczerorl2.o(.text)
    arm_cos_f32                              0x080009a1   Thumb Code   152  arm_cos_f32.o(.text.arm_cos_f32)
    arm_sin_f32                              0x08000a39   Thumb Code   144  arm_sin_f32.o(.text.arm_sin_f32)
    ADC_Cmd                                  0x08000ac9   Thumb Code    22  stm32f4xx_adc.o(i.ADC_Cmd)
    ADC_DMACmd                               0x08000adf   Thumb Code    22  stm32f4xx_adc.o(i.ADC_DMACmd)
    ADC_DMARequestAfterLastTransferCmd       0x08000af5   Thumb Code    22  stm32f4xx_adc.o(i.ADC_DMARequestAfterLastTransferCmd)
    ADC_Filter                               0x08000b0d   Thumb Code   208  powercontroltask.o(i.ADC_Filter)
    ADC_Init                                 0x08000bf5   Thumb Code    74  stm32f4xx_adc.o(i.ADC_Init)
    ADC_RegularChannelConfig                 0x08000c49   Thumb Code   184  stm32f4xx_adc.o(i.ADC_RegularChannelConfig)
    ADC_SoftwareStartConv                    0x08000d01   Thumb Code    10  stm32f4xx_adc.o(i.ADC_SoftwareStartConv)
    ADC_TempSensorVrefintCmd                 0x08000d0d   Thumb Code    34  stm32f4xx_adc.o(i.ADC_TempSensorVrefintCmd)
    Add_vector                               0x08000d39   Thumb Code   260  chassistask.o(i.Add_vector)
    Append_CRC16_Check_Sum                   0x08000e55   Thumb Code    44  algorithmofcrc.o(i.Append_CRC16_Check_Sum)
    Append_CRC8_Check_Sum                    0x08000e85   Thumb Code    36  algorithmofcrc.o(i.Append_CRC8_Check_Sum)
    BSP_Init                                 0x08000ea9   Thumb Code   156  main.o(i.BSP_Init)
    Bat_use                                  0x08000f59   Thumb Code    26  powercontroltask.o(i.Bat_use)
    BuildF105                                0x08000f7d   Thumb Code   168  chassistask.o(i.BuildF105)
    BusFault_Handler                         0x08001035   Thumb Code     4  stm32f4xx_it.o(i.BusFault_Handler)
    CAN1_Configuration                       0x08001039   Thumb Code   382  can1.o(i.CAN1_Configuration)
    CAN1_RX0_IRQHandler                      0x080011c1   Thumb Code    46  can1.o(i.CAN1_RX0_IRQHandler)
    CAN1_RX1_IRQHandler                      0x080011f9   Thumb Code    46  can1.o(i.CAN1_RX1_IRQHandler)
    CAN2_Configuration                       0x08001231   Thumb Code   276  can2.o(i.CAN2_Configuration)
    CAN2_RX0_IRQHandler                      0x0800134d   Thumb Code    42  can2.o(i.CAN2_RX0_IRQHandler)
    CAN_ClearITPendingBit                    0x0800137d   Thumb Code   162  stm32f4xx_can.o(i.CAN_ClearITPendingBit)
    CAN_DeInit                               0x08001425   Thumb Code    50  stm32f4xx_can.o(i.CAN_DeInit)
    CAN_FilterInit                           0x0800145d   Thumb Code   258  stm32f4xx_can.o(i.CAN_FilterInit)
    CAN_GetITStatus                          0x08001565   Thumb Code   284  stm32f4xx_can.o(i.CAN_GetITStatus)
    CAN_ITConfig                             0x08001685   Thumb Code    18  stm32f4xx_can.o(i.CAN_ITConfig)
    CAN_Init                                 0x08001697   Thumb Code   276  stm32f4xx_can.o(i.CAN_Init)
    CAN_Receive                              0x080017ab   Thumb Code   240  stm32f4xx_can.o(i.CAN_Receive)
    CAN_StructInit                           0x0800189b   Thumb Code    32  stm32f4xx_can.o(i.CAN_StructInit)
    CAN_Transmit                             0x080018bb   Thumb Code   294  stm32f4xx_can.o(i.CAN_Transmit)
    CAP_use                                  0x080019e1   Thumb Code    26  powercontroltask.o(i.CAP_use)
    COUNTER_Configuration                    0x08001a05   Thumb Code    64  counter.o(i.COUNTER_Configuration)
    CPU_task                                 0x08001a51   Thumb Code   182  cpu_task.o(i.CPU_task)
    Can1Receive0                             0x08001be5   Thumb Code   280  datareceivetask.o(i.Can1Receive0)
    Can1Receive1                             0x08001d09   Thumb Code   392  datareceivetask.o(i.Can1Receive1)
    Can2Receive1                             0x08001e9d   Thumb Code   276  datareceivetask.o(i.Can2Receive1)
    Can2Send0                                0x08001fc5   Thumb Code    44  datasendtask.o(i.Can2Send0)
    Can2Send1                                0x08001ff5   Thumb Code    50  datasendtask.o(i.Can2Send1)
    Can2Send2                                0x0800202d   Thumb Code    46  datasendtask.o(i.Can2Send2)
    CapUI_Change                             0x08002061   Thumb Code   112  graphicssendtask.o(i.CapUI_Change)
    CarPosture_Change                        0x080020e1   Thumb Code   348  graphicssendtask.o(i.CarPosture_Change)
    CharChange                               0x08002271   Thumb Code  1252  graphicssendtask.o(i.CharChange)
    CharGraphic_Draw                         0x08002759   Thumb Code   188  graphicssendtask.o(i.CharGraphic_Draw)
    Char_Draw                                0x0800281d   Thumb Code   112  graphicssendtask.o(i.Char_Draw)
    Char_Init                                0x08002895   Thumb Code   310  graphicssendtask.o(i.Char_Init)
    ChargeControl                            0x08002a29   Thumb Code   226  powercontroltask.o(i.ChargeControl)
    ChargeIO_Configuration                   0x08002b29   Thumb Code    92  powercontroltask.o(i.ChargeIO_Configuration)
    Charge_Set                               0x08002b8d   Thumb Code   114  powercontroltask.o(i.Charge_Set)
    ChassisCan1Send                          0x08002c15   Thumb Code   206  datasendtask.o(i.ChassisCan1Send)
    ChassisSteer_cal                         0x08002d01   Thumb Code   272  chassistask.o(i.ChassisSteer_cal)
    Chassis_Current_send                     0x08002e25   Thumb Code    46  chassistask.o(i.Chassis_Current_send)
    Chassis_Init                             0x08002e59   Thumb Code   582  chassistask.o(i.Chassis_Init)
    Chassis_Loop_Cal                         0x080030fd   Thumb Code   474  chassistask.o(i.Chassis_Loop_Cal)
    Chassis_Speed_Cal                        0x08003305   Thumb Code    96  chassistask.o(i.Chassis_Speed_Cal)
    Chassis_task                             0x08003371   Thumb Code   122  chassistask.o(i.Chassis_task)
    DAC1_Init                                0x0800341d   Thumb Code   124  dac.o(i.DAC1_Init)
    DAC_Cmd                                  0x0800349d   Thumb Code    34  stm32f4xx_dac.o(i.DAC_Cmd)
    DAC_Init                                 0x080034c5   Thumb Code    46  stm32f4xx_dac.o(i.DAC_Init)
    DAC_SetChannel1Data                      0x080034f9   Thumb Code    26  stm32f4xx_dac.o(i.DAC_SetChannel1Data)
    DAC_SetChannel2Data                      0x08003519   Thumb Code    26  stm32f4xx_dac.o(i.DAC_SetChannel2Data)
    DMA1_Stream2_IRQHandler                  0x08003539   Thumb Code    28  uart4.o(i.DMA1_Stream2_IRQHandler)
    DMA1_Stream4_IRQHandler                  0x08003561   Thumb Code    44  uart4.o(i.DMA1_Stream4_IRQHandler)
    DMA1_Stream6_IRQHandler                  0x0800359d   Thumb Code    30  usart2.o(i.DMA1_Stream6_IRQHandler)
    DMA_ClearFlag                            0x080035c5   Thumb Code    38  stm32f4xx_dma.o(i.DMA_ClearFlag)
    DMA_ClearITPendingBit                    0x080035f9   Thumb Code    38  stm32f4xx_dma.o(i.DMA_ClearITPendingBit)
    DMA_Cmd                                  0x0800362d   Thumb Code    22  stm32f4xx_dma.o(i.DMA_Cmd)
    DMA_DeInit                               0x08003645   Thumb Code   324  stm32f4xx_dma.o(i.DMA_DeInit)
    DMA_GetCmdStatus                         0x0800379d   Thumb Code    20  stm32f4xx_dma.o(i.DMA_GetCmdStatus)
    DMA_GetITStatus                          0x080037b1   Thumb Code    82  stm32f4xx_dma.o(i.DMA_GetITStatus)
    DMA_ITConfig                             0x08003815   Thumb Code    58  stm32f4xx_dma.o(i.DMA_ITConfig)
    DMA_Init                                 0x08003851   Thumb Code    82  stm32f4xx_dma.o(i.DMA_Init)
    DMA_StructInit                           0x080038a9   Thumb Code    34  stm32f4xx_dma.o(i.DMA_StructInit)
    DebugMon_Handler                         0x080038cb   Thumb Code     2  stm32f4xx_it.o(i.DebugMon_Handler)
    F405_Rst                                 0x080038cd   Thumb Code    12  datareceivetask.o(i.F405_Rst)
    FloatData_Draw                           0x080038dd   Thumb Code   250  graphicssendtask.o(i.FloatData_Draw)
    GPIO_Init                                0x080039e5   Thumb Code   144  stm32f4xx_gpio.o(i.GPIO_Init)
    GPIO_PinAFConfig                         0x08003a75   Thumb Code    70  stm32f4xx_gpio.o(i.GPIO_PinAFConfig)
    GPIO_ResetBits                           0x08003abb   Thumb Code     4  stm32f4xx_gpio.o(i.GPIO_ResetBits)
    GPIO_SetBits                             0x08003abf   Thumb Code     4  stm32f4xx_gpio.o(i.GPIO_SetBits)
    GetDeltaT                                0x08003ac5   Thumb Code    48  counter.o(i.GetDeltaT)
    Get_CRC16_Check_Sum                      0x08003afd   Thumb Code    46  algorithmofcrc.o(i.Get_CRC16_Check_Sum)
    Get_CRC8_Check_Sum                       0x08003b31   Thumb Code    30  algorithmofcrc.o(i.Get_CRC8_Check_Sum)
    GraphicSendtask                          0x08003b55   Thumb Code   202  graphicssendtask.o(i.GraphicSendtask)
    HardFault_Handler                        0x08003c3d   Thumb Code     4  stm32f4xx_it.o(i.HardFault_Handler)
    IIC_Ack                                  0x08003c41   Thumb Code    48  i2c.o(i.IIC_Ack)
    IIC_NAck                                 0x08003c79   Thumb Code    48  i2c.o(i.IIC_NAck)
    IIC_Read_Byte                            0x08003cb1   Thumb Code    66  i2c.o(i.IIC_Read_Byte)
    IIC_Send_Byte                            0x08003cfd   Thumb Code    86  i2c.o(i.IIC_Send_Byte)
    IIC_Start                                0x08003d5d   Thumb Code    46  i2c.o(i.IIC_Start)
    IIC_Stop                                 0x08003d95   Thumb Code    44  i2c.o(i.IIC_Stop)
    IIC_Wait_Ack                             0x08003dc9   Thumb Code    64  i2c.o(i.IIC_Wait_Ack)
    INA260_Read                              0x08003e11   Thumb Code   100  ina260.o(i.INA260_Read)
    INA_READ_Current                         0x08003e79   Thumb Code   128  ina260.o(i.INA_READ_Current)
    INA_READ_Power                           0x08003f0d   Thumb Code   134  ina260.o(i.INA_READ_Power)
    INA_READ_Vol                             0x08003fa1   Thumb Code   128  ina260.o(i.INA_READ_Vol)
    IWDG_Config                              0x08004035   Thumb Code    36  iwdg.o(i.IWDG_Config)
    IWDG_Enable                              0x08004059   Thumb Code    10  stm32f4xx_iwdg.o(i.IWDG_Enable)
    IWDG_Feed                                0x08004069   Thumb Code     8  iwdg.o(i.IWDG_Feed)
    IWDG_ReloadCounter                       0x08004071   Thumb Code    10  stm32f4xx_iwdg.o(i.IWDG_ReloadCounter)
    IWDG_SetPrescaler                        0x08004081   Thumb Code     6  stm32f4xx_iwdg.o(i.IWDG_SetPrescaler)
    IWDG_SetReload                           0x0800408d   Thumb Code     6  stm32f4xx_iwdg.o(i.IWDG_SetReload)
    IWDG_WriteAccessCmd                      0x08004099   Thumb Code     6  stm32f4xx_iwdg.o(i.IWDG_WriteAccessCmd)
    JudgeBuffReceive                         0x080040a5   Thumb Code   960  datareceivetask.o(i.JudgeBuffReceive)
    JudgeReceive_task                        0x08004485   Thumb Code    28  datareceivetask.o(i.JudgeReceive_task)
    Judge_Rst                                0x080044a9   Thumb Code    12  main.o(i.Judge_Rst)
    Line_Draw                                0x080044b9   Thumb Code   158  graphicssendtask.o(i.Line_Draw)
    LowPass_SetChassis                       0x0800455d   Thumb Code    96  fir.o(i.LowPass_SetChassis)
    LowPass_SetK                             0x080045cd   Thumb Code    32  fir.o(i.LowPass_SetK)
    LowPass_SetSteer                         0x080045f1   Thumb Code    96  fir.o(i.LowPass_SetSteer)
    MemManage_Handler                        0x08004661   Thumb Code     4  stm32f4xx_it.o(i.MemManage_Handler)
    NMI_Handler                              0x08004665   Thumb Code     2  stm32f4xx_it.o(i.NMI_Handler)
    NVIC_Init                                0x08004669   Thumb Code   106  misc.o(i.NVIC_Init)
    Offline_Check_task                       0x080046e1   Thumb Code   420  main.o(i.Offline_Check_task)
    PID_Calc                                 0x0800489d   Thumb Code   388  pid.o(i.PID_Calc)
    PitchUI_Change                           0x08004a25   Thumb Code   112  graphicssendtask.o(i.PitchUI_Change)
    PowerAdc_Configuration                   0x08004aa5   Thumb Code   266  adc.o(i.PowerAdc_Configuration)
    PowerChargeIO_Configuration              0x08004bc1   Thumb Code    76  adc.o(i.PowerChargeIO_Configuration)
    PowerControl_task                        0x08004c15   Thumb Code   244  powercontroltask.o(i.PowerControl_task)
    PowerDac_Configuration                   0x08004d25   Thumb Code   116  adc.o(i.PowerDac_Configuration)
    PowerLimit                               0x08004d9d   Thumb Code  4374  chassistask.o(i.PowerLimit)
    RCC_AHB1PeriphClockCmd                   0x08005ebd   Thumb Code    26  stm32f4xx_rcc.o(i.RCC_AHB1PeriphClockCmd)
    RCC_APB1PeriphClockCmd                   0x08005edd   Thumb Code    26  stm32f4xx_rcc.o(i.RCC_APB1PeriphClockCmd)
    RCC_APB1PeriphResetCmd                   0x08005efd   Thumb Code    26  stm32f4xx_rcc.o(i.RCC_APB1PeriphResetCmd)
    RCC_APB2PeriphClockCmd                   0x08005f1d   Thumb Code    26  stm32f4xx_rcc.o(i.RCC_APB2PeriphClockCmd)
    RCC_GetClocksFreq                        0x08005f3d   Thumb Code   214  stm32f4xx_rcc.o(i.RCC_GetClocksFreq)
    SDA_IN                                   0x08006025   Thumb Code    38  i2c.o(i.SDA_IN)
    SDA_OUT                                  0x08006051   Thumb Code    60  i2c.o(i.SDA_OUT)
    SEGGER_RTT_SetTerminal                   0x08006095   Thumb Code   146  segger_rtt.o(i.SEGGER_RTT_SetTerminal)
    SEGGER_RTT_Write                         0x08006135   Thumb Code    68  segger_rtt.o(i.SEGGER_RTT_Write)
    SEGGER_RTT_WriteNoLock                   0x0800617d   Thumb Code   126  segger_rtt.o(i.SEGGER_RTT_WriteNoLock)
    SEGGER_RTT_printf                        0x08006201   Thumb Code    34  segger_rtt_printf.o(i.SEGGER_RTT_printf)
    SEGGER_RTT_vprintf                       0x08006223   Thumb Code   522  segger_rtt_printf.o(i.SEGGER_RTT_vprintf)
    Send_UIPack                              0x0800642d   Thumb Code    70  graphicssendtask.o(i.Send_UIPack)
    Send_toReferee                           0x08006479   Thumb Code   130  graphicssendtask.o(i.Send_toReferee)
    ShootLines_Init                          0x08006601   Thumb Code   756  graphicssendtask.o(i.ShootLines_Init)
    SteerCan1Send                            0x08006965   Thumb Code   182  datasendtask.o(i.SteerCan1Send)
    SuperPower_Configuration                 0x08006a25   Thumb Code    32  adc.o(i.SuperPower_Configuration)
    SysTick_Handler                          0x08006a49   Thumb Code     8  stm32f4xx_it.o(i.SysTick_Handler)
    SystemInit                               0x08006a51   Thumb Code    88  system_stm32f4xx.o(i.SystemInit)
    TIM2_Configuration                       0x08006ab9   Thumb Code   104  tim2.o(i.TIM2_Configuration)
    TIM2_IRQHandler                          0x08006b21   Thumb Code    32  tim2.o(i.TIM2_IRQHandler)
    TIM4_Configuration                       0x08006b45   Thumb Code    90  tim4.o(i.TIM4_Configuration)
    TIM4_IRQHandler                          0x08006ba5   Thumb Code   100  tim4.o(i.TIM4_IRQHandler)
    TIM7_IRQHandler                          0x08006c25   Thumb Code    32  os_tick.o(i.TIM7_IRQHandler)
    TIM_ClearFlag                            0x08006c4d   Thumb Code     6  stm32f4xx_tim.o(i.TIM_ClearFlag)
    TIM_ClearITPendingBit                    0x08006c53   Thumb Code     6  stm32f4xx_tim.o(i.TIM_ClearITPendingBit)
    TIM_Cmd                                  0x08006c59   Thumb Code    24  stm32f4xx_tim.o(i.TIM_Cmd)
    TIM_GetCounter                           0x08006c71   Thumb Code     6  stm32f4xx_tim.o(i.TIM_GetCounter)
    TIM_GetITStatus                          0x08006c77   Thumb Code    34  stm32f4xx_tim.o(i.TIM_GetITStatus)
    TIM_ITConfig                             0x08006c99   Thumb Code    18  stm32f4xx_tim.o(i.TIM_ITConfig)
    TIM_SetCounter                           0x08006cab   Thumb Code     4  stm32f4xx_tim.o(i.TIM_SetCounter)
    TIM_TimeBaseInit                         0x08006cb1   Thumb Code   104  stm32f4xx_tim.o(i.TIM_TimeBaseInit)
    UART4_Configuration                      0x08006d35   Thumb Code   458  uart4.o(i.UART4_Configuration)
    USART_Cmd                                0x08006f15   Thumb Code    24  stm32f4xx_usart.o(i.USART_Cmd)
    USART_DMACmd                             0x08006f2d   Thumb Code    18  stm32f4xx_usart.o(i.USART_DMACmd)
    USART_Init                               0x08006f41   Thumb Code   204  stm32f4xx_usart.o(i.USART_Init)
    UsageFault_Handler                       0x08007015   Thumb Code     4  stm32f4xx_it.o(i.UsageFault_Handler)
    VOFA_Send                                0x08007019   Thumb Code   220  usart2.o(i.VOFA_Send)
    VOFA_USART_Configuration                 0x0800710d   Thumb Code   344  usart2.o(i.VOFA_USART_Configuration)
    Verify_CRC16_Check_Sum                   0x0800727d   Thumb Code    60  algorithmofcrc.o(i.Verify_CRC16_Check_Sum)
    Verify_CRC8_Check_Sum                    0x080072bd   Thumb Code    50  algorithmofcrc.o(i.Verify_CRC8_Check_Sum)
    ZeroCheck                                0x080072f5   Thumb Code   186  zerochecktask.o(i.ZeroCheck)
    ZeroCheck_Init                           0x080073bd   Thumb Code    82  zerochecktask.o(i.ZeroCheck_Init)
    ZeroCheck_cal                            0x08007421   Thumb Code   162  zerochecktask.o(i.ZeroCheck_cal)
    __0sprintf$3                             0x08007851   Thumb Code    34  printf3.o(i.__0sprintf$3)
    __1sprintf$3                             0x08007851   Thumb Code     0  printf3.o(i.__0sprintf$3)
    __2sprintf                               0x08007851   Thumb Code     0  printf3.o(i.__0sprintf$3)
    __ARM_fpclassify                         0x08007879   Thumb Code    48  fpclassify.o(i.__ARM_fpclassify)
    __hardfp_atan                            0x080078a9   Thumb Code   622  atan.o(i.__hardfp_atan)
    __hardfp_atan2                           0x08007b81   Thumb Code   432  atan2.o(i.__hardfp_atan2)
    __hardfp_fmodf                           0x08007d71   Thumb Code   176  fmodf.o(i.__hardfp_fmodf)
    __kernel_poly                            0x08007e21   Thumb Code   248  poly.o(i.__kernel_poly)
    __mathlib_dbl_infnan                     0x08007f19   Thumb Code    20  dunder.o(i.__mathlib_dbl_infnan)
    __mathlib_dbl_infnan2                    0x08007f2d   Thumb Code    20  dunder.o(i.__mathlib_dbl_infnan2)
    __mathlib_dbl_underflow                  0x08007f41   Thumb Code    24  dunder.o(i.__mathlib_dbl_underflow)
    __mathlib_flt_invalid                    0x08007f61   Thumb Code    10  funder.o(i.__mathlib_flt_invalid)
    __scatterload_copy                       0x08007f71   Thumb Code    14  handlers.o(i.__scatterload_copy)
    __scatterload_null                       0x08007f7f   Thumb Code     2  handlers.o(i.__scatterload_null)
    __scatterload_zeroinit                   0x08007f81   Thumb Code    14  handlers.o(i.__scatterload_zeroinit)
    __set_errno                              0x08007f91   Thumb Code     6  errno.o(i.__set_errno)
    atan                                     0x0800818d   Thumb Code    16  atan.o(i.atan)
    cal_powerSet                             0x0800819d   Thumb Code   772  chassistask.o(i.cal_powerSet)
    calculateShortestDistance                0x080084d5   Thumb Code   294  chassistask.o(i.calculateShortestDistance)
    calfromPID                               0x08008609   Thumb Code  1388  chassistask.o(i.calfromPID)
    controlSteering_wheel                    0x08008b75   Thumb Code   650  chassistask.o(i.controlSteering_wheel)
    delay_ms                                 0x08008e25   Thumb Code    54  tim2.o(i.delay_ms)
    delay_us_f                               0x08008e5d   Thumb Code    28  tools.o(i.delay_us_f)
    eTaskGetState                            0x08008e7d   Thumb Code    88  tasks.o(i.eTaskGetState)
    fabs                                     0x08008ee9   Thumb Code    24  fabs.o(i.fabs)
    i2c_init                                 0x08008f01   Thumb Code    60  i2c.o(i.i2c_init)
    main                                     0x08008f41   Thumb Code    16  main.o(i.main)
    motion_decomposition                     0x08008f51   Thumb Code  1898  chassistask.o(i.motion_decomposition)
    pvPortMalloc                             0x08009ba1   Thumb Code   188  heap_4.o(i.pvPortMalloc)
    pxPortInitialiseStack                    0x08009c71   Thumb Code    38  port.o(i.pxPortInitialiseStack)
    set_powersate                            0x08009c9d   Thumb Code   266  chassistask.o(i.set_powersate)
    startTast                                0x08009db1   Thumb Code    24  starttask.o(i.startTast)
    start_task                               0x08009ddd   Thumb Code   158  starttask.o(i.start_task)
    super_power_Init                         0x08009f05   Thumb Code   104  powercontroltask.o(i.super_power_Init)
    ulTaskNotifyTake                         0x08009f85   Thumb Code   108  tasks.o(i.ulTaskNotifyTake)
    uxListRemove                             0x08009ff9   Thumb Code    40  list.o(i.uxListRemove)
    uxTaskGetStackHighWaterMark              0x0800a021   Thumb Code    34  tasks.o(i.uxTaskGetStackHighWaterMark)
    uxTaskGetSystemState                     0x0800a049   Thumb Code   154  tasks.o(i.uxTaskGetSystemState)
    vListInitialise                          0x0800a101   Thumb Code    26  list.o(i.vListInitialise)
    vListInitialiseItem                      0x0800a11b   Thumb Code     6  list.o(i.vListInitialiseItem)
    vListInsert                              0x0800a121   Thumb Code    52  list.o(i.vListInsert)
    vListInsertEnd                           0x0800a155   Thumb Code    24  list.o(i.vListInsertEnd)
    vPortEnterCritical                       0x0800a16d   Thumb Code    30  port.o(i.vPortEnterCritical)
    vPortExitCritical                        0x0800a191   Thumb Code    28  port.o(i.vPortExitCritical)
    vPortFree                                0x0800a1b1   Thumb Code    64  heap_4.o(i.vPortFree)
    vPortSetupTimerInterrupt                 0x0800a1f9   Thumb Code    26  port.o(i.vPortSetupTimerInterrupt)
    vTaskDelay                               0x0800a219   Thumb Code    46  tasks.o(i.vTaskDelay)
    vTaskDelayUntil                          0x0800a24d   Thumb Code   106  tasks.o(i.vTaskDelayUntil)
    vTaskDelete                              0x0800a2c1   Thumb Code   166  tasks.o(i.vTaskDelete)
    vTaskGetInfo                             0x0800a38d   Thumb Code   114  tasks.o(i.vTaskGetInfo)
    vTaskGetRunTimeStats                     0x0800a405   Thumb Code   182  tasks.o(i.vTaskGetRunTimeStats)
    vTaskList                                0x0800a4d9   Thumb Code   204  tasks.o(i.vTaskList)
    vTaskStartScheduler                      0x0800a5b9   Thumb Code    76  tasks.o(i.vTaskStartScheduler)
    vTaskSuspendAll                          0x0800a625   Thumb Code    12  tasks.o(i.vTaskSuspendAll)
    vTaskSwitchContext                       0x0800a635   Thumb Code   128  tasks.o(i.vTaskSwitchContext)
    xPortStartScheduler                      0x0800a6d5   Thumb Code    58  port.o(i.xPortStartScheduler)
    xPortSysTickHandler                      0x0800a71d   Thumb Code    46  port.o(i.xPortSysTickHandler)
    xTaskCreate                              0x0800a751   Thumb Code    96  tasks.o(i.xTaskCreate)
    xTaskGenericNotify                       0x0800a7b1   Thumb Code   178  tasks.o(i.xTaskGenericNotify)
    xTaskGetTickCount                        0x0800a875   Thumb Code     6  tasks.o(i.xTaskGetTickCount)
    xTaskIncrementTick                       0x0800a881   Thumb Code   238  tasks.o(i.xTaskIncrementTick)
    xTaskResumeAll                           0x0800a99d   Thumb Code   196  tasks.o(i.xTaskResumeAll)
    wCRC_Table                               0x0800aa84   Data         512  algorithmofcrc.o(.constdata)
    CRC8_INIT                                0x0800ac84   Data           1  algorithmofcrc.o(.constdata)
    CRC8_TAB                                 0x0800ac85   Data         256  algorithmofcrc.o(.constdata)
    __mathlib_zero                           0x0800ae40   Data           8  qnan.o(.constdata)
    sinTable_f32                             0x0800ae48   Data        2052  arm_common_tables.o(.rodata.sinTable_f32)
    Region$$Table$$Base                      0x0800b64c   Number         0  anon$$obj.o(Region$$Table)
    Region$$Table$$Limit                     0x0800b66c   Number         0  anon$$obj.o(Region$$Table)
    Judge_Lost                               0x20000000   Data           1  main.o(.data)
    Offline_Check_high_water                 0x20000004   Data           4  main.o(.data)
    SystemCoreClock                          0x2000000c   Data           4  system_stm32f4xx.o(.data)
    AHBPrescTable                            0x20000010   Data          16  system_stm32f4xx.o(.data)
    CRC_INIT                                 0x20000020   Data           2  algorithmofcrc.o(.data)
    sss                                      0x20000022   Data           2  algorithmofcrc.o(.data)
    K_Low_SetK                               0x20000024   Data           4  fir.o(.data)
    K_Low_SetK1                              0x20000028   Data           4  fir.o(.data)
    K_Low_SetK5                              0x2000002c   Data           4  fir.o(.data)
    test_x                                   0x20000040   Data           4  chassistask.o(.data)
    test_y                                   0x20000044   Data           4  chassistask.o(.data)
    test_w                                   0x20000048   Data           4  chassistask.o(.data)
    filter_en                                0x2000004c   Data           1  chassistask.o(.data)
    test_cnt                                 0x2000004d   Data           4  chassistask.o(.data)
    test_Self_Protect_Limit                  0x20000052   Data           2  chassistask.o(.data)
    test_k_BAT                               0x20000054   Data           4  chassistask.o(.data)
    pre_in                                   0x20000058   Data           4  chassistask.o(.data)
    SelfProtect_Cross_Flag                   0x2000005c   Data           1  chassistask.o(.data)
    Rand_T                                   0x20000060   Data           4  chassistask.o(.data)
    rand_p                                   0x20000064   Data           4  chassistask.o(.data)
    rand_cnt                                 0x20000068   Data           4  chassistask.o(.data)
    rand_w                                   0x2000006c   Data           4  chassistask.o(.data)
    rand_A                                   0x20000070   Data           4  chassistask.o(.data)
    test_rand                                0x20000074   Data           4  chassistask.o(.data)
    Chassis_high_water                       0x20000078   Data           4  chassistask.o(.data)
    testtask                                 0x2000007c   Data           4  chassistask.o(.data)
    CAP_CrossoverFlag                        0x20000084   Data           2  datareceivetask.o(.data)
    CrossoverFlagMax                         0x20000086   Data           2  datareceivetask.o(.data)
    slow_flag                                0x20000088   Data           1  datareceivetask.o(.data)
    Last_chassisPower                        0x2000008c   Data           4  datareceivetask.o(.data)
    TickCount                                0x20000090   Data           1  datareceivetask.o(.data)
    receivePower                             0x20000092   Data           2  datareceivetask.o(.data)
    jdugetemp                                0x20000094   Data           1  datareceivetask.o(.data)
    is_game_start                            0x20000095   Data           1  datareceivetask.o(.data)
    last                                     0x20000098   Data           8  datasendtask.o(.data)
    lastsum                                  0x200000a0   Data           2  datasendtask.o(.data)
    sum                                      0x200000a2   Data           2  datasendtask.o(.data)
    post_out                                 0x200000a4   Data           8  datasendtask.o(.data)
    output_filter                            0x200000ac   Data           1  datasendtask.o(.data)
    K_Power                                  0x200000b0   Data           4  datasendtask.o(.data)
    pitch_change_flag                        0x200000b4   Data           4  graphicssendtask.o(.data)
    cap_percent_change_flag                  0x200000b8   Data           4  graphicssendtask.o(.data)
    BigFrictSpeed_change_flag                0x200000bc   Data           4  graphicssendtask.o(.data)
    Pitch_change_flag                        0x200000c0   Data           4  graphicssendtask.o(.data)
    last_cap_vol                             0x200000c4   Data           4  graphicssendtask.o(.data)
    lastBigFrictSpeed                        0x200000c8   Data           2  graphicssendtask.o(.data)
    DMAsendflag                              0x200000ca   Data           1  graphicssendtask.o(.data)
    RectCenterX                              0x200000cc   Data           2  graphicssendtask.o(.data)
    RectCenterY                              0x200000ce   Data           2  graphicssendtask.o(.data)
    startX                                   0x200000d0   Data           2  graphicssendtask.o(.data)
    startY                                   0x200000d2   Data           2  graphicssendtask.o(.data)
    endX                                     0x200000d4   Data           2  graphicssendtask.o(.data)
    endY                                     0x200000d6   Data           2  graphicssendtask.o(.data)
    angle                                    0x200000d8   Data           4  graphicssendtask.o(.data)
    angle1                                   0x200000dc   Data           4  graphicssendtask.o(.data)
    Length                                   0x200000e0   Data           4  graphicssendtask.o(.data)
    UITask_RunTime                           0x200000e4   Data           4  graphicssendtask.o(.data)
    UISendTask_high_water                    0x200000e8   Data           4  graphicssendtask.o(.data)
    InitFlag                                 0x200000ec   Data           1  graphicssendtask.o(.data)
    Pitch                                    0x200000f0   Data           4  graphicssendtask.o(.data)
    temperate                                0x20000180   Data           4  powercontroltask.o(.data)
    temp3v3                                  0x20000184   Data           4  powercontroltask.o(.data)
    I_Set                                    0x20000188   Data           4  powercontroltask.o(.data)
    Chassis_Run_Flag                         0x2000018c   Data           1  powercontroltask.o(.data)
    ChargeState                              0x2000018d   Data           1  powercontroltask.o(.data)
    last_i_set                               0x20000190   Data           4  powercontroltask.o(.data)
    I_Set_Jump                               0x20000194   Data           4  powercontroltask.o(.data)
    Actual_Iset                              0x20000198   Data           4  powercontroltask.o(.data)
    test_current                             0x2000019c   Data           4  powercontroltask.o(.data)
    t                                        0x200001a0   Data           4  powercontroltask.o(.data)
    PowerControl_high_water                  0x200001a4   Data           4  powercontroltask.o(.data)
    readVol                                  0x200001a8   Data           4  powercontroltask.o(.data)
    CPU_high_water                           0x200001b0   Data           4  cpu_task.o(.data)
    pxCurrentTCB                             0x200001b4   Data           4  tasks.o(.data)
    Tim2_usCnt                               0x20000214   Data           4  tim2.o(.data)
    spi_timer                                0x20000218   Data           2  tim4.o(.data)
    start_time_SD                            0x2000021c   Data           4  tim4.o(.data)
    SD_init_flag                             0x20000220   Data           1  tim4.o(.data)
    JudgeReveice_Flag                        0x20000221   Data           1  uart4.o(.data)
    LastCNT32                                0x20000228   Data           4  counter.o(.data)
    CPU_RunTime                              0x20000240   Data           4  os_tick.o(.data)
    Robot_Disconnect                         0x2000025c   Data          56  main.o(.bss)
    F105                                     0x20000298   Data          12  chassistask.o(.bss)
    powerlimit                               0x200002a8   Data         536  chassistask.o(.bss)
    chassis                                  0x200004c0   Data        1064  chassistask.o(.bss)
    SaveBuffer                               0x200008e8   Data          90  datareceivetask.o(.bss)
    JudgeReceive                             0x20000944   Data          60  datareceivetask.o(.bss)
    F405                                     0x20000980   Data          14  datareceivetask.o(.bss)
    chassisSpeed                             0x2000098e   Data          18  datareceivetask.o(.bss)
    motor_rec_temp                           0x200009a0   Data          16  datareceivetask.o(.bss)
    vol_change_array                         0x200009b0   Data          36  graphicssendtask.o(.bss)
    Transmit_Pack                            0x200009d4   Data         128  graphicssendtask.o(.bss)
    data_pack                                0x20000a54   Data         105  graphicssendtask.o(.bss)
    superpower                               0x20000b08   Data          88  powercontroltask.o(.bss)
    ChargeCtl                                0x20000b60   Data          64  powercontroltask.o(.bss)
    User_Tasks                               0x20000ba0   Data          28  starttask.o(.bss)
    WriteBuffer                              0x20000bbc   Data         350  sdcardtask.o(.bss)
    ReadBuffer                               0x20000d1a   Data         100  sdcardtask.o(.bss)
    sd_read_var                              0x20000d80   Data          24  sdcardtask.o(.bss)
    sd_status                                0x20000d98   Data        8304  sdcardtask.o(.bss)
    SD_saver                                 0x20002e08   Data          84  sdcardtask.o(.bss)
    CPU_RunInfo1                             0x20002e5c   Data         400  cpu_task.o(.bss)
    CPU_RunInfo2                             0x20002fec   Data         400  cpu_task.o(.bss)
    Mark                                     0x2000317c   Data          28  cpu_task.o(.bss)
    ZeroCheck_Yaw_Steering                   0x20003198   Data          80  zerochecktask.o(.bss)
    rx_message_1                             0x200078cc   Data          20  can1.o(.bss)
    ADC_ConvertedValue                       0x200078e0   Data         180  adc.o(.bss)
    INA260_1                                 0x20007994   Data          16  ina260.o(.bss)
    INA260_2                                 0x200079a4   Data          16  ina260.o(.bss)
    VOFA_justfloat                           0x200079b4   Data          40  usart2.o(.bss)
    VOFA_send_Data                           0x200079dc   Data          44  usart2.o(.bss)
    dma                                      0x20007a08   Data          60  usart2.o(.bss)
    JudgeReceiveBuffer                       0x20007a44   Data          45  uart4.o(.bss)
    JudgeSend                                0x20007a71   Data         128  uart4.o(.bss)
    SysTime                                  0x20007af4   Data          12  counter.o(.bss)
    _SEGGER_RTT                              0x20007b00   Data         168  segger_rtt.o(.bss)
    __initial_sp                             0x200083b8   Data           0  startup_stm32f40_41xxx.o(STACK)



==============================================================================

Memory Map of the image

  Image Entry point : 0x08000189

  Load Region LR_IROM1 (Base: 0x08000000, Size: 0x0000b8c8, Max: 0x00100000, ABSOLUTE, COMPRESSED[0x0000b728])

    Execution Region ER_IROM1 (Exec base: 0x08000000, Load base: 0x08000000, Size: 0x0000b66c, Max: 0x00100000, ABSOLUTE)

    Exec Addr    Load Addr    Size         Type   Attr      Idx    E Section Name        Object

    0x08000000   0x08000000   0x00000188   Data   RO         2363    RESET               startup_stm32f40_41xxx.o
    0x08000188   0x08000188   0x00000000   Code   RO         6141  * .ARM.Collect$$$$00000000  mc_w.l(entry.o)
    0x08000188   0x08000188   0x00000004   Code   RO         6488    .ARM.Collect$$$$00000001  mc_w.l(entry2.o)
    0x0800018c   0x0800018c   0x00000004   Code   RO         6491    .ARM.Collect$$$$00000004  mc_w.l(entry5.o)
    0x08000190   0x08000190   0x00000000   Code   RO         6493    .ARM.Collect$$$$00000008  mc_w.l(entry7b.o)
    0x08000190   0x08000190   0x00000000   Code   RO         6495    .ARM.Collect$$$$0000000A  mc_w.l(entry8b.o)
    0x08000190   0x08000190   0x00000008   Code   RO         6496    .ARM.Collect$$$$0000000B  mc_w.l(entry9a.o)
    0x08000198   0x08000198   0x00000000   Code   RO         6498    .ARM.Collect$$$$0000000D  mc_w.l(entry10a.o)
    0x08000198   0x08000198   0x00000000   Code   RO         6500    .ARM.Collect$$$$0000000F  mc_w.l(entry11a.o)
    0x08000198   0x08000198   0x00000004   Code   RO         6489    .ARM.Collect$$$$00002712  mc_w.l(entry2.o)
    0x0800019c   0x0800019c   0x000000b6   Code   RO         4476    .emb_text           port.o
    0x08000252   0x08000252   0x00000002   PAD
    0x08000254   0x08000254   0x00000024   Code   RO         2364    .text               startup_stm32f40_41xxx.o
    0x08000278   0x08000278   0x00000024   Code   RO         6146    .text               mc_w.l(memcpya.o)
    0x0800029c   0x0800029c   0x00000024   Code   RO         6148    .text               mc_w.l(memseta.o)
    0x080002c0   0x080002c0   0x0000000e   Code   RO         6150    .text               mc_w.l(strlen.o)
    0x080002ce   0x080002ce   0x00000012   Code   RO         6152    .text               mc_w.l(strcpy.o)
    0x080002e0   0x080002e0   0x0000014e   Code   RO         6417    .text               mf_w.l(dadd.o)
    0x0800042e   0x0800042e   0x000000e4   Code   RO         6419    .text               mf_w.l(dmul.o)
    0x08000512   0x08000512   0x000000de   Code   RO         6421    .text               mf_w.l(ddiv.o)
    0x080005f0   0x080005f0   0x00000022   Code   RO         6425    .text               mf_w.l(dflti.o)
    0x08000612   0x08000612   0x0000001a   Code   RO         6427    .text               mf_w.l(dfltui.o)
    0x0800062c   0x0800062c   0x00000032   Code   RO         6429    .text               mf_w.l(dfixui.o)
    0x0800065e   0x0800065e   0x00000026   Code   RO         6431    .text               mf_w.l(f2d.o)
    0x08000684   0x08000684   0x00000030   Code   RO         6433    .text               mf_w.l(cdcmple.o)
    0x080006b4   0x080006b4   0x00000030   Code   RO         6435    .text               mf_w.l(cdrcmple.o)
    0x080006e4   0x080006e4   0x00000038   Code   RO         6437    .text               mf_w.l(d2f.o)
    0x0800071c   0x0800071c   0x0000002c   Code   RO         6505    .text               mc_w.l(uidiv.o)
    0x08000748   0x08000748   0x0000001e   Code   RO         6507    .text               mc_w.l(llshl.o)
    0x08000766   0x08000766   0x00000020   Code   RO         6509    .text               mc_w.l(llushr.o)
    0x08000786   0x08000786   0x00000024   Code   RO         6511    .text               mc_w.l(llsshr.o)
    0x080007aa   0x080007aa   0x00000000   Code   RO         6520    .text               mc_w.l(iusefp.o)
    0x080007aa   0x080007aa   0x0000006e   Code   RO         6521    .text               mf_w.l(fepilogue.o)
    0x08000818   0x08000818   0x00000052   Code   RO         6523    .text               mf_w.l(frem.o)
    0x0800086a   0x0800086a   0x000000ba   Code   RO         6525    .text               mf_w.l(depilogue.o)
    0x08000924   0x08000924   0x00000024   Code   RO         6533    .text               mc_w.l(init.o)
    0x08000948   0x08000948   0x00000056   Code   RO         6545    .text               mc_w.l(__dczerorl2.o)
    0x0800099e   0x0800099e   0x00000002   PAD
    0x080009a0   0x080009a0   0x00000098   Code   RO         5980    .text.arm_cos_f32   arm_cortexM4lf_math.lib(arm_cos_f32.o)
    0x08000a38   0x08000a38   0x00000090   Code   RO         5989    .text.arm_sin_f32   arm_cortexM4lf_math.lib(arm_sin_f32.o)
    0x08000ac8   0x08000ac8   0x00000016   Code   RO          613    i.ADC_Cmd           stm32f4xx_adc.o
    0x08000ade   0x08000ade   0x00000016   Code   RO          617    i.ADC_DMACmd        stm32f4xx_adc.o
    0x08000af4   0x08000af4   0x00000016   Code   RO          618    i.ADC_DMARequestAfterLastTransferCmd  stm32f4xx_adc.o
    0x08000b0a   0x08000b0a   0x00000002   PAD
    0x08000b0c   0x08000b0c   0x000000e8   Code   RO         3453    i.ADC_Filter        powercontroltask.o
    0x08000bf4   0x08000bf4   0x00000054   Code   RO          633    i.ADC_Init          stm32f4xx_adc.o
    0x08000c48   0x08000c48   0x000000b8   Code   RO          638    i.ADC_RegularChannelConfig  stm32f4xx_adc.o
    0x08000d00   0x08000d00   0x0000000a   Code   RO          640    i.ADC_SoftwareStartConv  stm32f4xx_adc.o
    0x08000d0a   0x08000d0a   0x00000002   PAD
    0x08000d0c   0x08000d0c   0x0000002c   Code   RO          643    i.ADC_TempSensorVrefintCmd  stm32f4xx_adc.o
    0x08000d38   0x08000d38   0x0000011c   Code   RO         3084    i.Add_vector        chassistask.o
    0x08000e54   0x08000e54   0x00000030   Code   RO          383    i.Append_CRC16_Check_Sum  algorithmofcrc.o
    0x08000e84   0x08000e84   0x00000024   Code   RO          384    i.Append_CRC8_Check_Sum  algorithmofcrc.o
    0x08000ea8   0x08000ea8   0x000000b0   Code   RO            3    i.BSP_Init          main.o
    0x08000f58   0x08000f58   0x00000024   Code   RO         3454    i.Bat_use           powercontroltask.o
    0x08000f7c   0x08000f7c   0x000000b8   Code   RO         3085    i.BuildF105         chassistask.o
    0x08001034   0x08001034   0x00000004   Code   RO          261    i.BusFault_Handler  stm32f4xx_it.o
    0x08001038   0x08001038   0x00000188   Code   RO         4555    i.CAN1_Configuration  can1.o
    0x080011c0   0x080011c0   0x00000038   Code   RO         4556    i.CAN1_RX0_IRQHandler  can1.o
    0x080011f8   0x080011f8   0x00000038   Code   RO         4557    i.CAN1_RX1_IRQHandler  can1.o
    0x08001230   0x08001230   0x0000011c   Code   RO         4590    i.CAN2_Configuration  can2.o
    0x0800134c   0x0800134c   0x00000030   Code   RO         4591    i.CAN2_RX0_IRQHandler  can2.o
    0x0800137c   0x0800137c   0x000000a8   Code   RO          851    i.CAN_ClearITPendingBit  stm32f4xx_can.o
    0x08001424   0x08001424   0x00000038   Code   RO          853    i.CAN_DeInit        stm32f4xx_can.o
    0x0800145c   0x0800145c   0x00000108   Code   RO          855    i.CAN_FilterInit    stm32f4xx_can.o
    0x08001564   0x08001564   0x00000120   Code   RO          857    i.CAN_GetITStatus   stm32f4xx_can.o
    0x08001684   0x08001684   0x00000012   Code   RO          861    i.CAN_ITConfig      stm32f4xx_can.o
    0x08001696   0x08001696   0x00000114   Code   RO          862    i.CAN_Init          stm32f4xx_can.o
    0x080017aa   0x080017aa   0x000000f0   Code   RO          865    i.CAN_Receive       stm32f4xx_can.o
    0x0800189a   0x0800189a   0x00000020   Code   RO          868    i.CAN_StructInit    stm32f4xx_can.o
    0x080018ba   0x080018ba   0x00000126   Code   RO          870    i.CAN_Transmit      stm32f4xx_can.o
    0x080019e0   0x080019e0   0x00000024   Code   RO         3455    i.CAP_use           powercontroltask.o
    0x08001a04   0x08001a04   0x0000004c   Code   RO         4965    i.COUNTER_Configuration  counter.o
    0x08001a50   0x08001a50   0x00000194   Code   RO         3616    i.CPU_task          cpu_task.o
    0x08001be4   0x08001be4   0x00000124   Code   RO         3223    i.Can1Receive0      datareceivetask.o
    0x08001d08   0x08001d08   0x00000194   Code   RO         3224    i.Can1Receive1      datareceivetask.o
    0x08001e9c   0x08001e9c   0x00000128   Code   RO         3225    i.Can2Receive1      datareceivetask.o
    0x08001fc4   0x08001fc4   0x00000030   Code   RO         3278    i.Can2Send0         datasendtask.o
    0x08001ff4   0x08001ff4   0x00000038   Code   RO         3279    i.Can2Send1         datasendtask.o
    0x0800202c   0x0800202c   0x00000034   Code   RO         3280    i.Can2Send2         datasendtask.o
    0x08002060   0x08002060   0x00000080   Code   RO         3327    i.CapUI_Change      graphicssendtask.o
    0x080020e0   0x080020e0   0x00000190   Code   RO         3328    i.CarPosture_Change  graphicssendtask.o
    0x08002270   0x08002270   0x000004e8   Code   RO         3329    i.CharChange        graphicssendtask.o
    0x08002758   0x08002758   0x000000c4   Code   RO         3330    i.CharGraphic_Draw  graphicssendtask.o
    0x0800281c   0x0800281c   0x00000078   Code   RO         3331    i.Char_Draw         graphicssendtask.o
    0x08002894   0x08002894   0x00000194   Code   RO         3332    i.Char_Init         graphicssendtask.o
    0x08002a28   0x08002a28   0x00000100   Code   RO         3456    i.ChargeControl     powercontroltask.o
    0x08002b28   0x08002b28   0x00000064   Code   RO         3457    i.ChargeIO_Configuration  powercontroltask.o
    0x08002b8c   0x08002b8c   0x00000088   Code   RO         3458    i.Charge_Set        powercontroltask.o
    0x08002c14   0x08002c14   0x000000ec   Code   RO         3281    i.ChassisCan1Send   datasendtask.o
    0x08002d00   0x08002d00   0x00000124   Code   RO         3086    i.ChassisSteer_cal  chassistask.o
    0x08002e24   0x08002e24   0x00000034   Code   RO         3087    i.Chassis_Current_send  chassistask.o
    0x08002e58   0x08002e58   0x000002a4   Code   RO         3088    i.Chassis_Init      chassistask.o
    0x080030fc   0x080030fc   0x00000208   Code   RO         3089    i.Chassis_Loop_Cal  chassistask.o
    0x08003304   0x08003304   0x0000006c   Code   RO         3090    i.Chassis_Speed_Cal  chassistask.o
    0x08003370   0x08003370   0x00000098   Code   RO         3091    i.Chassis_task      chassistask.o
    0x08003408   0x08003408   0x00000012   Code   RO          873    i.CheckITStatus     stm32f4xx_can.o
    0x0800341a   0x0800341a   0x00000002   PAD
    0x0800341c   0x0800341c   0x00000080   Code   RO         4866    i.DAC1_Init         dac.o
    0x0800349c   0x0800349c   0x00000028   Code   RO         2756    i.DAC_Cmd           stm32f4xx_dac.o
    0x080034c4   0x080034c4   0x00000034   Code   RO         2764    i.DAC_Init          stm32f4xx_dac.o
    0x080034f8   0x080034f8   0x00000020   Code   RO         2765    i.DAC_SetChannel1Data  stm32f4xx_dac.o
    0x08003518   0x08003518   0x00000020   Code   RO         2766    i.DAC_SetChannel2Data  stm32f4xx_dac.o
    0x08003538   0x08003538   0x00000028   Code   RO         4928    i.DMA1_Stream2_IRQHandler  uart4.o
    0x08003560   0x08003560   0x0000003c   Code   RO         4929    i.DMA1_Stream4_IRQHandler  uart4.o
    0x0800359c   0x0800359c   0x00000028   Code   RO         4892    i.DMA1_Stream6_IRQHandler  usart2.o
    0x080035c4   0x080035c4   0x00000034   Code   RO         1012    i.DMA_ClearFlag     stm32f4xx_dma.o
    0x080035f8   0x080035f8   0x00000034   Code   RO         1013    i.DMA_ClearITPendingBit  stm32f4xx_dma.o
    0x0800362c   0x0800362c   0x00000016   Code   RO         1014    i.DMA_Cmd           stm32f4xx_dma.o
    0x08003642   0x08003642   0x00000002   PAD
    0x08003644   0x08003644   0x00000158   Code   RO         1015    i.DMA_DeInit        stm32f4xx_dma.o
    0x0800379c   0x0800379c   0x00000014   Code   RO         1019    i.DMA_GetCmdStatus  stm32f4xx_dma.o
    0x080037b0   0x080037b0   0x00000064   Code   RO         1024    i.DMA_GetITStatus   stm32f4xx_dma.o
    0x08003814   0x08003814   0x0000003a   Code   RO         1025    i.DMA_ITConfig      stm32f4xx_dma.o
    0x0800384e   0x0800384e   0x00000002   PAD
    0x08003850   0x08003850   0x00000058   Code   RO         1026    i.DMA_Init          stm32f4xx_dma.o
    0x080038a8   0x080038a8   0x00000022   Code   RO         1030    i.DMA_StructInit    stm32f4xx_dma.o
    0x080038ca   0x080038ca   0x00000002   Code   RO          262    i.DebugMon_Handler  stm32f4xx_it.o
    0x080038cc   0x080038cc   0x00000010   Code   RO         3226    i.F405_Rst          datareceivetask.o
    0x080038dc   0x080038dc   0x00000108   Code   RO         3335    i.FloatData_Draw    graphicssendtask.o
    0x080039e4   0x080039e4   0x00000090   Code   RO         1460    i.GPIO_Init         stm32f4xx_gpio.o
    0x08003a74   0x08003a74   0x00000046   Code   RO         1461    i.GPIO_PinAFConfig  stm32f4xx_gpio.o
    0x08003aba   0x08003aba   0x00000004   Code   RO         1467    i.GPIO_ResetBits    stm32f4xx_gpio.o
    0x08003abe   0x08003abe   0x00000004   Code   RO         1468    i.GPIO_SetBits      stm32f4xx_gpio.o
    0x08003ac2   0x08003ac2   0x00000002   PAD
    0x08003ac4   0x08003ac4   0x00000038   Code   RO         4967    i.GetDeltaT         counter.o
    0x08003afc   0x08003afc   0x00000034   Code   RO          385    i.Get_CRC16_Check_Sum  algorithmofcrc.o
    0x08003b30   0x08003b30   0x00000024   Code   RO          386    i.Get_CRC8_Check_Sum  algorithmofcrc.o
    0x08003b54   0x08003b54   0x000000e8   Code   RO         3336    i.GraphicSendtask   graphicssendtask.o
    0x08003c3c   0x08003c3c   0x00000004   Code   RO          263    i.HardFault_Handler  stm32f4xx_it.o
    0x08003c40   0x08003c40   0x00000038   Code   RO         4751    i.IIC_Ack           i2c.o
    0x08003c78   0x08003c78   0x00000038   Code   RO         4752    i.IIC_NAck          i2c.o
    0x08003cb0   0x08003cb0   0x0000004c   Code   RO         4753    i.IIC_Read_Byte     i2c.o
    0x08003cfc   0x08003cfc   0x00000060   Code   RO         4754    i.IIC_Send_Byte     i2c.o
    0x08003d5c   0x08003d5c   0x00000038   Code   RO         4755    i.IIC_Start         i2c.o
    0x08003d94   0x08003d94   0x00000034   Code   RO         4756    i.IIC_Stop          i2c.o
    0x08003dc8   0x08003dc8   0x00000048   Code   RO         4757    i.IIC_Wait_Ack      i2c.o
    0x08003e10   0x08003e10   0x00000068   Code   RO         4825    i.INA260_Read       ina260.o
    0x08003e78   0x08003e78   0x00000094   Code   RO         4826    i.INA_READ_Current  ina260.o
    0x08003f0c   0x08003f0c   0x00000094   Code   RO         4827    i.INA_READ_Power    ina260.o
    0x08003fa0   0x08003fa0   0x00000094   Code   RO         4828    i.INA_READ_Vol      ina260.o
    0x08004034   0x08004034   0x00000024   Code   RO         4616    i.IWDG_Config       iwdg.o
    0x08004058   0x08004058   0x00000010   Code   RO         2704    i.IWDG_Enable       stm32f4xx_iwdg.o
    0x08004068   0x08004068   0x00000008   Code   RO         4617    i.IWDG_Feed         iwdg.o
    0x08004070   0x08004070   0x00000010   Code   RO         2706    i.IWDG_ReloadCounter  stm32f4xx_iwdg.o
    0x08004080   0x08004080   0x0000000c   Code   RO         2707    i.IWDG_SetPrescaler  stm32f4xx_iwdg.o
    0x0800408c   0x0800408c   0x0000000c   Code   RO         2708    i.IWDG_SetReload    stm32f4xx_iwdg.o
    0x08004098   0x08004098   0x0000000c   Code   RO         2709    i.IWDG_WriteAccessCmd  stm32f4xx_iwdg.o
    0x080040a4   0x080040a4   0x000003e0   Code   RO         3227    i.JudgeBuffReceive  datareceivetask.o
    0x08004484   0x08004484   0x00000024   Code   RO         3228    i.JudgeReceive_task  datareceivetask.o
    0x080044a8   0x080044a8   0x00000010   Code   RO            4    i.Judge_Rst         main.o
    0x080044b8   0x080044b8   0x000000a4   Code   RO         3338    i.Line_Draw         graphicssendtask.o
    0x0800455c   0x0800455c   0x00000070   Code   RO          483    i.LowPass_SetChassis  fir.o
    0x080045cc   0x080045cc   0x00000024   Code   RO          484    i.LowPass_SetK      fir.o
    0x080045f0   0x080045f0   0x00000070   Code   RO          487    i.LowPass_SetSteer  fir.o
    0x08004660   0x08004660   0x00000004   Code   RO          264    i.MemManage_Handler  stm32f4xx_it.o
    0x08004664   0x08004664   0x00000002   Code   RO          265    i.NMI_Handler       stm32f4xx_it.o
    0x08004666   0x08004666   0x00000002   PAD
    0x08004668   0x08004668   0x00000078   Code   RO          563    i.NVIC_Init         misc.o
    0x080046e0   0x080046e0   0x000001bc   Code   RO            5    i.Offline_Check_task  main.o
    0x0800489c   0x0800489c   0x00000188   Code   RO          543    i.PID_Calc          pid.o
    0x08004a24   0x08004a24   0x00000080   Code   RO         3339    i.PitchUI_Change    graphicssendtask.o
    0x08004aa4   0x08004aa4   0x0000011c   Code   RO         4707    i.PowerAdc_Configuration  adc.o
    0x08004bc0   0x08004bc0   0x00000054   Code   RO         4708    i.PowerChargeIO_Configuration  adc.o
    0x08004c14   0x08004c14   0x00000110   Code   RO         3459    i.PowerControl_task  powercontroltask.o
    0x08004d24   0x08004d24   0x00000078   Code   RO         4709    i.PowerDac_Configuration  adc.o
    0x08004d9c   0x08004d9c   0x00001120   Code   RO         3092    i.PowerLimit        chassistask.o
    0x08005ebc   0x08005ebc   0x00000020   Code   RO         2370    i.RCC_AHB1PeriphClockCmd  stm32f4xx_rcc.o
    0x08005edc   0x08005edc   0x00000020   Code   RO         2379    i.RCC_APB1PeriphClockCmd  stm32f4xx_rcc.o
    0x08005efc   0x08005efc   0x00000020   Code   RO         2381    i.RCC_APB1PeriphResetCmd  stm32f4xx_rcc.o
    0x08005f1c   0x08005f1c   0x00000020   Code   RO         2382    i.RCC_APB2PeriphClockCmd  stm32f4xx_rcc.o
    0x08005f3c   0x08005f3c   0x000000e8   Code   RO         2391    i.RCC_GetClocksFreq  stm32f4xx_rcc.o
    0x08006024   0x08006024   0x0000002c   Code   RO         4758    i.SDA_IN            i2c.o
    0x08006050   0x08006050   0x00000044   Code   RO         4759    i.SDA_OUT           i2c.o
    0x08006094   0x08006094   0x000000a0   Code   RO         5736    i.SEGGER_RTT_SetTerminal  segger_rtt.o
    0x08006134   0x08006134   0x00000048   Code   RO         5739    i.SEGGER_RTT_Write  segger_rtt.o
    0x0800617c   0x0800617c   0x00000084   Code   RO         5742    i.SEGGER_RTT_WriteNoLock  segger_rtt.o
    0x08006200   0x08006200   0x00000022   Code   RO         5945    i.SEGGER_RTT_printf  segger_rtt_printf.o
    0x08006222   0x08006222   0x0000020a   Code   RO         5946    i.SEGGER_RTT_vprintf  segger_rtt_printf.o
    0x0800642c   0x0800642c   0x0000004c   Code   RO         3341    i.Send_UIPack       graphicssendtask.o
    0x08006478   0x08006478   0x0000009c   Code   RO         3342    i.Send_toReferee    graphicssendtask.o
    0x08006514   0x08006514   0x000000ec   Code   RO          346    i.SetSysClock       system_stm32f4xx.o
    0x08006600   0x08006600   0x00000364   Code   RO         3343    i.ShootLines_Init   graphicssendtask.o
    0x08006964   0x08006964   0x000000c0   Code   RO         3282    i.SteerCan1Send     datasendtask.o
    0x08006a24   0x08006a24   0x00000024   Code   RO         4710    i.SuperPower_Configuration  adc.o
    0x08006a48   0x08006a48   0x00000008   Code   RO          266    i.SysTick_Handler   stm32f4xx_it.o
    0x08006a50   0x08006a50   0x00000068   Code   RO          348    i.SystemInit        system_stm32f4xx.o
    0x08006ab8   0x08006ab8   0x00000068   Code   RO         4642    i.TIM2_Configuration  tim2.o
    0x08006b20   0x08006b20   0x00000024   Code   RO         4643    i.TIM2_IRQHandler   tim2.o
    0x08006b44   0x08006b44   0x00000060   Code   RO         4677    i.TIM4_Configuration  tim4.o
    0x08006ba4   0x08006ba4   0x00000080   Code   RO         4678    i.TIM4_IRQHandler   tim4.o
    0x08006c24   0x08006c24   0x00000028   Code   RO         5670    i.TIM7_IRQHandler   os_tick.o
    0x08006c4c   0x08006c4c   0x00000006   Code   RO         1623    i.TIM_ClearFlag     stm32f4xx_tim.o
    0x08006c52   0x08006c52   0x00000006   Code   RO         1624    i.TIM_ClearITPendingBit  stm32f4xx_tim.o
    0x08006c58   0x08006c58   0x00000018   Code   RO         1629    i.TIM_Cmd           stm32f4xx_tim.o
    0x08006c70   0x08006c70   0x00000006   Code   RO         1648    i.TIM_GetCounter    stm32f4xx_tim.o
    0x08006c76   0x08006c76   0x00000022   Code   RO         1650    i.TIM_GetITStatus   stm32f4xx_tim.o
    0x08006c98   0x08006c98   0x00000012   Code   RO         1654    i.TIM_ITConfig      stm32f4xx_tim.o
    0x08006caa   0x08006caa   0x00000004   Code   RO         1695    i.TIM_SetCounter    stm32f4xx_tim.o
    0x08006cae   0x08006cae   0x00000002   PAD
    0x08006cb0   0x08006cb0   0x00000084   Code   RO         1701    i.TIM_TimeBaseInit  stm32f4xx_tim.o
    0x08006d34   0x08006d34   0x000001e0   Code   RO         4930    i.UART4_Configuration  uart4.o
    0x08006f14   0x08006f14   0x00000018   Code   RO         2179    i.USART_Cmd         stm32f4xx_usart.o
    0x08006f2c   0x08006f2c   0x00000012   Code   RO         2180    i.USART_DMACmd      stm32f4xx_usart.o
    0x08006f3e   0x08006f3e   0x00000002   PAD
    0x08006f40   0x08006f40   0x000000d4   Code   RO         2186    i.USART_Init        stm32f4xx_usart.o
    0x08007014   0x08007014   0x00000004   Code   RO          267    i.UsageFault_Handler  stm32f4xx_it.o
    0x08007018   0x08007018   0x000000f4   Code   RO         4893    i.VOFA_Send         usart2.o
    0x0800710c   0x0800710c   0x00000170   Code   RO         4894    i.VOFA_USART_Configuration  usart2.o
    0x0800727c   0x0800727c   0x00000040   Code   RO          387    i.Verify_CRC16_Check_Sum  algorithmofcrc.o
    0x080072bc   0x080072bc   0x00000038   Code   RO          388    i.Verify_CRC8_Check_Sum  algorithmofcrc.o
    0x080072f4   0x080072f4   0x000000c8   Code   RO         3674    i.ZeroCheck         zerochecktask.o
    0x080073bc   0x080073bc   0x00000064   Code   RO         3675    i.ZeroCheck_Init    zerochecktask.o
    0x08007420   0x08007420   0x000000b8   Code   RO         3676    i.ZeroCheck_cal     zerochecktask.o
    0x080074d8   0x080074d8   0x00000070   Code   RO         5746    i._DoInit           segger_rtt.o
    0x08007548   0x08007548   0x0000001c   Code   RO         5747    i._GetAvailWriteSpace  segger_rtt.o
    0x08007564   0x08007564   0x000000ec   Code   RO         5947    i._PrintInt         segger_rtt_printf.o
    0x08007650   0x08007650   0x000000ec   Code   RO         5948    i._PrintUnsigned    segger_rtt_printf.o
    0x0800773c   0x0800773c   0x00000044   Code   RO         5949    i._StoreChar        segger_rtt_printf.o
    0x08007780   0x08007780   0x00000076   Code   RO         5749    i._WriteBlocking    segger_rtt.o
    0x080077f6   0x080077f6   0x00000058   Code   RO         5750    i._WriteNoCheck     segger_rtt.o
    0x0800784e   0x0800784e   0x00000002   PAD
    0x08007850   0x08007850   0x00000028   Code   RO         6247    i.__0sprintf$3      mc_w.l(printf3.o)
    0x08007878   0x08007878   0x00000030   Code   RO         6529    i.__ARM_fpclassify  m_wm.l(fpclassify.o)
    0x080078a8   0x080078a8   0x000002d8   Code   RO         6439    i.__hardfp_atan     m_wm.l(atan.o)
    0x08007b80   0x08007b80   0x000001f0   Code   RO         6117    i.__hardfp_atan2    m_wm.l(atan2.o)
    0x08007d70   0x08007d70   0x000000b0   Code   RO         6129    i.__hardfp_fmodf    m_wm.l(fmodf.o)
    0x08007e20   0x08007e20   0x000000f8   Code   RO         6531    i.__kernel_poly     m_wm.l(poly.o)
    0x08007f18   0x08007f18   0x00000014   Code   RO         6454    i.__mathlib_dbl_infnan  m_wm.l(dunder.o)
    0x08007f2c   0x08007f2c   0x00000014   Code   RO         6455    i.__mathlib_dbl_infnan2  m_wm.l(dunder.o)
    0x08007f40   0x08007f40   0x00000020   Code   RO         6459    i.__mathlib_dbl_underflow  m_wm.l(dunder.o)
    0x08007f60   0x08007f60   0x00000010   Code   RO         6476    i.__mathlib_flt_invalid  m_wm.l(funder.o)
    0x08007f70   0x08007f70   0x0000000e   Code   RO         6539    i.__scatterload_copy  mc_w.l(handlers.o)
    0x08007f7e   0x08007f7e   0x00000002   Code   RO         6540    i.__scatterload_null  mc_w.l(handlers.o)
    0x08007f80   0x08007f80   0x0000000e   Code   RO         6541    i.__scatterload_zeroinit  mc_w.l(handlers.o)
    0x08007f8e   0x08007f8e   0x00000002   PAD
    0x08007f90   0x08007f90   0x0000000c   Code   RO         6515    i.__set_errno       mc_w.l(errno.o)
    0x08007f9c   0x08007f9c   0x000001b8   Code   RO         6252    i._printf_core      mc_w.l(printf3.o)
    0x08008154   0x08008154   0x0000000a   Code   RO         6254    i._sputc            mc_w.l(printf3.o)
    0x0800815e   0x0800815e   0x00000002   PAD
    0x08008160   0x08008160   0x0000002c   Code   RO         3093    i.arm_sqrt_f32      chassistask.o
    0x0800818c   0x0800818c   0x00000010   Code   RO         6441    i.atan              m_wm.l(atan.o)
    0x0800819c   0x0800819c   0x00000338   Code   RO         3094    i.cal_powerSet      chassistask.o
    0x080084d4   0x080084d4   0x00000134   Code   RO         3096    i.calculateShortestDistance  chassistask.o
    0x08008608   0x08008608   0x0000056c   Code   RO         3097    i.calfromPID        chassistask.o
    0x08008b74   0x08008b74   0x000002b0   Code   RO         3098    i.controlSteering_wheel  chassistask.o
    0x08008e24   0x08008e24   0x00000036   Code   RO         4644    i.delay_ms          tim2.o
    0x08008e5a   0x08008e5a   0x00000002   PAD
    0x08008e5c   0x08008e5c   0x00000020   Code   RO         5697    i.delay_us_f        tools.o
    0x08008e7c   0x08008e7c   0x0000006c   Code   RO         4050    i.eTaskGetState     tasks.o
    0x08008ee8   0x08008ee8   0x00000018   Code   RO         6469    i.fabs              m_wm.l(fabs.o)
    0x08008f00   0x08008f00   0x00000040   Code   RO         4760    i.i2c_init          i2c.o
    0x08008f40   0x08008f40   0x00000010   Code   RO            6    i.main              main.o
    0x08008f50   0x08008f50   0x0000078c   Code   RO         3099    i.motion_decomposition  chassistask.o
    0x080096dc   0x080096dc   0x00000098   Code   RO         4052    i.prvAddCurrentTaskToDelayedList  tasks.o
    0x08009774   0x08009774   0x000000b8   Code   RO         4053    i.prvAddNewTaskToReadyList  tasks.o
    0x0800982c   0x0800982c   0x00000064   Code   RO         4054    i.prvCheckTasksWaitingTermination  tasks.o
    0x08009890   0x08009890   0x00000012   Code   RO         4055    i.prvDeleteTCB      tasks.o
    0x080098a2   0x080098a2   0x00000002   PAD
    0x080098a4   0x080098a4   0x0000007c   Code   RO         4419    i.prvHeapInit       heap_4.o
    0x08009920   0x08009920   0x00000028   Code   RO         4056    i.prvIdleTask       tasks.o
    0x08009948   0x08009948   0x00000090   Code   RO         4057    i.prvInitialiseNewTask  tasks.o
    0x080099d8   0x080099d8   0x00000068   Code   RO         4058    i.prvInitialiseTaskLists  tasks.o
    0x08009a40   0x08009a40   0x00000068   Code   RO         4420    i.prvInsertBlockIntoFreeList  heap_4.o
    0x08009aa8   0x08009aa8   0x0000006a   Code   RO         4059    i.prvListTasksWithinSingleList  tasks.o
    0x08009b12   0x08009b12   0x00000002   PAD
    0x08009b14   0x08009b14   0x00000034   Code   RO         4060    i.prvResetNextTaskUnblockTime  tasks.o
    0x08009b48   0x08009b48   0x00000016   Code   RO         4061    i.prvTaskCheckFreeStackSpace  tasks.o
    0x08009b5e   0x08009b5e   0x00000016   Code   RO         4477    i.prvTaskExitError  port.o
    0x08009b74   0x08009b74   0x0000002a   Code   RO         4063    i.prvWriteNameToBuffer  tasks.o
    0x08009b9e   0x08009b9e   0x00000002   PAD
    0x08009ba0   0x08009ba0   0x000000d0   Code   RO         4421    i.pvPortMalloc      heap_4.o
    0x08009c70   0x08009c70   0x0000002c   Code   RO         4478    i.pxPortInitialiseStack  port.o
    0x08009c9c   0x08009c9c   0x00000114   Code   RO         3101    i.set_powersate     chassistask.o
    0x08009db0   0x08009db0   0x0000002c   Code   RO         3530    i.startTast         starttask.o
    0x08009ddc   0x08009ddc   0x00000128   Code   RO         3531    i.start_task        starttask.o
    0x08009f04   0x08009f04   0x00000080   Code   RO         3461    i.super_power_Init  powercontroltask.o
    0x08009f84   0x08009f84   0x00000074   Code   RO         4064    i.ulTaskNotifyTake  tasks.o
    0x08009ff8   0x08009ff8   0x00000028   Code   RO         3833    i.uxListRemove      list.o
    0x0800a020   0x0800a020   0x00000028   Code   RO         4066    i.uxTaskGetStackHighWaterMark  tasks.o
    0x0800a048   0x0800a048   0x000000b8   Code   RO         4067    i.uxTaskGetSystemState  tasks.o
    0x0800a100   0x0800a100   0x0000001a   Code   RO         3834    i.vListInitialise   list.o
    0x0800a11a   0x0800a11a   0x00000006   Code   RO         3835    i.vListInitialiseItem  list.o
    0x0800a120   0x0800a120   0x00000034   Code   RO         3836    i.vListInsert       list.o
    0x0800a154   0x0800a154   0x00000018   Code   RO         3837    i.vListInsertEnd    list.o
    0x0800a16c   0x0800a16c   0x00000024   Code   RO         4480    i.vPortEnterCritical  port.o
    0x0800a190   0x0800a190   0x00000020   Code   RO         4481    i.vPortExitCritical  port.o
    0x0800a1b0   0x0800a1b0   0x00000048   Code   RO         4422    i.vPortFree         heap_4.o
    0x0800a1f8   0x0800a1f8   0x00000020   Code   RO         4482    i.vPortSetupTimerInterrupt  port.o
    0x0800a218   0x0800a218   0x00000034   Code   RO         4072    i.vTaskDelay        tasks.o
    0x0800a24c   0x0800a24c   0x00000074   Code   RO         4073    i.vTaskDelayUntil   tasks.o
    0x0800a2c0   0x0800a2c0   0x000000cc   Code   RO         4074    i.vTaskDelete       tasks.o
    0x0800a38c   0x0800a38c   0x00000078   Code   RO         4076    i.vTaskGetInfo      tasks.o
    0x0800a404   0x0800a404   0x000000d4   Code   RO         4077    i.vTaskGetRunTimeStats  tasks.o
    0x0800a4d8   0x0800a4d8   0x000000e0   Code   RO         4078    i.vTaskList         tasks.o
    0x0800a5b8   0x0800a5b8   0x0000006c   Code   RO         4087    i.vTaskStartScheduler  tasks.o
    0x0800a624   0x0800a624   0x00000010   Code   RO         4089    i.vTaskSuspendAll   tasks.o
    0x0800a634   0x0800a634   0x000000a0   Code   RO         4090    i.vTaskSwitchContext  tasks.o
    0x0800a6d4   0x0800a6d4   0x00000048   Code   RO         4483    i.xPortStartScheduler  port.o
    0x0800a71c   0x0800a71c   0x00000034   Code   RO         4484    i.xPortSysTickHandler  port.o
    0x0800a750   0x0800a750   0x00000060   Code   RO         4092    i.xTaskCreate       tasks.o
    0x0800a7b0   0x0800a7b0   0x000000c4   Code   RO         4093    i.xTaskGenericNotify  tasks.o
    0x0800a874   0x0800a874   0x0000000c   Code   RO         4096    i.xTaskGetTickCount  tasks.o
    0x0800a880   0x0800a880   0x0000011c   Code   RO         4098    i.xTaskIncrementTick  tasks.o
    0x0800a99c   0x0800a99c   0x000000e8   Code   RO         4103    i.xTaskResumeAll    tasks.o
    0x0800aa84   0x0800aa84   0x00000301   Data   RO          389    .constdata          algorithmofcrc.o
    0x0800ad85   0x0800ad85   0x00000011   Data   RO         5752    .constdata          segger_rtt.o
    0x0800ad96   0x0800ad96   0x00000010   Data   RO         5950    .constdata          segger_rtt_printf.o
    0x0800ada6   0x0800ada6   0x00000002   PAD
    0x0800ada8   0x0800ada8   0x00000098   Data   RO         6442    .constdata          m_wm.l(atan.o)
    0x0800ae40   0x0800ae40   0x00000008   Data   RO         6487    .constdata          m_wm.l(qnan.o)
    0x0800ae48   0x0800ae48   0x00000804   Data   RO         6110    .rodata.sinTable_f32  arm_cortexM4lf_math.lib(arm_common_tables.o)
    0x0800b64c   0x0800b64c   0x00000020   Data   RO         6537    Region$$Table       anon$$obj.o


    Execution Region RW_IRAM1 (Exec base: 0x20000000, Load base: 0x0800b66c, Size: 0x000083b8, Max: 0x00020000, ABSOLUTE, COMPRESSED[0x000000bc])

    Exec Addr    Load Addr    Size         Type   Attr      Idx    E Section Name        Object

    0x20000000   COMPRESSED   0x0000000c   Data   RW            8    .data               main.o
    0x2000000c   COMPRESSED   0x00000014   Data   RW          349    .data               system_stm32f4xx.o
    0x20000020   COMPRESSED   0x00000004   Data   RW          390    .data               algorithmofcrc.o
    0x20000024   COMPRESSED   0x0000000c   Data   RW          491    .data               fir.o
    0x20000030   COMPRESSED   0x00000010   Data   RW         2423    .data               stm32f4xx_rcc.o
    0x20000040   COMPRESSED   0x00000042   Data   RW         3103    .data               chassistask.o
    0x20000082   COMPRESSED   0x00000002   PAD
    0x20000084   COMPRESSED   0x00000012   Data   RW         3230    .data               datareceivetask.o
    0x20000096   COMPRESSED   0x00000002   PAD
    0x20000098   COMPRESSED   0x0000001c   Data   RW         3283    .data               datasendtask.o
    0x200000b4   COMPRESSED   0x000000cc   Data   RW         3345    .data               graphicssendtask.o
    0x20000180   COMPRESSED   0x0000002c   Data   RW         3463    .data               powercontroltask.o
    0x200001ac   COMPRESSED   0x00000004   Data   RW         3533    .data               starttask.o
    0x200001b0   COMPRESSED   0x00000004   Data   RW         3618    .data               cpu_task.o
    0x200001b4   COMPRESSED   0x00000044   Data   RW         4106    .data               tasks.o
    0x200001f8   COMPRESSED   0x00000018   Data   RW         4427    .data               heap_4.o
    0x20000210   COMPRESSED   0x00000004   Data   RW         4485    .data               port.o
    0x20000214   COMPRESSED   0x00000004   Data   RW         4645    .data               tim2.o
    0x20000218   COMPRESSED   0x00000009   Data   RW         4679    .data               tim4.o
    0x20000221   COMPRESSED   0x00000001   Data   RW         4932    .data               uart4.o
    0x20000222   COMPRESSED   0x00000006   PAD
    0x20000228   COMPRESSED   0x00000018   Data   RW         4975    .data               counter.o
    0x20000240   COMPRESSED   0x00000004   Data   RW         5671    .data               os_tick.o
    0x20000244   COMPRESSED   0x00000011   Data   RW         5753    .data               segger_rtt.o
    0x20000255   COMPRESSED   0x00000003   PAD
    0x20000258   COMPRESSED   0x00000004   Data   RW         6516    .data               mc_w.l(errno.o)
    0x2000025c        -       0x00000038   Zero   RW            7    .bss                main.o
    0x20000294   COMPRESSED   0x00000004   PAD
    0x20000298        -       0x00000650   Zero   RW         3102    .bss                chassistask.o
    0x200008e8        -       0x000000c8   Zero   RW         3229    .bss                datareceivetask.o
    0x200009b0        -       0x00000158   Zero   RW         3344    .bss                graphicssendtask.o
    0x20000b08        -       0x00000098   Zero   RW         3462    .bss                powercontroltask.o
    0x20000ba0        -       0x0000001c   Zero   RW         3532    .bss                starttask.o
    0x20000bbc        -       0x000022a0   Zero   RW         3566    .bss                sdcardtask.o
    0x20002e5c        -       0x0000033c   Zero   RW         3617    .bss                cpu_task.o
    0x20003198        -       0x00000050   Zero   RW         3677    .bss                zerochecktask.o
    0x200031e8        -       0x000002e4   Zero   RW         4105    .bss                tasks.o
    0x200034cc        -       0x00004400   Zero   RW         4426    .bss                heap_4.o
    0x200078cc        -       0x00000014   Zero   RW         4558    .bss                can1.o
    0x200078e0        -       0x000000b4   Zero   RW         4711    .bss                adc.o
    0x20007994        -       0x00000020   Zero   RW         4829    .bss                ina260.o
    0x200079b4        -       0x00000090   Zero   RW         4895    .bss                usart2.o
    0x20007a44        -       0x000000ad   Zero   RW         4931    .bss                uart4.o
    0x20007af1   COMPRESSED   0x00000003   PAD
    0x20007af4        -       0x0000000c   Zero   RW         4974    .bss                counter.o
    0x20007b00        -       0x000004b8   Zero   RW         5751    .bss                segger_rtt.o
    0x20007fb8        -       0x00000400   Zero   RW         2361    STACK               startup_stm32f40_41xxx.o


==============================================================================

Image component sizes


      Code (inc. data)   RO Data    RW Data    ZI Data      Debug   Object Name

       524         34          0          0        180       2896   adc.o
       292         26        769          4          0       7766   algorithmofcrc.o
       504         30          0          0         20       2088   can1.o
       332         14          0          0          0       1295   can2.o
     12112        630          0         66       1616      31862   chassistask.o
       132         20          0         24         12       2176   counter.o
       404        222          0          4        828       2520   cpu_task.o
       128          4          0          0          0        620   dac.o
      2036         88          0         18        200       5550   datareceivetask.o
       584         56          0         28          0       4403   datasendtask.o
         0          0          0          0          0       1472   event_groups.o
       260         36          0         12          0       2799   fir.o
      4392        544          0        204        344      17003   graphicssendtask.o
       508         62          0         24      17408       3843   heap_4.o
       640         80          0          0          0       5353   i2c.o
       548         58          0          0         32       2573   ina260.o
        44          0          0          0          0       1046   iwdg.o
       148          0          0          0          0       3218   list.o
       652         48          0         12         56     395414   main.o
       120         14          0          0          0        996   misc.o
        40          8          0          4          0       1028   os_tick.o
       392          4          0          0          0        975   pid.o
       472         58          0          4          0       9500   port.o
      1196        156          0         44        152       5343   powercontroltask.o
         0          0          0          0       8864       1579   sdcardtask.o
       710         54         17         17       1208      10499   segger_rtt.o
      1096          6         16          0          0       5869   segger_rtt_printf.o
       340        158          0          4         28       2010   starttask.o
        36          8        392          0       1024        848   startup_stm32f40_41xxx.o
       388         20          0          0          0       5433   stm32f4xx_adc.o
      1654         22          0          0          0       7484   stm32f4xx_can.o
       156         24          0          0          0       3033   stm32f4xx_dac.o
       770         72          0          0          0       6879   stm32f4xx_dma.o
       222          0          0          0          0       2859   stm32f4xx_gpio.o
        28          0          0          0          0       3143   stm32f4xx_it.o
        68         30          0          0          0       2550   stm32f4xx_iwdg.o
       360         42          0         16          0       5172   stm32f4xx_rcc.o
       230         28          0          0          0       5288   stm32f4xx_tim.o
       254          8          0          0          0       2644   stm32f4xx_usart.o
       340         32          0         20          0       1717   system_stm32f4xx.o
      3444        476          0         68        740      32440   tasks.o
       194          4          0          4          0       1815   tim2.o
       224         34          0          9          0       1458   tim4.o
        32          4          0          0          0        577   tools.o
       580         50          0          1        173       2675   uart4.o
       652         58          0          0        144       2862   usart2.o
       484         54          0          0         80       2356   zerochecktask.o

    ----------------------------------------------------------------------
     38752       3376       1228        600      33116     622929   Object Totals
         0          0         32          0          0          0   (incl. Generated)
        30          0          2         13          7          0   (incl. Padding)

    ----------------------------------------------------------------------

      Code (inc. data)   RO Data    RW Data    ZI Data      Debug   Library Member Name

         0          0       2052          0          0       6294   arm_common_tables.o
       152         12          0          0          0       1104   arm_cos_f32.o
       144         12          0          0          0       1092   arm_sin_f32.o
       744        106        152          0          0        352   atan.o
       496         64          0          0          0        192   atan2.o
        72          8          0          0          0        372   dunder.o
        24          0          0          0          0        124   fabs.o
       176          0          0          0          0        168   fmodf.o
        48          0          0          0          0        124   fpclassify.o
        16          6          0          0          0        116   funder.o
       248          0          0          0          0        152   poly.o
         0          0          8          0          0          0   qnan.o
        86          0          0          0          0          0   __dczerorl2.o
         0          0          0          0          0          0   entry.o
         0          0          0          0          0          0   entry10a.o
         0          0          0          0          0          0   entry11a.o
         8          4          0          0          0          0   entry2.o
         4          0          0          0          0          0   entry5.o
         0          0          0          0          0          0   entry7b.o
         0          0          0          0          0          0   entry8b.o
         8          4          0          0          0          0   entry9a.o
        12          6          0          4          0         68   errno.o
        30          0          0          0          0          0   handlers.o
        36          8          0          0          0         68   init.o
         0          0          0          0          0          0   iusefp.o
        30          0          0          0          0         68   llshl.o
        36          0          0          0          0         68   llsshr.o
        32          0          0          0          0         68   llushr.o
        36          0          0          0          0         68   memcpya.o
        36          0          0          0          0        108   memseta.o
       490         10          0          0          0        252   printf3.o
        18          0          0          0          0         68   strcpy.o
        14          0          0          0          0         68   strlen.o
        44          0          0          0          0         80   uidiv.o
        48          0          0          0          0         68   cdcmple.o
        48          0          0          0          0         68   cdrcmple.o
        56          0          0          0          0         88   d2f.o
       334          0          0          0          0        148   dadd.o
       222          0          0          0          0        100   ddiv.o
       186          0          0          0          0        176   depilogue.o
        50          0          0          0          0         76   dfixui.o
        34          0          0          0          0         76   dflti.o
        26          0          0          0          0         76   dfltui.o
       228          0          0          0          0         96   dmul.o
        38          0          0          0          0         68   f2d.o
       110          0          0          0          0        168   fepilogue.o
        82          0          0          0          0         96   frem.o

    ----------------------------------------------------------------------
      4508        240       2212          4          0      12378   Library Totals
         6          0          0          0          0          0   (incl. Padding)

    ----------------------------------------------------------------------

      Code (inc. data)   RO Data    RW Data    ZI Data      Debug   Library Name

       296         24       2052          0          0       8490   arm_cortexM4lf_math.lib
      1824        184        160          0          0       1600   m_wm.l
       920         32          0          4          0        984   mc_w.l
      1462          0          0          0          0       1304   mf_w.l

    ----------------------------------------------------------------------
      4508        240       2212          4          0      12378   Library Totals

    ----------------------------------------------------------------------

==============================================================================


      Code (inc. data)   RO Data    RW Data    ZI Data      Debug   

     43260       3616       3440        604      33116     611179   Grand Totals
     43260       3616       3440        188      33116     611179   ELF Image Totals (compressed)
     43260       3616       3440        188          0          0   ROM Totals

==============================================================================

    Total RO  Size (Code + RO Data)                46700 (  45.61kB)
    Total RW  Size (RW Data + ZI Data)             33720 (  32.93kB)
    Total ROM Size (Code + RO Data + RW Data)      46888 (  45.79kB)

==============================================================================

