Component: ARM Compiler 5.06 update 6 (build 750) Tool: armlink [4d35ed]

==============================================================================

Section Cross References

    main.o(i.BSP_Init) refers to usart3.o(i.USART3_Configuration) for USART3_Configuration
    main.o(i.BSP_Init) refers to tools.o(i.delay_ms) for delay_ms
    main.o(i.BSP_Init) refers to pc_uart.o(i.PC_UART_Configuration) for PC_UART_Configuration
    main.o(i.BSP_Init) refers to microsw.o(i.MicroSwConfigration) for MicroSwConfigration
    main.o(i.BSP_Init) refers to steeringengine.o(i.SteeringEngine_Configuration) for SteeringEngine_Configuration
    main.o(i.BSP_Init) refers to can1.o(i.CAN1_Configuration) for CAN1_Configuration
    main.o(i.BSP_Init) refers to can2.o(i.CAN2_Configuration) for CAN2_Configuration
    main.o(i.BSP_Init) refers to counter.o(i.COUNTER_Configuration) for COUNTER_Configuration
    main.o(i.Infantry_Init) refers to main.o(.bss) for Infantry
    main.o(i.Offline_Check_task) refers to start_task.o(i.Robot_Stop) for Robot_Stop
    main.o(i.Offline_Check_task) refers to start_task.o(i.Robot_Recover) for Robot_Recover
    main.o(i.Offline_Check_task) refers to start_task.o(i.Shoot_Stop) for Shoot_Stop
    main.o(i.Offline_Check_task) refers to start_task.o(i.Shoot_Recover) for Shoot_Recover
    main.o(i.Offline_Check_task) refers to datareceivetask.o(i.RC_Rst) for RC_Rst
    main.o(i.Offline_Check_task) refers to datareceivetask.o(i.F105_Rst) for F105_Rst
    main.o(i.Offline_Check_task) refers to iwdg.o(i.IWDG_Feed) for IWDG_Feed
    main.o(i.Offline_Check_task) refers to tasks.o(i.vTaskDelay) for vTaskDelay
    main.o(i.Offline_Check_task) refers to tasks.o(i.uxTaskGetStackHighWaterMark) for uxTaskGetStackHighWaterMark
    main.o(i.Offline_Check_task) refers to datareceivetask.o(.bss) for Robot_Disconnect
    main.o(i.Offline_Check_task) refers to gimbaltask.o(.data) for ControlMode
    main.o(i.Offline_Check_task) refers to main.o(.data) for Judge_Lost
    main.o(i.Robot_Init) refers to zerochecktask.o(i.ZeroCheck_Init) for ZeroCheck_Init
    main.o(i.Robot_Init) refers to main.o(i.Infantry_Init) for Infantry_Init
    main.o(i.Robot_Init) refers to chassistask.o(i.Pid_ChassisPosition_Init) for Pid_ChassisPosition_Init
    main.o(i.Robot_Init) refers to gimbaltask.o(i.PidGimbalMotor_Init) for PidGimbalMotor_Init
    main.o(i.Robot_Init) refers to shoottask.o(i.Pid_BodanMotor_Init) for Pid_BodanMotor_Init
    main.o(i.Robot_Init) refers to shoottask.o(i.Pid_Friction_Init) for Pid_Friction_Init
    main.o(i.Robot_Init) refers to debug.o(i.checkIMUOn) for checkIMUOn
    main.o(i.Robot_Init) refers to ins.o(i.INS_Init) for INS_Init
    main.o(i.Robot_Init) refers to icm20602.o(i.ICM20602_init) for ICM20602_init
    main.o(i.Robot_Init) refers to debug.o(.bss) for global_debugger
    main.o(i.Robot_Init) refers to gimbalestimatetask.o(.bss) for IMUData
    main.o(i.main) refers to main.o(i.Infantry_Init) for Infantry_Init
    main.o(i.main) refers to main.o(i.BSP_Init) for BSP_Init
    main.o(i.main) refers to main.o(i.Robot_Init) for Robot_Init
    main.o(i.main) refers to start_task.o(i.startTast) for startTast
    main.o(i.main) refers to tasks.o(i.vTaskStartScheduler) for vTaskStartScheduler
    stm32f4xx_it.o(i.SysTick_Handler) refers to port.o(i.xPortSysTickHandler) for xPortSysTickHandler
    system_stm32f4xx.o(i.SystemCoreClockUpdate) refers to system_stm32f4xx.o(.data) for SystemCoreClock
    system_stm32f4xx.o(i.SystemInit) refers to system_stm32f4xx.o(i.SetSysClock) for SetSysClock
    startup_stm32f40_41xxx.o(RESET) refers to startup_stm32f40_41xxx.o(STACK) for __initial_sp
    startup_stm32f40_41xxx.o(RESET) refers to startup_stm32f40_41xxx.o(.text) for Reset_Handler
    startup_stm32f40_41xxx.o(RESET) refers to stm32f4xx_it.o(i.NMI_Handler) for NMI_Handler
    startup_stm32f40_41xxx.o(RESET) refers to stm32f4xx_it.o(i.HardFault_Handler) for HardFault_Handler
    startup_stm32f40_41xxx.o(RESET) refers to stm32f4xx_it.o(i.MemManage_Handler) for MemManage_Handler
    startup_stm32f40_41xxx.o(RESET) refers to stm32f4xx_it.o(i.BusFault_Handler) for BusFault_Handler
    startup_stm32f40_41xxx.o(RESET) refers to stm32f4xx_it.o(i.UsageFault_Handler) for UsageFault_Handler
    startup_stm32f40_41xxx.o(RESET) refers to port.o(.emb_text) for SVC_Handler
    startup_stm32f40_41xxx.o(RESET) refers to stm32f4xx_it.o(i.DebugMon_Handler) for DebugMon_Handler
    startup_stm32f40_41xxx.o(RESET) refers to stm32f4xx_it.o(i.SysTick_Handler) for SysTick_Handler
    startup_stm32f40_41xxx.o(RESET) refers to pc_uart.o(i.DMA1_Stream6_IRQHandler) for DMA1_Stream6_IRQHandler
    startup_stm32f40_41xxx.o(RESET) refers to can1.o(i.CAN1_TX_IRQHandler) for CAN1_TX_IRQHandler
    startup_stm32f40_41xxx.o(RESET) refers to can1.o(i.CAN1_RX0_IRQHandler) for CAN1_RX0_IRQHandler
    startup_stm32f40_41xxx.o(RESET) refers to can1.o(i.CAN1_RX1_IRQHandler) for CAN1_RX1_IRQHandler
[...]
    __hardfp_sin                             0x0800d171   Thumb Code   180  sin.o(i.__hardfp_sin)
    __hardfp_tan                             0x0800d239   Thumb Code   108  tan.o(i.__hardfp_tan)
    __ieee754_rem_pio2                       0x0800d2b9   Thumb Code   938  rred.o(i.__ieee754_rem_pio2)
    __kernel_cos                             0x0800d6f1   Thumb Code   322  cos_i.o(i.__kernel_cos)
    __kernel_poly                            0x0800d861   Thumb Code   248  poly.o(i.__kernel_poly)
    __kernel_sin                             0x0800d959   Thumb Code   280  sin_i.o(i.__kernel_sin)
    __kernel_tan                             0x0800da89   Thumb Code   764  tan_i.o(i.__kernel_tan)
    __mathlib_dbl_infnan                     0x0800ddd9   Thumb Code    20  dunder.o(i.__mathlib_dbl_infnan)
    __mathlib_dbl_invalid                    0x0800ddf1   Thumb Code    24  dunder.o(i.__mathlib_dbl_invalid)
    __mathlib_dbl_underflow                  0x0800de11   Thumb Code    24  dunder.o(i.__mathlib_dbl_underflow)
    __mathlib_flt_infnan                     0x0800de31   Thumb Code     6  funder.o(i.__mathlib_flt_infnan)
    __mathlib_flt_infnan2                    0x0800de37   Thumb Code     6  funder.o(i.__mathlib_flt_infnan2)
    __mathlib_flt_invalid                    0x0800de3d   Thumb Code    10  funder.o(i.__mathlib_flt_invalid)
    __mathlib_flt_underflow                  0x0800de4d   Thumb Code    10  funder.o(i.__mathlib_flt_underflow)
    __scatterload_copy                       0x0800de5d   Thumb Code    14  handlers.o(i.__scatterload_copy)
    __scatterload_null                       0x0800de6b   Thumb Code     2  handlers.o(i.__scatterload_null)
    __scatterload_zeroinit                   0x0800de6d   Thumb Code    14  handlers.o(i.__scatterload_zeroinit)
    __set_errno                              0x0800de7d   Thumb Code     6  errno.o(i.__set_errno)
    checkIMUOn                               0x0800e04d   Thumb Code    80  debug.o(i.checkIMUOn)
    clust2sect                               0x0800e151   Thumb Code    26  ff.o(i.clust2sect)
    delay_ms                                 0x0800e359   Thumb Code    30  tools.o(i.delay_ms)
    disk_initialize                          0x0800e66b   Thumb Code    42  diskio.o(i.disk_initialize)
    disk_ioctl                               0x0800e695   Thumb Code   102  diskio.o(i.disk_ioctl)
    disk_read                                0x0800e701   Thumb Code    86  diskio.o(i.disk_read)
    disk_status                              0x0800e757   Thumb Code    28  diskio.o(i.disk_status)
    disk_write                               0x0800e773   Thumb Code    92  diskio.o(i.disk_write)
    f_close                                  0x0800e7cf   Thumb Code    32  ff.o(i.f_close)
    f_lseek                                  0x0800e7ef   Thumb Code   410  ff.o(i.f_lseek)
    f_mount                                  0x0800e989   Thumb Code    86  ff.o(i.f_mount)
    f_open                                   0x0800e9e5   Thumb Code   374  ff.o(i.f_open)
    f_sync                                   0x0800eb5b   Thumb Code   176  ff.o(i.f_sync)
    f_write                                  0x0800ec0b   Thumb Code   524  ff.o(i.f_write)
    fabs                                     0x0800ee17   Thumb Code    24  fabs.o(i.fabs)
    get_F                                    0x0800f299   Thumb Code   312  gimbaltask.o(i.get_F)
    get_fat                                  0x0800f3f5   Thumb Code   318  ff.o(i.get_fat)
    get_fattime                              0x0800f535   Thumb Code     4  diskio.o(i.get_fattime)
    main                                     0x0800f5e1   Thumb Code    24  main.o(i.main)
    malloc                                   0x0800f5f9   Thumb Code    92  malloc.o(i.malloc)
    put_fat                                  0x0800fb19   Thumb Code   392  ff.o(i.put_fat)
    pvPortMalloc                             0x0800fca1   Thumb Code   188  heap_4.o(i.pvPortMalloc)
    pxPortInitialiseStack                    0x0800fd71   Thumb Code    38  port.o(i.pxPortInitialiseStack)
    sqrtf                                    0x0800fe09   Thumb Code    62  sqrtf.o(i.sqrtf)
    startTast                                0x0800fe59   Thumb Code    24  start_task.o(i.startTast)
    start_task                               0x0800fe85   Thumb Code   242  start_task.o(i.start_task)
    ulTaskNotifyTake                         0x0801015d   Thumb Code   112  tasks.o(i.ulTaskNotifyTake)
    uxListRemove                             0x080101d9   Thumb Code    40  list.o(i.uxListRemove)
    uxTaskGetStackHighWaterMark              0x08010201   Thumb Code    34  tasks.o(i.uxTaskGetStackHighWaterMark)
    vListInitialise                          0x08010229   Thumb Code    26  list.o(i.vListInitialise)
    vListInitialiseItem                      0x08010243   Thumb Code     6  list.o(i.vListInitialiseItem)
    vListInsert                              0x08010249   Thumb Code    52  list.o(i.vListInsert)
    vListInsertEnd                           0x0801027d   Thumb Code    24  list.o(i.vListInsertEnd)
    vPortEnterCritical                       0x08010295   Thumb Code    30  port.o(i.vPortEnterCritical)
    vPortExitCritical                        0x080102b9   Thumb Code    28  port.o(i.vPortExitCritical)
    vPortFree                                0x080102d9   Thumb Code    64  heap_4.o(i.vPortFree)
    vPortSetupTimerInterrupt                 0x08010321   Thumb Code    26  port.o(i.vPortSetupTimerInterrupt)
    vTaskDelay                               0x08010341   Thumb Code    46  tasks.o(i.vTaskDelay)
    vTaskDelayUntil                          0x08010375   Thumb Code   106  tasks.o(i.vTaskDelayUntil)
    vTaskDelete                              0x080103e9   Thumb Code   166  tasks.o(i.vTaskDelete)
    vTaskStartScheduler                      0x080104b5   Thumb Code    76  tasks.o(i.vTaskStartScheduler)
    vTaskSuspendAll                          0x08010521   Thumb Code    12  tasks.o(i.vTaskSuspendAll)
    vTaskSwitchContext                       0x08010531   Thumb Code   128  tasks.o(i.vTaskSwitchContext)
    xPortStartScheduler                      0x08010605   Thumb Code    58  port.o(i.xPortStartScheduler)
    xPortSysTickHandler                      0x0801064d   Thumb Code    46  port.o(i.xPortSysTickHandler)
    xTaskCreate                              0x08010681   Thumb Code    96  tasks.o(i.xTaskCreate)
    xTaskGenericNotify                       0x080106e1   Thumb Code   178  tasks.o(i.xTaskGenericNotify)
    xTaskGetTickCount                        0x080107a5   Thumb Code     6  tasks.o(i.xTaskGetTickCount)
    xTaskIncrementTick                       0x080107b1   Thumb Code   238  tasks.o(i.xTaskIncrementTick)
    xTaskResumeAll                           0x080108cd   Thumb Code   196  tasks.o(i.xTaskResumeAll)
    wCRC_Table                               0x080109b4   Data         512  algorithmofcrc.o(.constdata)
    CRC8_INIT                                0x08010bb4   Data           1  algorithmofcrc.o(.constdata)
    CRC8_TAB                                 0x08010bb5   Data         256  algorithmofcrc.o(.constdata)
    xb                                       0x08010cb8   Data          12  ins.o(.constdata)
    yb                                       0x08010cc4   Data          12  ins.o(.constdata)
    zb                                       0x08010cd0   Data          12  ins.o(.constdata)
    IMU_QuaternionEKF_F                      0x08010ce8   Data         144  quaternionekf.o(.constdata)
    Region$$Table$$Base                      0x08011718   Number         0  anon$$obj.o(Region$$Table)
    Region$$Table$$Limit                     0x08011738   Number         0  anon$$obj.o(Region$$Table)
    run_time_check                           0x20000000   Data           4  main.o(.data)
    fric_flag                                0x20000004   Data           2  main.o(.data)
    Judge_Lost                               0x20000006   Data           1  main.o(.data)
    Offline_Check_high_water                 0x20000008   Data           4  main.o(.data)
    SystemCoreClock                          0x2000000c   Data           4  system_stm32f4xx.o(.data)
    AHBPrescTable                            0x20000010   Data          16  system_stm32f4xx.o(.data)
    magazineState                            0x20000030   Data           1  steeringengine.o(.data)
    mag_place                                0x20000034   Data           4  steeringengine.o(.data)
    Remote_Receive_Flag                      0x20000038   Data           1  usart3.o(.data)
    LastCNT32                                0x20000040   Data           4  counter.o(.data)
    CPU_RunTime                              0x20000058   Data           4  os_tick.o(.data)
    pc_pitch                                 0x2000005c   Data           4  pc_serial.o(.data)
    pc_yaw                                   0x20000060   Data           4  pc_serial.o(.data)
    PC_Shoot_flag                            0x20000064   Data           1  pc_serial.o(.data)
    last_shoot_flag                          0x20000065   Data           1  pc_serial.o(.data)
    SD_Type                                  0x20000066   Data           1  bsp_spi_sdcard.o(.data)
    CRC_INIT                                 0x20000068   Data           2  algorithmofcrc.o(.data)
    sss                                      0x2000006a   Data           2  algorithmofcrc.o(.data)
    ChassisAct_Init_Flag                     0x2000006c   Data           2  chassistask.o(.data)
    Theta                                    0x20000070   Data           4  chassistask.o(.data)
    SinTheTa                                 0x20000074   Data           4  chassistask.o(.data)
    CosTheTa                                 0x20000078   Data           4  chassistask.o(.data)
    TanTheTa                                 0x2000007c   Data           4  chassistask.o(.data)
    Theta0                                   0x20000080   Data           4  chassistask.o(.data)
    Speed_Theta                              0x20000084   Data           4  chassistask.o(.data)
    Theta_chassis                            0x20000088   Data           4  chassistask.o(.data)
    SelfProtect_Cross_Flag                   0x2000008c   Data           1  chassistask.o(.data)
    ResetPos                                 0x20000090   Data           4  chassistask.o(.data)
    LastChassisSpeed                         0x20000094   Data           4  chassistask.o(.data)
    LPF_FOLLOW                               0x20000098   Data           4  chassistask.o(.data)
    LPF_FOLLOW_POS                           0x2000009c   Data           4  chassistask.o(.data)
    chassis                                  0x200000a0   Data           6  chassistask.o(.data)
    test_w                                   0x200000a6   Data           2  chassistask.o(.data)
    SP_Theta                                 0x200000a8   Data           4  chassistask.o(.data)
    CosSP_Theta                              0x200000ac   Data           4  chassistask.o(.data)
    SinSP_Theta                              0x200000b0   Data           4  chassistask.o(.data)
    TanSP_Theta                              0x200000b4   Data           4  chassistask.o(.data)
    bias_SP1                                 0x200000b8   Data           4  chassistask.o(.data)
    bias_SP2                                 0x200000bc   Data           4  chassistask.o(.data)
    SOLO_bias                                0x200000c0   Data           2  chassistask.o(.data)
    SOLO_bias_max                            0x200000c2   Data           2  chassistask.o(.data)
    H_pid                                    0x200000c4   Data           2  chassistask.o(.data)
    L_pid                                    0x200000c6   Data           2  chassistask.o(.data)
    H_P                                      0x200000c8   Data           4  chassistask.o(.data)
    Bias_Angle                               0x200000cc   Data           4  chassistask.o(.data)
    Chassis_high_water                       0x200000d0   Data           4  chassistask.o(.data)
    BodanReceive                             0x200000d4   Data           6  datareceivetask.o(.data)
    PitchMotor_ReceiveFlag                   0x200000da   Data           1  datareceivetask.o(.data)
    FrictionReceive                          0x200000dc   Data           4  datareceivetask.o(.data)
    PitchMotorReceive                        0x200000e0   Data           4  datareceivetask.o(.data)
    YawMotorReceive                          0x200000e4   Data           4  datareceivetask.o(.data)
    yaw_gyro_temp                            0x200000e8   Data           4  datareceivetask.o(.data)
    pitch_gyro_temp                          0x200000ec   Data           4  datareceivetask.o(.data)
    Chassis_ID                               0x200000f0   Data           1  datareceivetask.o(.data)
    crcNopass                                0x200000f2   Data           2  datareceivetask.o(.data)
    buffindex                                0x200000f4   Data           2  datareceivetask.o(.data)
    CoolBuffState                            0x200000f6   Data           1  datareceivetask.o(.data)
    error_cnt                                0x200000f8   Data           4  datareceivetask.o(.data)
    YawMotorSpeed                            0x200000fc   Data           2  datareceivetask.o(.data)
    PitchMotorSpeed                          0x200000fe   Data           2  datareceivetask.o(.data)
    temp1                                    0x20000100   Data           1  datareceivetask.o(.data)
    temp2                                    0x20000101   Data           1  datareceivetask.o(.data)
    temp3                                    0x20000102   Data           1  datareceivetask.o(.data)
    Heat_LimitTick                           0x20000104   Data           4  datareceivetask.o(.data)
    RC_high_water                            0x20000108   Data           4  datareceivetask.o(.data)
    TX2_high_water                           0x2000010c   Data           4  datasendtask.o(.data)
    LastWakeTime_PC                          0x20000110   Data           4  datasendtask.o(.data)
    Bodan_Pos                                0x20000114   Data           4  zerochecktask.o(.data)
    pitch_motor_temp                         0x20000118   Data           4  zerochecktask.o(.data)
    pitch_lose_flag                          0x2000011c   Data           1  zerochecktask.o(.data)
    MirocPosition                            0x20000120   Data           4  shoottask.o(.data)
    FrictionWheel_speed                      0x20000124   Data           2  shoottask.o(.data)
    BulletSpeed                              0x20000126   Data           2  shoottask.o(.data)
    BodanMotorCurrent                        0x20000128   Data           2  shoottask.o(.data)
    ShootAct_Init_Flag                       0x2000012a   Data           2  shoottask.o(.data)
    FrictionCurrent                          0x2000012c   Data           4  shoottask.o(.data)
    Shoot_Init_flag                          0x20000130   Data           4  shoottask.o(.data)
    ShootCount                               0x20000134   Data           4  shoottask.o(.data)
    Onegrid                                  0x20000138   Data           4  shoottask.o(.data)
    PullerSpeed                              0x2000013c   Data           2  shoottask.o(.data)
    checkPullerSpeed                         0x2000013e   Data           2  shoottask.o(.data)
    ShootCountTime_last                      0x20000140   Data           4  shoottask.o(.data)
    ShootCount_dt                            0x20000144   Data           4  shoottask.o(.data)
    ShootCount_Number                        0x20000148   Data           4  shoottask.o(.data)
    HeatControlThreshold                     0x2000014c   Data           4  shoottask.o(.data)
    curHeat                                  0x20000150   Data           4  shoottask.o(.data)
    Reverse_Flag                             0x20000154   Data           1  shoottask.o(.data)
    delay_time                               0x20000158   Data           4  shoottask.o(.data)
    EnterAimTick                             0x2000015c   Data           4  shoottask.o(.data)
    nowAimTick                               0x20000160   Data           4  shoottask.o(.data)
    shoot_test_flag                          0x20000164   Data           1  shoottask.o(.data)
    shoot_dt                                 0x20000168   Data           4  shoottask.o(.data)
    Shoot_high_water                         0x2000016c   Data           4  shoottask.o(.data)
    Shoot_Power                              0x20000170   Data           4  shoottask.o(.data)
    GimbalAct_Init_Flag                      0x20000180   Data           2  gimbaltask.o(.data)
    YawCurrent                               0x20000182   Data           2  gimbaltask.o(.data)
    PitchCurrent                             0x20000184   Data           2  gimbaltask.o(.data)
    GimbalYawPos                             0x20000188   Data           4  gimbaltask.o(.data)
    GimbalPitchPos                           0x2000018c   Data           4  gimbaltask.o(.data)
    GimbalLastPitchPos                       0x20000190   Data           4  gimbaltask.o(.data)
    DeltaGimbalPitchPos                      0x20000194   Data           4  gimbaltask.o(.data)
    Recent_Angle_Buff                        0x20000198   Data           4  gimbaltask.o(.data)
    Recent_Yaw_Angle_Armor                   0x2000019c   Data           4  gimbaltask.o(.data)
    Recent_Pitch_Angle_Armor                 0x200001a0   Data           4  gimbaltask.o(.data)
    pitchpos                                 0x200001a4   Data           4  gimbaltask.o(.data)
    ControlMode                              0x200001a8   Data           1  gimbaltask.o(.data)
    cnt_last                                 0x200001ac   Data           4  gimbaltask.o(.data)
    k_yaw                                    0x200001b0   Data           4  gimbaltask.o(.data)
    ch2_return_flag                          0x200001b4   Data           1  gimbaltask.o(.data)
    diudiao                                  0x200001b8   Data           4  gimbaltask.o(.data)
    yuzhi                                    0x200001c0   Data           8  gimbaltask.o(.data)
    yaw_freq                                 0x200001c8   Data           4  gimbaltask.o(.data)
    yaw_Amplite                              0x200001cc   Data           4  gimbaltask.o(.data)
    speed_limit                              0x200001d0   Data           4  gimbaltask.o(.data)
    Aim_Follow                               0x200001d4   Data           1  gimbaltask.o(.data)
    Inte_z                                   0x200001d8   Data           4  gimbaltask.o(.data)
    last_aim_yaw                             0x200001dc   Data           4  gimbaltask.o(.data)
    F_Change_flag                            0x200001e0   Data           2  gimbaltask.o(.data)
    Gimbal_direct                            0x200001e4   Data           4  gimbaltask.o(.data)
    T                                        0x200001e8   Data           4  gimbaltask.o(.data)
    T_cnt                                    0x200001ec   Data           4  gimbaltask.o(.data)
    T_Time_cnt                               0x200001f0   Data           4  gimbaltask.o(.data)
    F_cnt                                    0x200001f4   Data           4  gimbaltask.o(.data)
    F_cnt_last                               0x200001f8   Data           4  gimbaltask.o(.data)
    F                                        0x200001fc   Data           4  gimbaltask.o(.data)
    GimbalYawPos_last                        0x20000200   Data           4  gimbaltask.o(.data)
    GimbalPitchPos_last                      0x20000204   Data           4  gimbaltask.o(.data)
    Gimbal_high_water                        0x20000208   Data           4  gimbaltask.o(.data)
    GGGG                                     0x2000020c   Data           4  gimbaltask.o(.data)
    Mouse_Key_Flag                           0x20000214   Data           2  actiontask.o(.data)
    waitFlag                                 0x20000216   Data          20  actiontask.o(.data)
    SpeedMode                                0x2000022a   Data           2  actiontask.o(.data)
    ctrl_rising_flag                         0x2000022c   Data           2  actiontask.o(.data)
    pre_key_ctrl                             0x2000022e   Data           2  actiontask.o(.data)
    v_rising_flag                            0x20000230   Data           2  actiontask.o(.data)
    pre_key_v                                0x20000232   Data           2  actiontask.o(.data)
    c_rising_flag                            0x20000234   Data           2  actiontask.o(.data)
    pre_key_c                                0x20000236   Data           2  actiontask.o(.data)
    pre_key_e                                0x20000238   Data           2  actiontask.o(.data)
    e_rising_flag                            0x2000023a   Data           2  actiontask.o(.data)
    x_rising_flag                            0x2000023c   Data           2  actiontask.o(.data)
    pre_key_x                                0x2000023e   Data           2  actiontask.o(.data)
    Press_Key_x_Flag                         0x20000240   Data           2  actiontask.o(.data)
    pre_key_b                                0x20000242   Data           2  actiontask.o(.data)
    q_rising_flag                            0x20000244   Data           2  actiontask.o(.data)
    b_rising_flag                            0x20000246   Data           2  actiontask.o(.data)
    f_rising_flag                            0x20000248   Data           2  actiontask.o(.data)
    g_rising_flag                            0x2000024a   Data           2  actiontask.o(.data)
    pre_key_f                                0x2000024c   Data           2  actiontask.o(.data)
    mouse_Press_l_rising_flag                0x2000024e   Data           2  actiontask.o(.data)
    pre_mouse_l                              0x20000250   Data           2  actiontask.o(.data)
    r_rising_flag                            0x20000252   Data           2  actiontask.o(.data)
    pre_key_r                                0x20000254   Data           2  actiontask.o(.data)
    z_rising_flag                            0x20000256   Data           2  actiontask.o(.data)
    pre_key_z                                0x20000258   Data           2  actiontask.o(.data)
    Press_Key_z_Flag                         0x2000025a   Data           2  actiontask.o(.data)
    pre_key_q                                0x2000025c   Data           2  actiontask.o(.data)
    pre_key_g                                0x2000025e   Data           2  actiontask.o(.data)
    pre_v_rising_flag                        0x20000260   Data           2  actiontask.o(.data)
    v_high_flag                              0x20000262   Data           2  actiontask.o(.data)
    q_flag                                   0x20000264   Data           1  actiontask.o(.data)
    f_flag                                   0x20000265   Data           1  actiontask.o(.data)
    HighFreq_flag                            0x20000266   Data           1  actiontask.o(.data)
    k_slow                                   0x20000267   Data           1  actiontask.o(.data)
    prese_ctrl_timer                         0x20000268   Data           4  actiontask.o(.data)
    prese_ctrl_interval                      0x2000026c   Data           4  actiontask.o(.data)
    ctrl_interval                            0x20000270   Data           4  actiontask.o(.data)
    ctrl_prese_countinue_flag                0x20000274   Data           2  actiontask.o(.data)
    ctrl_mode                                0x20000276   Data           1  actiontask.o(.data)
    smallBuff_flag                           0x20000277   Data           1  actiontask.o(.data)
    Turning_flag                             0x20000278   Data           2  actiontask.o(.data)
    Graphic_Init_flag                        0x2000027a   Data           1  actiontask.o(.data)
    Budan                                    0x2000027b   Data           1  actiontask.o(.data)
    Buff_flag                                0x2000027c   Data           1  actiontask.o(.data)
    PC_Sendflag                              0x2000027e   Data           2  actiontask.o(.data)
    Buff_Yaw_Motor                           0x20000280   Data           4  actiontask.o(.data)
    Buff_Init                                0x20000284   Data           1  actiontask.o(.data)
    SteeringEngineDelay                      0x20000286   Data           2  actiontask.o(.data)
    k_onegrid                                0x20000288   Data           4  actiontask.o(.data)
    k_single                                 0x2000028c   Data           4  actiontask.o(.data)
    aaaa                                     0x20000290   Data           2  actiontask.o(.data)
    ARMOR_FLAG                               0x20000292   Data           1  actiontask.o(.data)
    Last_shift                               0x20000293   Data           1  actiontask.o(.data)
    shift_press_flag                         0x20000294   Data           1  actiontask.o(.data)
    shift_flag                               0x20000295   Data           1  actiontask.o(.data)
    pitchcurrent                             0x20000296   Data           2  actiontask.o(.data)
    ModeChoose_high_water                    0x20000298   Data           4  actiontask.o(.data)
    GimbalEstimate_high_water                0x200002ac   Data           4  gimbalestimatetask.o(.data)
    Control_high_water                       0x200002b0   Data           4  controltask.o(.data)
    time_last                                0x200002b4   Data           4  controltask.o(.data)
    dt_1                                     0x200002b8   Data           4  controltask.o(.data)
    DataFile                                 0x200002bc   Data          15  sdcardtask.o(.data)
    pxCurrentTCB                             0x200002cc   Data           4  tasks.o(.data)
    NotifyValue                              0x20000310   Data           4  tasks.o(.data)
    overtime                                 0x20000330   Data           4  debug.o(.data)
    otcnt                                    0x20000334   Data           4  debug.o(.data)
    Temp                                     0x20000338   Data           2  rtostaskcheck.o(.data)
    GxOFFSET                                 0x2000033c   Data           4  icm20602.o(.data)
    GyOFFSET                                 0x20000340   Data           4  icm20602.o(.data)
    GzOFFSET                                 0x20000344   Data           4  icm20602.o(.data)
    gNORM                                    0x20000348   Data           4  icm20602.o(.data)
    INS_Count                                0x20000354   Data           4  ins.o(.data)
    dt                                       0x20000358   Data           4  ins.o(.data)
    t                                        0x2000035c   Data           4  ins.o(.data)
    ins_debug_mode                           0x20000360   Data           1  ins.o(.data)
    RefTemp                                  0x20000364   Data           4  ins.o(.data)
    sizeof_float                             0x2000039c   Data           2  kalman_filter.o(.data)
    sizeof_double                            0x2000039e   Data           2  kalman_filter.o(.data)
    IMU_QuaternionEKF_P                      0x200003a0   Data         144  quaternionekf.o(.data)
    __microlib_freelist                      0x2000047c   Data           4  mvars.o(.data)
    __microlib_freelist_initialised          0x20000480   Data           4  mvars.o(.data)
    Infantry                                 0x20000488   Data          52  main.o(.bss)
    sbus_rx_buffer                           0x200004bc   Data          18  usart3.o(.bss)
    SysTime                                  0x200004d0   Data          12  counter.o(.bss)
    pc_recv_data                             0x200004dc   Data          11  pc_serial.o(.bss)
    pc_send_data                             0x200004e7   Data          11  pc_serial.o(.bss)
    PCbuffer                                 0x200004f2   Data          11  pc_uart.o(.bss)
    SendToPC_Buff                            0x200004fd   Data          11  pc_uart.o(.bss)
    SDCardInfo                               0x20000508   Data          88  bsp_spi_sdcard.o(.bss)
    pidChassisPosition                       0x20000560   Data          80  chassistask.o(.bss)
    pidChassisPosition_Speed                 0x200005b0   Data          80  chassistask.o(.bss)
    SOLO_pidChassisPosition                  0x20000600   Data          80  chassistask.o(.bss)
    FF_w                                     0x20000650   Data          24  chassistask.o(.bss)
    RC_Ctl                                   0x20000668   Data          54  datareceivetask.o(.bss)
    F105                                     0x2000069e   Data          10  datareceivetask.o(.bss)
    PC_Receive                               0x200006a8   Data          20  datareceivetask.o(.bss)
    Robot_Disconnect                         0x200006bc   Data          36  datareceivetask.o(.bss)
    tempPC                                   0x200006e0   Data          11  datareceivetask.o(.bss)
    F405                                     0x200006ec   Data          14  datasendtask.o(.bss)
    Gimbal                                   0x200006fc   Data          48  zerochecktask.o(.bss)
    ZeroCheck_Pitch                          0x2000072c   Data          20  zerochecktask.o(.bss)
    ZeroCheck_Yaw                            0x20000740   Data          20  zerochecktask.o(.bss)
    ZeroCheck_Pitch_speed                    0x20000754   Data          20  zerochecktask.o(.bss)
    ZeroCheck_Yaw_speed                      0x20000768   Data          20  zerochecktask.o(.bss)
    ZeroCheck_BodanPos                       0x2000077c   Data          20  zerochecktask.o(.bss)
    ZeroCheck_BodanSpeed                     0x20000790   Data          20  zerochecktask.o(.bss)
    ZeroCheck_GyroYaw                        0x200007a4   Data          20  zerochecktask.o(.bss)
    ZeroCheck_GyroPitch                      0x200007b8   Data          20  zerochecktask.o(.bss)
    qFrictionSpeed                           0x200007d0   Data          16  shoottask.o(.bss)
    BufferFrictionSpeedQueen                 0x200007e0   Data         160  shoottask.o(.bss)
    PidBodanMotorPos                         0x20000880   Data          80  shoottask.o(.bss)
    PidBodanMotorSpeed                       0x200008d0   Data          80  shoottask.o(.bss)
    PidFrictionSpeed                         0x20000920   Data         160  shoottask.o(.bss)
    FuzzyBodanMotorPos                       0x200009c0   Data         112  shoottask.o(.bss)
    Shoot                                    0x20000a30   Data          36  shoottask.o(.bss)
    inttoshort                               0x20000a54   Data          16  gimbaltask.o(.bss)
    PidPitchSpeed                            0x20000a64   Data          80  gimbaltask.o(.bss)
    PidPitchPos                              0x20000ab4   Data          80  gimbaltask.o(.bss)
    PidYawSpeed                              0x20000b04   Data          80  gimbaltask.o(.bss)
    PidYawPos                                0x20000b54   Data          80  gimbaltask.o(.bss)
    PidPitchAidPos                           0x20000ba4   Data         160  gimbaltask.o(.bss)
    PidPitchAidSpeed                         0x20000c44   Data         160  gimbaltask.o(.bss)
    PidYawAidPos                             0x20000ce4   Data         160  gimbaltask.o(.bss)
    PidYawAidSpeed                           0x20000d84   Data         160  gimbaltask.o(.bss)
    PidPitchBuffSpeed                        0x20000e24   Data          80  gimbaltask.o(.bss)
    PidYawBuffSpeed                          0x20000e74   Data          80  gimbaltask.o(.bss)
    PitchPosFF                               0x20000ec4   Data          40  gimbaltask.o(.bss)
    PitchSpeedFF                             0x20000eec   Data          40  gimbaltask.o(.bss)
    YawPosFF                                 0x20000f14   Data          40  gimbaltask.o(.bss)
    YawSpeedFF                               0x20000f3c   Data          40  gimbaltask.o(.bss)
    Status                                   0x20000f64   Data          20  actiontask.o(.bss)
    intshort                                 0x20000f78   Data          16  actiontask.o(.bss)
    User_Tasks                               0x20000f88   Data          48  start_task.o(.bss)
    IMUReceive                               0x20000fb8   Data          12  gimbalestimatetask.o(.bss)
    IMUData                                  0x20000fc4   Data          44  gimbalestimatetask.o(.bss)
    WriteBuffer                              0x20000ff0   Data         128  sdcardtask.o(.bss)
    sd_status                                0x20001070   Data        8304  sdcardtask.o(.bss)
    Missing                                  0x200030e0   Data           9  sdcardtask.o(.bss)
    global_debugger                          0x20005bd0   Data         164  debug.o(.bss)
    Ozone                                    0x20005c74   Data          32  debug.o(.bss)
    TaskRunFlag                              0x20005c94   Data           9  rtostaskcheck.o(.bss)
    TaskRunTime                              0x20005ca0   Data          36  rtostaskcheck.o(.bss)
    INS                                      0x20005cc4   Data         160  ins.o(.bss)
    IMU_Param                                0x20005d64   Data          28  ins.o(.bss)
    QEKF_INS                                 0x20005d80   Data         480  quaternionekf.o(.bss)
    IMU_QuaternionEKF_K                      0x20005f60   Data          72  quaternionekf.o(.bss)
    IMU_QuaternionEKF_H                      0x20005fa8   Data          72  quaternionekf.o(.bss)
    __heap_base                              0x20005ff0   Data           0  startup_stm32f40_41xxx.o(HEAP)
    __heap_limit                             0x20006ff0   Data           0  startup_stm32f40_41xxx.o(HEAP)
    __initial_sp                             0x200073f0   Data           0  startup_stm32f40_41xxx.o(STACK)



==============================================================================

Memory Map of the image

  Image Entry point : 0x08000189

  Load Region LR_IROM1 (Base: 0x08000000, Size: 0x00011bc0, Max: 0x00100000, ABSOLUTE, COMPRESSED[0x000117f0])

    Execution Region ER_IROM1 (Exec base: 0x08000000, Load base: 0x08000000, Size: 0x00011738, Max: 0x00100000, ABSOLUTE)

    Exec Addr    Load Addr    Size         Type   Attr      Idx    E Section Name        Object

    0x08000000   0x08000000   0x00000188   Data   RO          406    RESET               startup_stm32f40_41xxx.o
    0x08000188   0x08000188   0x00000000   Code   RO         7495  * .ARM.Collect$$$$00000000  mc_w.l(entry.o)
    0x08000188   0x08000188   0x00000004   Code   RO         7869    .ARM.Collect$$$$00000001  mc_w.l(entry2.o)
    0x0800018c   0x0800018c   0x00000004   Code   RO         7872    .ARM.Collect$$$$00000004  mc_w.l(entry5.o)
    0x08000190   0x08000190   0x00000000   Code   RO         7874    .ARM.Collect$$$$00000008  mc_w.l(entry7b.o)
    0x08000190   0x08000190   0x00000000   Code   RO         7876    .ARM.Collect$$$$0000000A  mc_w.l(entry8b.o)
    0x08000190   0x08000190   0x00000008   Code   RO         7877    .ARM.Collect$$$$0000000B  mc_w.l(entry9a.o)
    0x08000198   0x08000198   0x00000000   Code   RO         7879    .ARM.Collect$$$$0000000D  mc_w.l(entry10a.o)
    0x08000198   0x08000198   0x00000000   Code   RO         7881    .ARM.Collect$$$$0000000F  mc_w.l(entry11a.o)
    0x08000198   0x08000198   0x00000004   Code   RO         7870    .ARM.Collect$$$$00002712  mc_w.l(entry2.o)
    0x0800019c   0x0800019c   0x000000b6   Code   RO         6172    .emb_text           port.o
    0x08000252   0x08000252   0x00000002   PAD
    0x08000254   0x08000254   0x00000024   Code   RO          407    .text               startup_stm32f40_41xxx.o
    0x08000278   0x08000278   0x000000d8   Code   RO         7214    .text               arm_cortexM4lf_math.lib(arm_cos_f32.o)
    0x08000350   0x08000350   0x000000d8   Code   RO         7261    .text               arm_cortexM4lf_math.lib(arm_sin_f32.o)
    0x08000428   0x08000428   0x00000100   Code   RO         7283    .text               arm_cortexM4lf_math.lib(arm_mat_add_f32.o)
    0x08000528   0x08000528   0x00000008   Code   RO         7303    .text               arm_cortexM4lf_math.lib(arm_mat_init_f32.o)
    0x08000530   0x08000530   0x00000500   Code   RO         7323    .text               arm_cortexM4lf_math.lib(arm_mat_inverse_f32.o)
    0x08000a30   0x08000a30   0x000000f8   Code   RO         7343    .text               arm_cortexM4lf_math.lib(arm_mat_mult_f32.o)
    0x08000b28   0x08000b28   0x00000100   Code   RO         7363    .text               arm_cortexM4lf_math.lib(arm_mat_sub_f32.o)
    0x08000c28   0x08000c28   0x00000098   Code   RO         7383    .text               arm_cortexM4lf_math.lib(arm_mat_trans_f32.o)
    0x08000cc0   0x08000cc0   0x00000062   Code   RO         7498    .text               mc_w.l(uldiv.o)
    0x08000d22   0x08000d22   0x00000024   Code   RO         7500    .text               mc_w.l(memcpya.o)
    0x08000d46   0x08000d46   0x00000024   Code   RO         7502    .text               mc_w.l(memseta.o)
    0x08000d6a   0x08000d6a   0x0000000e   Code   RO         7504    .text               mc_w.l(strlen.o)
    0x08000d78   0x08000d78   0x0000014e   Code   RO         7799    .text               mf_w.l(dadd.o)
    0x08000ec6   0x08000ec6   0x000000e4   Code   RO         7801    .text               mf_w.l(dmul.o)
    0x08000faa   0x08000faa   0x000000de   Code   RO         7803    .text               mf_w.l(ddiv.o)
    0x08001088   0x08001088   0x00000022   Code   RO         7805    .text               mf_w.l(dflti.o)
    0x080010aa   0x080010aa   0x0000001a   Code   RO         7807    .text               mf_w.l(dfltui.o)
    0x080010c4   0x080010c4   0x0000003e   Code   RO         7809    .text               mf_w.l(dfixi.o)
    0x08001102   0x08001102   0x00000026   Code   RO         7811    .text               mf_w.l(f2d.o)
    0x08001128   0x08001128   0x00000030   Code   RO         7813    .text               mf_w.l(cdcmple.o)
    0x08001158   0x08001158   0x00000030   Code   RO         7815    .text               mf_w.l(cdrcmple.o)
    0x08001188   0x08001188   0x00000038   Code   RO         7817    .text               mf_w.l(d2f.o)
    0x080011c0   0x080011c0   0x0000002c   Code   RO         7886    .text               mc_w.l(uidiv.o)
    0x080011ec   0x080011ec   0x0000001e   Code   RO         7888    .text               mc_w.l(llshl.o)
    0x0800120a   0x0800120a   0x00000020   Code   RO         7890    .text               mc_w.l(llushr.o)
    0x0800122a   0x0800122a   0x00000024   Code   RO         7892    .text               mc_w.l(llsshr.o)
    0x0800124e   0x0800124e   0x00000000   Code   RO         7903    .text               mc_w.l(iusefp.o)
    0x0800124e   0x0800124e   0x0000006e   Code   RO         7904    .text               mf_w.l(fepilogue.o)
    0x080012bc   0x080012bc   0x000000ba   Code   RO         7906    .text               mf_w.l(depilogue.o)
    0x08001376   0x08001376   0x00000002   PAD
    0x08001378   0x08001378   0x00000088   Code   RO         7910    .text               mf_w.l(drnd.o)
    0x08001400   0x08001400   0x00000024   Code   RO         7918    .text               mc_w.l(init.o)
    0x08001424   0x08001424   0x00000056   Code   RO         7930    .text               mc_w.l(__dczerorl2.o)
    0x0800147a   0x0800147a   0x00000002   PAD
    0x0800147c   0x0800147c   0x00000030   Code   RO         4415    i.Append_CRC16_Check_Sum  algorithmofcrc.o
    0x080014ac   0x080014ac   0x00000050   Code   RO            3    i.BSP_Init          main.o
    0x080014fc   0x080014fc   0x00000098   Code   RO         4788    i.BodanCan1Send     datasendtask.o
    0x08001594   0x08001594   0x00000040   Code   RO         4892    i.BodanMotorPos_Set  shoottask.o
    0x080015d4   0x080015d4   0x000000a4   Code   RO         4893    i.BodanMotor_CurrentPid_Cal  shoottask.o
    0x08001678   0x08001678   0x0000015a   Code   RO         6665    i.BodyFrameToEarthFrame  ins.o
    0x080017d2   0x080017d2   0x00000004   Code   RO          310    i.BusFault_Handler  stm32f4xx_it.o
    0x080017d6   0x080017d6   0x00000002   PAD
    0x080017d8   0x080017d8   0x000001ac   Code   RO         3723    i.CAN1_Configuration  can1.o
    0x08001984   0x08001984   0x00000034   Code   RO         3724    i.CAN1_RX0_IRQHandler  can1.o
    0x080019b8   0x080019b8   0x00000038   Code   RO         3725    i.CAN1_RX1_IRQHandler  can1.o
    0x080019f0   0x080019f0   0x0000001c   Code   RO         3726    i.CAN1_TX_IRQHandler  can1.o
    0x08001a0c   0x08001a0c   0x000001b4   Code   RO         3762    i.CAN2_Configuration  can2.o
    0x08001bc0   0x08001bc0   0x00000034   Code   RO         3763    i.CAN2_RX0_IRQHandler  can2.o
    0x08001bf4   0x08001bf4   0x00000030   Code   RO         3764    i.CAN2_RX1_IRQHandler  can2.o
    0x08001c24   0x08001c24   0x0000001c   Code   RO         3765    i.CAN2_TX_IRQHandler  can2.o
    0x08001c40   0x08001c40   0x000000a8   Code   RO          701    i.CAN_ClearITPendingBit  stm32f4xx_can.o
    0x08001ce8   0x08001ce8   0x00000038   Code   RO          703    i.CAN_DeInit        stm32f4xx_can.o
    0x08001d20   0x08001d20   0x00000108   Code   RO          705    i.CAN_FilterInit    stm32f4xx_can.o
    0x08001e28   0x08001e28   0x00000120   Code   RO          707    i.CAN_GetITStatus   stm32f4xx_can.o
    0x08001f48   0x08001f48   0x00000012   Code   RO          711    i.CAN_ITConfig      stm32f4xx_can.o
    0x08001f5a   0x08001f5a   0x00000114   Code   RO          712    i.CAN_Init          stm32f4xx_can.o
    0x0800206e   0x0800206e   0x000000f0   Code   RO          715    i.CAN_Receive       stm32f4xx_can.o
    0x0800215e   0x0800215e   0x00000020   Code   RO          718    i.CAN_StructInit    stm32f4xx_can.o
    0x0800217e   0x0800217e   0x00000126   Code   RO          720    i.CAN_Transmit      stm32f4xx_can.o
    0x080022a4   0x080022a4   0x0000004c   Code   RO         4029    i.COUNTER_Configuration  counter.o
    0x080022f0   0x080022f0   0x00000068   Code   RO         4721    i.Can1Receive0      datareceivetask.o
    0x08002358   0x08002358   0x000000e0   Code   RO         4722    i.Can1Receive1      datareceivetask.o
    0x08002438   0x08002438   0x000000c0   Code   RO         4723    i.Can2Receive0      datareceivetask.o
    0x080024f8   0x080024f8   0x00000070   Code   RO         4724    i.Can2Receive1      datareceivetask.o
    0x08002568   0x08002568   0x0000008c   Code   RO         4789    i.ChassisCan1Send   datasendtask.o
    0x080025f4   0x080025f4   0x00000090   Code   RO         4647    i.ChassisPostionAngle_TranSform  chassistask.o
    0x08002684   0x08002684   0x00000604   Code   RO         4648    i.Chassis_Act_Cal   chassistask.o
    0x08002c88   0x08002c88   0x00000114   Code   RO         4649    i.Chassis_CurrentPid_Cal  chassistask.o
    0x08002d9c   0x08002d9c   0x000003ac   Code   RO         4650    i.Chassis_Jump_Cal  chassistask.o
    0x08003148   0x08003148   0x00000054   Code   RO         4651    i.Chassis_Powerdown_Cal  chassistask.o
    0x0800319c   0x0800319c   0x00000358   Code   RO         4652    i.Chassis_SelfProtect_Cal  chassistask.o
    0x080034f4   0x080034f4   0x000004d8   Code   RO         4653    i.Chassis_Solo_Cal  chassistask.o
    0x080039cc   0x080039cc   0x00000028   Code   RO         4654    i.Chassis_task      chassistask.o
    0x080039f4   0x080039f4   0x00000012   Code   RO          723    i.CheckITStatus     stm32f4xx_can.o
    0x08003a06   0x08003a06   0x00000002   PAD
    0x08003a08   0x08003a08   0x00000030   Code   RO         5363    i.CloseSDCard       sdcardtask.o
    0x08003a38   0x08003a38   0x00000050   Code   RO         5322    i.Control_task      controltask.o
    0x08003a88   0x08003a88   0x00000044   Code   RO         4190    i.DMA1_Stream6_IRQHandler  pc_uart.o
    0x08003acc   0x08003acc   0x00000070   Code   RO         3801    i.DMA2_Stream1_IRQHandler  frictionwheel.o
    0x08003b3c   0x08003b3c   0x00000034   Code   RO         1034    i.DMA_ClearFlag     stm32f4xx_dma.o
    0x08003b70   0x08003b70   0x00000034   Code   RO         1035    i.DMA_ClearITPendingBit  stm32f4xx_dma.o
    0x08003ba4   0x08003ba4   0x00000016   Code   RO         1036    i.DMA_Cmd           stm32f4xx_dma.o
    0x08003bba   0x08003bba   0x00000002   PAD
    0x08003bbc   0x08003bbc   0x00000158   Code   RO         1037    i.DMA_DeInit        stm32f4xx_dma.o
    0x08003d14   0x08003d14   0x00000014   Code   RO         1041    i.DMA_GetCmdStatus  stm32f4xx_dma.o
    0x08003d28   0x08003d28   0x00000044   Code   RO         1045    i.DMA_GetFlagStatus  stm32f4xx_dma.o
    0x08003d6c   0x08003d6c   0x00000064   Code   RO         1046    i.DMA_GetITStatus   stm32f4xx_dma.o
    0x08003dd0   0x08003dd0   0x0000003a   Code   RO         1047    i.DMA_ITConfig      stm32f4xx_dma.o
    0x08003e0a   0x08003e0a   0x00000002   PAD
    0x08003e0c   0x08003e0c   0x00000058   Code   RO         1048    i.DMA_Init          stm32f4xx_dma.o
    0x08003e64   0x08003e64   0x00000004   Code   RO         1051    i.DMA_SetCurrDataCounter  stm32f4xx_dma.o
    0x08003e68   0x08003e68   0x00000002   Code   RO          311    i.DebugMon_Handler  stm32f4xx_it.o
    0x08003e6a   0x08003e6a   0x0000015a   Code   RO         6666    i.EarthFrameToBodyFrame  ins.o
    0x08003fc4   0x08003fc4   0x00000010   Code   RO         4725    i.F105_Rst          datareceivetask.o
    0x08003fd4   0x08003fd4   0x000000d4   Code   RO         4790    i.F405Can1Send      datasendtask.o
    0x080040a8   0x080040a8   0x000000b2   Code   RO         4363    i.FeedForward_Cal   pid.o
    0x0800415a   0x0800415a   0x0000006a   Code   RO         4364    i.FeedForward_Calc  pid.o
    0x080041c4   0x080041c4   0x00000108   Code   RO         4791    i.FrictionCan2Send  datasendtask.o
    0x080042cc   0x080042cc   0x00000050   Code   RO         4894    i.FrictionSpeedChoose  shoottask.o
    0x0800431c   0x0800431c   0x000000c0   Code   RO         4895    i.FrictionWheel_CurrentPid_Cal  shoottask.o
    0x080043dc   0x080043dc   0x000000e8   Code   RO         4232    i.GPIO_Configuration  bsp_spi_sdcard.o
    0x080044c4   0x080044c4   0x00000090   Code   RO         1511    i.GPIO_Init         stm32f4xx_gpio.o
    0x08004554   0x08004554   0x00000046   Code   RO         1512    i.GPIO_PinAFConfig  stm32f4xx_gpio.o
    0x0800459a   0x0800459a   0x00000004   Code   RO         1518    i.GPIO_ResetBits    stm32f4xx_gpio.o
    0x0800459e   0x0800459e   0x00000004   Code   RO         1519    i.GPIO_SetBits      stm32f4xx_gpio.o
    0x080045a2   0x080045a2   0x00000002   PAD
    0x080045a4   0x080045a4   0x00000030   Code   RO         4031    i.GetDeltaT         counter.o
    0x080045d4   0x080045d4   0x00000034   Code   RO         4417    i.Get_CRC16_Check_Sum  algorithmofcrc.o
    0x08004608   0x08004608   0x00000044   Code   RO         5280    i.GimbalEstimate_task  gimbalestimatetask.o
    0x0800464c   0x0800464c   0x00000130   Code   RO         5008    i.GimbalPos_Set     gimbaltask.o
    0x0800477c   0x0800477c   0x000003d0   Code   RO         5009    i.Gimbal_Armor_Cal  gimbaltask.o
    0x08004b4c   0x08004b4c   0x00000354   Code   RO         5010    i.Gimbal_Buff_Cal   gimbaltask.o
    0x08004ea0   0x08004ea0   0x00000588   Code   RO         5011    i.Gimbal_CurrentPid_Cal  gimbaltask.o
    0x08005428   0x08005428   0x00000118   Code   RO         5012    i.Gimbal_FF_Init    gimbaltask.o
    0x08005540   0x08005540   0x00000040   Code   RO         5323    i.Gimbal_Motor_Control  controltask.o
    0x08005580   0x08005580   0x00000070   Code   RO         5013    i.Gimbal_Powerdown_Cal  gimbaltask.o
    0x080055f0   0x080055f0   0x000001b8   Code   RO         5014    i.Gimbal_SI_Cal     gimbaltask.o
    0x080057a8   0x080057a8   0x00000260   Code   RO         5015    i.Gimbal_Test_Cal   gimbaltask.o
    0x08005a08   0x08005a08   0x00000054   Code   RO         5016    i.Gimbal_task       gimbaltask.o
    0x08005a5c   0x08005a5c   0x00000310   Code   RO         5017    i.GyroGimbal_Act_Cal  gimbaltask.o
    0x08005d6c   0x08005d6c   0x00000130   Code   RO         6734    i.H_K_R_Adjustment  kalman_filter.o
    0x08005e9c   0x08005e9c   0x00000004   Code   RO          312    i.HardFault_Handler  stm32f4xx_it.o
    0x08005ea0   0x08005ea0   0x000000f8   Code   RO         4896    i.HeatControl       shoottask.o
    0x08005f98   0x08005f98   0x00000050   Code   RO         6623    i.ICM20602_init     icm20602.o
    0x08005fe8   0x08005fe8   0x0000008c   Code   RO         6624    i.ICM_20602_Decode  icm20602.o
    0x08006074   0x08006074   0x00000374   Code   RO         6668    i.IMU_Param_Correction  ins.o
    0x080063e8   0x080063e8   0x00000238   Code   RO         6807    i.IMU_QuaternionEKF_F_Linearization_P_Fading  quaternionekf.o
    0x08006620   0x08006620   0x00000130   Code   RO         6808    i.IMU_QuaternionEKF_Init  quaternionekf.o
    0x08006750   0x08006750   0x00000034   Code   RO         6809    i.IMU_QuaternionEKF_Observe  quaternionekf.o
    0x08006784   0x08006784   0x00000128   Code   RO         6810    i.IMU_QuaternionEKF_SetH  quaternionekf.o
    0x080068ac   0x080068ac   0x00000634   Code   RO         6811    i.IMU_QuaternionEKF_Update  quaternionekf.o
    0x08006ee0   0x08006ee0   0x00000508   Code   RO         6812    i.IMU_QuaternionEKF_xhatUpdate  quaternionekf.o
    0x080073e8   0x080073e8   0x00000088   Code   RO         6669    i.INS_Init          ins.o
    0x08007470   0x08007470   0x00000344   Code   RO         6670    i.INS_Task          ins.o
    0x080077b4   0x080077b4   0x00000008   Code   RO         3831    i.IWDG_Feed         iwdg.o
    0x080077bc   0x080077bc   0x00000010   Code   RO         1837    i.IWDG_ReloadCounter  stm32f4xx_iwdg.o
    0x080077cc   0x080077cc   0x00000078   Code   RO            4    i.Infantry_Init     main.o
    0x08007844   0x08007844   0x0000070c   Code   RO         6735    i.Kalman_Filter_Init  kalman_filter.o
    0x08007f50   0x08007f50   0x00000050   Code   RO         6736    i.Kalman_Filter_Measure  kalman_filter.o
    0x08007fa0   0x08007fa0   0x00000068   Code   RO         6737    i.Kalman_Filter_P_Update  kalman_filter.o
    0x08008008   0x08008008   0x00000068   Code   RO         6738    i.Kalman_Filter_PminusUpdate  kalman_filter.o
    0x08008070   0x08008070   0x000000d2   Code   RO         6739    i.Kalman_Filter_SetK  kalman_filter.o
    0x08008142   0x08008142   0x00000002   PAD
    0x08008144   0x08008144   0x00000128   Code   RO         6740    i.Kalman_Filter_Update  kalman_filter.o
    0x0800826c   0x0800826c   0x0000007c   Code   RO         6741    i.Kalman_Filter_xhatMinusUpdate  kalman_filter.o
    0x080082e8   0x080082e8   0x00000086   Code   RO         6742    i.Kalman_Filter_xhatUpdate  kalman_filter.o
    0x0800836e   0x0800836e   0x00000036   Code   RO         6251    i.LossUpdate        debug.o
    0x080083a4   0x080083a4   0x00000004   Code   RO          313    i.MemManage_Handler  stm32f4xx_it.o
    0x080083a8   0x080083a8   0x00000030   Code   RO         3856    i.MicroSwConfigration  microsw.o
    0x080083d8   0x080083d8   0x000000d0   Code   RO         5364    i.MissingUpdate     sdcardtask.o
    0x080084a8   0x080084a8   0x00000020   Code   RO         5111    i.ModeChoose_task   actiontask.o
    0x080084c8   0x080084c8   0x00000388   Code   RO         5018    i.MotorGimbal_Act_Cal  gimbaltask.o
    0x08008850   0x08008850   0x00000738   Code   RO         5112    i.MouseKey_Act_Cal  actiontask.o
    0x08008f88   0x08008f88   0x00000098   Code   RO         5113    i.Mouse_Key_Process  actiontask.o
    0x08009020   0x08009020   0x00000002   Code   RO          314    i.NMI_Handler       stm32f4xx_it.o
    0x08009022   0x08009022   0x00000002   PAD
    0x08009024   0x08009024   0x00000078   Code   RO          413    i.NVIC_Init         misc.o
    0x0800909c   0x0800909c   0x000000ec   Code   RO            5    i.Offline_Check_task  main.o
    0x08009188   0x08009188   0x00000054   Code   RO         5365    i.OpenSDCard        sdcardtask.o
    0x080091dc   0x080091dc   0x00000090   Code   RO         4130    i.PCReceive         pc_serial.o
    0x0800926c   0x0800926c   0x00000018   Code   RO         4131    i.PCSolve           pc_serial.o
    0x08009284   0x08009284   0x000001e4   Code   RO         4191    i.PC_UART_Configuration  pc_uart.o
    0x08009468   0x08009468   0x00000280   Code   RO         4366    i.PID_Calc          pid.o
    0x080096e8   0x080096e8   0x000002a8   Code   RO         5019    i.PidGimbalMotor_Init  gimbaltask.o
    0x08009990   0x08009990   0x000000f4   Code   RO         4897    i.Pid_BodanMotor_Init  shoottask.o
    0x08009a84   0x08009a84   0x000000c0   Code   RO         4655    i.Pid_ChassisPosition_Init  chassistask.o
    0x08009b44   0x08009b44   0x000000c8   Code   RO         4898    i.Pid_Friction_Init  shoottask.o
    0x08009c0c   0x08009c0c   0x00000098   Code   RO         4792    i.PitchCan2Send     datasendtask.o
    0x08009ca4   0x08009ca4   0x00000090   Code   RO         4899    i.Pluck_Speed_Choose  shoottask.o
    0x08009d34   0x08009d34   0x0000005c   Code   RO         5114    i.Powerdown_Process  actiontask.o
    0x08009d90   0x08009d90   0x00000020   Code   RO         1885    i.RCC_AHB1PeriphClockCmd  stm32f4xx_rcc.o
    0x08009db0   0x08009db0   0x00000020   Code   RO         1894    i.RCC_APB1PeriphClockCmd  stm32f4xx_rcc.o
    0x08009dd0   0x08009dd0   0x00000020   Code   RO         1896    i.RCC_APB1PeriphResetCmd  stm32f4xx_rcc.o
    0x08009df0   0x08009df0   0x00000020   Code   RO         1899    i.RCC_APB2PeriphResetCmd  stm32f4xx_rcc.o
    0x08009e10   0x08009e10   0x000000e8   Code   RO         1906    i.RCC_GetClocksFreq  stm32f4xx_rcc.o
    0x08009ef8   0x08009ef8   0x00000030   Code   RO         4726    i.RCReceive_task    datareceivetask.o
    0x08009f28   0x08009f28   0x00000048   Code   RO         4727    i.RC_Rst            datareceivetask.o
    0x08009f70   0x08009f70   0x000001d4   Code   RO         4728    i.RemoteReceive     datareceivetask.o
    0x0800a144   0x0800a144   0x00000094   Code   RO         5115    i.Remote_Process    actiontask.o
    0x0800a1d8   0x0800a1d8   0x00000048   Code   RO            6    i.Robot_Init        main.o
    0x0800a220   0x0800a220   0x00000014   Code   RO         5173    i.Robot_Recover     start_task.o
    0x0800a234   0x0800a234   0x00000024   Code   RO         5174    i.Robot_Stop        start_task.o
    0x0800a258   0x0800a258   0x000000e8   Code   RO         5366    i.SDCard_task       sdcardtask.o
    0x0800a340   0x0800a340   0x00000154   Code   RO         5367    i.SDLOG             sdcardtask.o
    0x0800a494   0x0800a494   0x00000074   Code   RO         4233    i.SD_DeInit         bsp_spi_sdcard.o
    0x0800a508   0x0800a508   0x00000108   Code   RO         4234    i.SD_GetCIDRegister  bsp_spi_sdcard.o
    0x0800a610   0x0800a610   0x00000234   Code   RO         4235    i.SD_GetCSDRegister  bsp_spi_sdcard.o
    0x0800a844   0x0800a844   0x000000b0   Code   RO         4236    i.SD_GetCardInfo    bsp_spi_sdcard.o
    0x0800a8f4   0x0800a8f4   0x00000174   Code   RO         4237    i.SD_GetCardType    bsp_spi_sdcard.o
    0x0800aa68   0x0800aa68   0x0000004c   Code   RO         4238    i.SD_GetDataResponse  bsp_spi_sdcard.o
    0x0800aab4   0x0800aab4   0x00000022   Code   RO         4239    i.SD_GetResponse    bsp_spi_sdcard.o
    0x0800aad6   0x0800aad6   0x00000002   PAD
    0x0800aad8   0x0800aad8   0x0000004c   Code   RO         4241    i.SD_GoIdleState    bsp_spi_sdcard.o
    0x0800ab24   0x0800ab24   0x0000005c   Code   RO         4242    i.SD_Init           bsp_spi_sdcard.o
    0x0800ab80   0x0800ab80   0x00000038   Code   RO         4244    i.SD_ReadByte       bsp_spi_sdcard.o
    0x0800abb8   0x0800abb8   0x000000b4   Code   RO         4245    i.SD_ReadMultiBlocks  bsp_spi_sdcard.o
    0x0800ac6c   0x0800ac6c   0x0000004a   Code   RO         4246    i.SD_SendCmd        bsp_spi_sdcard.o
    0x0800acb6   0x0800acb6   0x00000002   PAD
    0x0800acb8   0x0800acb8   0x00000038   Code   RO         4248    i.SD_WriteByte      bsp_spi_sdcard.o
    0x0800acf0   0x0800acf0   0x000000c0   Code   RO         4249    i.SD_WriteMultiBlocks  bsp_spi_sdcard.o
    0x0800adb0   0x0800adb0   0x00000018   Code   RO         3565    i.SPI_Cmd           stm32f4xx_spi.o
    0x0800adc8   0x0800adc8   0x000000b0   Code   RO         3572    i.SPI_I2S_DeInit    stm32f4xx_spi.o
    0x0800ae78   0x0800ae78   0x00000012   Code   RO         3573    i.SPI_I2S_GetFlagStatus  stm32f4xx_spi.o
    0x0800ae8a   0x0800ae8a   0x00000006   Code   RO         3576    i.SPI_I2S_ReceiveData  stm32f4xx_spi.o
    0x0800ae90   0x0800ae90   0x00000004   Code   RO         3577    i.SPI_I2S_SendData  stm32f4xx_spi.o
    0x0800ae94   0x0800ae94   0x0000003c   Code   RO         3578    i.SPI_Init          stm32f4xx_spi.o
    0x0800aed0   0x0800aed0   0x0000001c   Code   RO         4132    i.SendtoPC          pc_serial.o
    0x0800aeec   0x0800aeec   0x00000094   Code   RO         4133    i.SendtoPCPack      pc_serial.o
    0x0800af80   0x0800af80   0x00000048   Code   RO         5116    i.SetInputMode      actiontask.o
    0x0800afc8   0x0800afc8   0x000000ec   Code   RO          369    i.SetSysClock       system_stm32f4xx.o
    0x0800b0b4   0x0800b0b4   0x0000015c   Code   RO         4900    i.ShootCount_Cal    shoottask.o
    0x0800b210   0x0800b210   0x00000088   Code   RO         4901    i.Shoot_Check_Cal   shoottask.o
    0x0800b298   0x0800b298   0x000001b8   Code   RO         4902    i.Shoot_Fire_Cal    shoottask.o
    0x0800b450   0x0800b450   0x00000030   Code   RO         5324    i.Shoot_Motor_Control  controltask.o
    0x0800b480   0x0800b480   0x00000044   Code   RO         4903    i.Shoot_Powerdown_Cal  shoottask.o
    0x0800b4c4   0x0800b4c4   0x00000014   Code   RO         5175    i.Shoot_Recover     start_task.o
    0x0800b4d8   0x0800b4d8   0x00000024   Code   RO         5176    i.Shoot_Stop        start_task.o
    0x0800b4fc   0x0800b4fc   0x00000334   Code   RO         4905    i.Shoot_Tx2_Cal     shoottask.o
    0x0800b830   0x0800b830   0x0000002c   Code   RO         4906    i.Shoot_init        shoottask.o
    0x0800b85c   0x0800b85c   0x000000ac   Code   RO         4907    i.Shoot_task        shoottask.o
    0x0800b908   0x0800b908   0x000000b4   Code   RO         5117    i.Status_Act        actiontask.o
    0x0800b9bc   0x0800b9bc   0x000000b8   Code   RO         3876    i.SteeringEngine_Configuration  steeringengine.o
    0x0800ba74   0x0800ba74   0x00000044   Code   RO         3877    i.SteeringEngine_Set  steeringengine.o
    0x0800bab8   0x0800bab8   0x00000008   Code   RO          315    i.SysTick_Handler   stm32f4xx_it.o
    0x0800bac0   0x0800bac0   0x00000068   Code   RO          371    i.SystemInit        system_stm32f4xx.o
    0x0800bb28   0x0800bb28   0x0000001c   Code   RO         3906    i.TIM4_IRQHandler   tim4.o
    0x0800bb44   0x0800bb44   0x00000028   Code   RO         4102    i.TIM7_IRQHandler   os_tick.o
    0x0800bb6c   0x0800bb6c   0x00000018   Code   RO         2701    i.TIM_ARRPreloadConfig  stm32f4xx_tim.o
    0x0800bb84   0x0800bb84   0x00000006   Code   RO         2707    i.TIM_ClearFlag     stm32f4xx_tim.o
    0x0800bb8a   0x0800bb8a   0x00000006   Code   RO         2708    i.TIM_ClearITPendingBit  stm32f4xx_tim.o
    0x0800bb90   0x0800bb90   0x00000018   Code   RO         2713    i.TIM_Cmd           stm32f4xx_tim.o
    0x0800bba8   0x0800bba8   0x0000001e   Code   RO         2715    i.TIM_CtrlPWMOutputs  stm32f4xx_tim.o
    0x0800bbc6   0x0800bbc6   0x00000012   Code   RO         2716    i.TIM_DMACmd        stm32f4xx_tim.o
    0x0800bbd8   0x0800bbd8   0x00000022   Code   RO         2734    i.TIM_GetITStatus   stm32f4xx_tim.o
    0x0800bbfa   0x0800bbfa   0x00000012   Code   RO         2738    i.TIM_ITConfig      stm32f4xx_tim.o
    0x0800bc0c   0x0800bc0c   0x00000078   Code   RO         2757    i.TIM_OC4Init       stm32f4xx_tim.o
    0x0800bc84   0x0800bc84   0x0000001a   Code   RO         2759    i.TIM_OC4PreloadConfig  stm32f4xx_tim.o
    0x0800bc9e   0x0800bc9e   0x00000004   Code   RO         2777    i.TIM_SetCompare3   stm32f4xx_tim.o
    0x0800bca2   0x0800bca2   0x00000004   Code   RO         2778    i.TIM_SetCompare4   stm32f4xx_tim.o
    0x0800bca6   0x0800bca6   0x00000002   PAD
    0x0800bca8   0x0800bca8   0x00000084   Code   RO         2785    i.TIM_TimeBaseInit  stm32f4xx_tim.o
    0x0800bd2c   0x0800bd2c   0x00000030   Code   RO         4793    i.TX2_task          datasendtask.o
    0x0800bd5c   0x0800bd5c   0x00000290   Code   RO         5020    i.T_change          gimbaltask.o
    0x0800bfec   0x0800bfec   0x000001ac   Code   RO         6296    i.TaskCheck         rtostaskcheck.o
    0x0800c198   0x0800c198   0x0000005c   Code   RO         4192    i.USART2_IRQHandler  pc_uart.o
    0x0800c1f4   0x0800c1f4   0x00000128   Code   RO         3998    i.USART3_Configuration  usart3.o
    0x0800c31c   0x0800c31c   0x00000060   Code   RO         3999    i.USART3_IRQHandler  usart3.o
    0x0800c37c   0x0800c37c   0x00000012   Code   RO         3259    i.USART_ClearFlag   stm32f4xx_usart.o
    0x0800c38e   0x0800c38e   0x00000018   Code   RO         3263    i.USART_Cmd         stm32f4xx_usart.o
    0x0800c3a6   0x0800c3a6   0x00000012   Code   RO         3264    i.USART_DMACmd      stm32f4xx_usart.o
    0x0800c3b8   0x0800c3b8   0x000000f0   Code   RO         3265    i.USART_DeInit      stm32f4xx_usart.o
    0x0800c4a8   0x0800c4a8   0x0000001a   Code   RO         3266    i.USART_GetFlagStatus  stm32f4xx_usart.o
    0x0800c4c2   0x0800c4c2   0x00000054   Code   RO         3267    i.USART_GetITStatus  stm32f4xx_usart.o
    0x0800c516   0x0800c516   0x0000004a   Code   RO         3269    i.USART_ITConfig    stm32f4xx_usart.o
    0x0800c560   0x0800c560   0x000000d4   Code   RO         3270    i.USART_Init        stm32f4xx_usart.o
    0x0800c634   0x0800c634   0x00000004   Code   RO          316    i.UsageFault_Handler  stm32f4xx_it.o
    0x0800c638   0x0800c638   0x00000040   Code   RO         4419    i.Verify_CRC16_Check_Sum  algorithmofcrc.o
    0x0800c678   0x0800c678   0x00000098   Code   RO         4795    i.YawCan1Send       datasendtask.o
    0x0800c710   0x0800c710   0x000000c0   Code   RO         4855    i.ZeroCheck         zerochecktask.o
    0x0800c7d0   0x0800c7d0   0x00000104   Code   RO         4856    i.ZeroCheck_Init    zerochecktask.o
    0x0800c8d4   0x0800c8d4   0x000001e0   Code   RO         4857    i.ZeroCheck_cal     zerochecktask.o
    0x0800cab4   0x0800cab4   0x00000028   Code   RO         7601    i.__0sprintf$3      mc_w.l(printf3.o)
    0x0800cadc   0x0800cadc   0x00000030   Code   RO         7914    i.__ARM_fpclassify  m_wm.l(fpclassify.o)
    0x0800cb0c   0x0800cb0c   0x00000026   Code   RO         7836    i.__ARM_fpclassifyf  m_wm.l(fpclassifyf.o)
    0x0800cb32   0x0800cb32   0x00000002   PAD
    0x0800cb34   0x0800cb34   0x00000118   Code   RO         7401    i.__hardfp_acosf    m_wm.l(acosf.o)
    0x0800cc4c   0x0800cc4c   0x0000012c   Code   RO         7413    i.__hardfp_asinf    m_wm.l(asinf.o)
    0x0800cd78   0x0800cd78   0x00000250   Code   RO         7425    i.__hardfp_atan2f   m_wm.l(atan2f.o)
    0x0800cfc8   0x0800cfc8   0x000000c8   Code   RO         7437    i.__hardfp_cos      m_wm.l(cos.o)
    0x0800d090   0x0800d090   0x000000e0   Code   RO         7455    i.__hardfp_round    m_wm.l(round.o)
    0x0800d170   0x0800d170   0x000000c8   Code   RO         7459    i.__hardfp_sin      m_wm.l(sin.o)
    0x0800d238   0x0800d238   0x00000080   Code   RO         7483    i.__hardfp_tan      m_wm.l(tan.o)
    0x0800d2b8   0x0800d2b8   0x00000438   Code   RO         7852    i.__ieee754_rem_pio2  m_wm.l(rred.o)
    0x0800d6f0   0x0800d6f0   0x00000170   Code   RO         7819    i.__kernel_cos      m_wm.l(cos_i.o)
    0x0800d860   0x0800d860   0x000000f8   Code   RO         7916    i.__kernel_poly     m_wm.l(poly.o)
    0x0800d958   0x0800d958   0x00000130   Code   RO         7857    i.__kernel_sin      m_wm.l(sin_i.o)
    0x0800da88   0x0800da88   0x00000350   Code   RO         7863    i.__kernel_tan      m_wm.l(tan_i.o)
    0x0800ddd8   0x0800ddd8   0x00000014   Code   RO         7823    i.__mathlib_dbl_infnan  m_wm.l(dunder.o)
    0x0800ddec   0x0800ddec   0x00000004   PAD
    0x0800ddf0   0x0800ddf0   0x00000020   Code   RO         7825    i.__mathlib_dbl_invalid  m_wm.l(dunder.o)
    0x0800de10   0x0800de10   0x00000020   Code   RO         7828    i.__mathlib_dbl_underflow  m_wm.l(dunder.o)
    0x0800de30   0x0800de30   0x00000006   Code   RO         7839    i.__mathlib_flt_infnan  m_wm.l(funder.o)
    0x0800de36   0x0800de36   0x00000006   Code   RO         7840    i.__mathlib_flt_infnan2  m_wm.l(funder.o)
    0x0800de3c   0x0800de3c   0x00000010   Code   RO         7841    i.__mathlib_flt_invalid  m_wm.l(funder.o)
    0x0800de4c   0x0800de4c   0x00000010   Code   RO         7844    i.__mathlib_flt_underflow  m_wm.l(funder.o)
    0x0800de5c   0x0800de5c   0x0000000e   Code   RO         7924    i.__scatterload_copy  mc_w.l(handlers.o)
    0x0800de6a   0x0800de6a   0x00000002   Code   RO         7925    i.__scatterload_null  mc_w.l(handlers.o)
    0x0800de6c   0x0800de6c   0x0000000e   Code   RO         7926    i.__scatterload_zeroinit  mc_w.l(handlers.o)
    0x0800de7a   0x0800de7a   0x00000002   PAD
    0x0800de7c   0x0800de7c   0x0000000c   Code   RO         7898    i.__set_errno       mc_w.l(errno.o)
    0x0800de88   0x0800de88   0x000001b8   Code   RO         7606    i._printf_core      mc_w.l(printf3.o)
    0x0800e040   0x0800e040   0x0000000a   Code   RO         7608    i._sputc            mc_w.l(printf3.o)
    0x0800e04a   0x0800e04a   0x00000002   PAD
    0x0800e04c   0x0800e04c   0x00000060   Code   RO         6252    i.checkIMUOn        debug.o
    0x0800e0ac   0x0800e0ac   0x00000090   Code   RO         6914    i.check_fs          ff.o
    0x0800e13c   0x0800e13c   0x00000014   Code   RO         6915    i.chk_chr           ff.o
    0x0800e150   0x0800e150   0x0000001a   Code   RO         6916    i.clust2sect        ff.o
    0x0800e16a   0x0800e16a   0x000000d6   Code   RO         6917    i.create_chain      ff.o
    0x0800e240   0x0800e240   0x00000118   Code   RO         6918    i.create_name       ff.o
    0x0800e358   0x0800e358   0x0000001e   Code   RO         6321    i.delay_ms          tools.o
    0x0800e376   0x0800e376   0x0000005c   Code   RO         6919    i.dir_alloc         ff.o
    0x0800e3d2   0x0800e3d2   0x0000005c   Code   RO         6920    i.dir_find          ff.o
    0x0800e42e   0x0800e42e   0x0000013a   Code   RO         6921    i.dir_next          ff.o
    0x0800e568   0x0800e568   0x0000003a   Code   RO         6923    i.dir_register      ff.o
    0x0800e5a2   0x0800e5a2   0x000000c8   Code   RO         6925    i.dir_sdi           ff.o
    0x0800e66a   0x0800e66a   0x0000002a   Code   RO         6866    i.disk_initialize   diskio.o
    0x0800e694   0x0800e694   0x0000006c   Code   RO         6867    i.disk_ioctl        diskio.o
    0x0800e700   0x0800e700   0x00000056   Code   RO         6868    i.disk_read         diskio.o
    0x0800e756   0x0800e756   0x0000001c   Code   RO         6869    i.disk_status       diskio.o
    0x0800e772   0x0800e772   0x0000005c   Code   RO         6870    i.disk_write        diskio.o
    0x0800e7ce   0x0800e7ce   0x00000020   Code   RO         6927    i.f_close           ff.o
    0x0800e7ee   0x0800e7ee   0x0000019a   Code   RO         6931    i.f_lseek           ff.o
    0x0800e988   0x0800e988   0x0000005c   Code   RO         6934    i.f_mount           ff.o
    0x0800e9e4   0x0800e9e4   0x00000176   Code   RO         6935    i.f_open            ff.o
    0x0800eb5a   0x0800eb5a   0x000000b0   Code   RO         6944    i.f_sync            ff.o
    0x0800ec0a   0x0800ec0a   0x0000020c   Code   RO         6948    i.f_write           ff.o
    0x0800ee16   0x0800ee16   0x00000018   Code   RO         7451    i.fabs              m_wm.l(fabs.o)
    0x0800ee2e   0x0800ee2e   0x00000002   PAD
    0x0800ee30   0x0800ee30   0x000003d8   Code   RO         6949    i.find_volume       ff.o
    0x0800f208   0x0800f208   0x00000090   Code   RO         6950    i.follow_path       ff.o
    0x0800f298   0x0800f298   0x0000015c   Code   RO         5021    i.get_F             gimbaltask.o
    0x0800f3f4   0x0800f3f4   0x0000013e   Code   RO         6951    i.get_fat           ff.o
    0x0800f532   0x0800f532   0x00000002   PAD
    0x0800f534   0x0800f534   0x00000008   Code   RO         6871    i.get_fattime       diskio.o
    0x0800f53c   0x0800f53c   0x00000048   Code   RO         6953    i.get_ldnumber      ff.o
    0x0800f584   0x0800f584   0x0000003c   Code   RO         6813    i.invSqrt           quaternionekf.o
    0x0800f5c0   0x0800f5c0   0x00000020   Code   RO         6954    i.ld_clust          ff.o
    0x0800f5e0   0x0800f5e0   0x00000018   Code   RO            7    i.main              main.o
    0x0800f5f8   0x0800f5f8   0x0000006c   Code   RO         7772    i.malloc            mc_w.l(malloc.o)
    0x0800f664   0x0800f664   0x00000026   Code   RO         6955    i.mem_cmp           ff.o
    0x0800f68a   0x0800f68a   0x0000001a   Code   RO         6956    i.mem_cpy           ff.o
    0x0800f6a4   0x0800f6a4   0x00000014   Code   RO         6957    i.mem_set           ff.o
    0x0800f6b8   0x0800f6b8   0x00000034   Code   RO         6958    i.move_window       ff.o
    0x0800f6ec   0x0800f6ec   0x00000098   Code   RO         5748    i.prvAddCurrentTaskToDelayedList  tasks.o
    0x0800f784   0x0800f784   0x000000b8   Code   RO         5749    i.prvAddNewTaskToReadyList  tasks.o
    0x0800f83c   0x0800f83c   0x00000064   Code   RO         5750    i.prvCheckTasksWaitingTermination  tasks.o
    0x0800f8a0   0x0800f8a0   0x00000012   Code   RO         5751    i.prvDeleteTCB      tasks.o
    0x0800f8b2   0x0800f8b2   0x00000002   PAD
    0x0800f8b4   0x0800f8b4   0x0000007c   Code   RO         6115    i.prvHeapInit       heap_4.o
    0x0800f930   0x0800f930   0x00000028   Code   RO         5752    i.prvIdleTask       tasks.o
    0x0800f958   0x0800f958   0x00000090   Code   RO         5753    i.prvInitialiseNewTask  tasks.o
    0x0800f9e8   0x0800f9e8   0x00000068   Code   RO         5754    i.prvInitialiseTaskLists  tasks.o
    0x0800fa50   0x0800fa50   0x00000068   Code   RO         6116    i.prvInsertBlockIntoFreeList  heap_4.o
    0x0800fab8   0x0800fab8   0x00000034   Code   RO         5756    i.prvResetNextTaskUnblockTime  tasks.o
    0x0800faec   0x0800faec   0x00000016   Code   RO         5757    i.prvTaskCheckFreeStackSpace  tasks.o
    0x0800fb02   0x0800fb02   0x00000016   Code   RO         6173    i.prvTaskExitError  port.o
    0x0800fb18   0x0800fb18   0x00000188   Code   RO         6959    i.put_fat           ff.o
    0x0800fca0   0x0800fca0   0x000000d0   Code   RO         6117    i.pvPortMalloc      heap_4.o
    0x0800fd70   0x0800fd70   0x0000002c   Code   RO         6174    i.pxPortInitialiseStack  port.o
    0x0800fd9c   0x0800fd9c   0x0000006c   Code   RO         6961    i.remove_chain      ff.o
    0x0800fe08   0x0800fe08   0x0000003e   Code   RO         7473    i.sqrtf             m_wm.l(sqrtf.o)
    0x0800fe46   0x0800fe46   0x00000010   Code   RO         6962    i.st_clust          ff.o
    0x0800fe56   0x0800fe56   0x00000002   PAD
    0x0800fe58   0x0800fe58   0x0000002c   Code   RO         5177    i.startTast         start_task.o
    0x0800fe84   0x0800fe84   0x000001bc   Code   RO         5178    i.start_task        start_task.o
    0x08010040   0x08010040   0x000000c8   Code   RO         6963    i.sync_fs           ff.o
    0x08010108   0x08010108   0x00000052   Code   RO         6964    i.sync_window       ff.o
    0x0801015a   0x0801015a   0x00000002   PAD
    0x0801015c   0x0801015c   0x0000007c   Code   RO         5760    i.ulTaskNotifyTake  tasks.o
    0x080101d8   0x080101d8   0x00000028   Code   RO         5532    i.uxListRemove      list.o
    0x08010200   0x08010200   0x00000028   Code   RO         5762    i.uxTaskGetStackHighWaterMark  tasks.o
    0x08010228   0x08010228   0x0000001a   Code   RO         5533    i.vListInitialise   list.o
    0x08010242   0x08010242   0x00000006   Code   RO         5534    i.vListInitialiseItem  list.o
    0x08010248   0x08010248   0x00000034   Code   RO         5535    i.vListInsert       list.o
    0x0801027c   0x0801027c   0x00000018   Code   RO         5536    i.vListInsertEnd    list.o
    0x08010294   0x08010294   0x00000024   Code   RO         6176    i.vPortEnterCritical  port.o
    0x080102b8   0x080102b8   0x00000020   Code   RO         6177    i.vPortExitCritical  port.o
    0x080102d8   0x080102d8   0x00000048   Code   RO         6118    i.vPortFree         heap_4.o
    0x08010320   0x08010320   0x00000020   Code   RO         6178    i.vPortSetupTimerInterrupt  port.o
    0x08010340   0x08010340   0x00000034   Code   RO         5768    i.vTaskDelay        tasks.o
    0x08010374   0x08010374   0x00000074   Code   RO         5769    i.vTaskDelayUntil   tasks.o
    0x080103e8   0x080103e8   0x000000cc   Code   RO         5770    i.vTaskDelete       tasks.o
    0x080104b4   0x080104b4   0x0000006c   Code   RO         5783    i.vTaskStartScheduler  tasks.o
    0x08010520   0x08010520   0x00000010   Code   RO         5785    i.vTaskSuspendAll   tasks.o
    0x08010530   0x08010530   0x000000a0   Code   RO         5786    i.vTaskSwitchContext  tasks.o
    0x080105d0   0x080105d0   0x00000032   Code   RO         6965    i.validate          ff.o
    0x08010602   0x08010602   0x00000002   PAD
    0x08010604   0x08010604   0x00000048   Code   RO         6179    i.xPortStartScheduler  port.o
    0x0801064c   0x0801064c   0x00000034   Code   RO         6180    i.xPortSysTickHandler  port.o
    0x08010680   0x08010680   0x00000060   Code   RO         5788    i.xTaskCreate       tasks.o
    0x080106e0   0x080106e0   0x000000c4   Code   RO         5789    i.xTaskGenericNotify  tasks.o
    0x080107a4   0x080107a4   0x0000000c   Code   RO         5792    i.xTaskGetTickCount  tasks.o
    0x080107b0   0x080107b0   0x0000011c   Code   RO         5794    i.xTaskIncrementTick  tasks.o
    0x080108cc   0x080108cc   0x000000e8   Code   RO         5799    i.xTaskResumeAll    tasks.o
    0x080109b4   0x080109b4   0x00000301   Data   RO         4421    .constdata          algorithmofcrc.o
    0x08010cb5   0x08010cb5   0x00000003   PAD
    0x08010cb8   0x08010cb8   0x00000030   Data   RO         6674    .constdata          ins.o
    0x08010ce8   0x08010ce8   0x00000090   Data   RO         6815    .constdata          quaternionekf.o
    0x08010d78   0x08010d78   0x00000410   Data   RO         7215    .constdata          arm_cortexM4lf_math.lib(arm_cos_f32.o)
    0x08011188   0x08011188   0x0000040c   Data   RO         7262    .constdata          arm_cortexM4lf_math.lib(arm_sin_f32.o)
    0x08011594   0x08011594   0x00000004   PAD
    0x08011598   0x08011598   0x00000030   Data   RO         7820    .constdata          m_wm.l(cos_i.o)
    0x080115c8   0x080115c8   0x000000c8   Data   RO         7854    .constdata          m_wm.l(rred.o)
    0x08011690   0x08011690   0x00000028   Data   RO         7858    .constdata          m_wm.l(sin_i.o)
    0x080116b8   0x080116b8   0x00000060   Data   RO         7864    .constdata          m_wm.l(tan_i.o)
    0x08011718   0x08011718   0x00000020   Data   RO         7922    Region$$Table       anon$$obj.o


    Execution Region RW_IRAM1 (Exec base: 0x20000000, Load base: 0x08011738, Size: 0x000073f0, Max: 0x00020000, ABSOLUTE, COMPRESSED[0x000000b8])

    Exec Addr    Load Addr    Size         Type   Attr      Idx    E Section Name        Object

    0x20000000   COMPRESSED   0x0000000c   Data   RW            9    .data               main.o
    0x2000000c   COMPRESSED   0x00000014   Data   RW          372    .data               system_stm32f4xx.o
    0x20000020   COMPRESSED   0x00000010   Data   RW         1938    .data               stm32f4xx_rcc.o
    0x20000030   COMPRESSED   0x00000008   Data   RW         3878    .data               steeringengine.o
    0x20000038   COMPRESSED   0x00000008   Data   RW         4001    .data               usart3.o
    0x20000040   COMPRESSED   0x00000018   Data   RW         4039    .data               counter.o
    0x20000058   COMPRESSED   0x00000004   Data   RW         4103    .data               os_tick.o
    0x2000005c   COMPRESSED   0x0000000a   Data   RW         4135    .data               pc_serial.o
    0x20000066   COMPRESSED   0x00000001   Data   RW         4251    .data               bsp_spi_sdcard.o
    0x20000067   COMPRESSED   0x00000001   PAD
    0x20000068   COMPRESSED   0x00000004   Data   RW         4422    .data               algorithmofcrc.o
    0x2000006c   COMPRESSED   0x00000068   Data   RW         4658    .data               chassistask.o
    0x200000d4   COMPRESSED   0x00000038   Data   RW         4730    .data               datareceivetask.o
    0x2000010c   COMPRESSED   0x00000008   Data   RW         4797    .data               datasendtask.o
    0x20000114   COMPRESSED   0x00000009   Data   RW         4859    .data               zerochecktask.o
    0x2000011d   COMPRESSED   0x00000003   PAD
    0x20000120   COMPRESSED   0x0000005c   Data   RW         4910    .data               shoottask.o
    0x2000017c   COMPRESSED   0x00000004   PAD
    0x20000180   COMPRESSED   0x00000094   Data   RW         5023    .data               gimbaltask.o
    0x20000214   COMPRESSED   0x0000008d   Data   RW         5119    .data               actiontask.o
    0x200002a1   COMPRESSED   0x00000003   PAD
    0x200002a4   COMPRESSED   0x00000006   Data   RW         5180    .data               start_task.o
    0x200002aa   COMPRESSED   0x00000002   PAD
    0x200002ac   COMPRESSED   0x00000004   Data   RW         5282    .data               gimbalestimatetask.o
    0x200002b0   COMPRESSED   0x0000000c   Data   RW         5325    .data               controltask.o
    0x200002bc   COMPRESSED   0x0000000f   Data   RW         5369    .data               sdcardtask.o
    0x200002cb   COMPRESSED   0x00000001   PAD
    0x200002cc   COMPRESSED   0x00000048   Data   RW         5802    .data               tasks.o
    0x20000314   COMPRESSED   0x00000018   Data   RW         6123    .data               heap_4.o
    0x2000032c   COMPRESSED   0x00000004   Data   RW         6181    .data               port.o
    0x20000330   COMPRESSED   0x00000008   Data   RW         6254    .data               debug.o
    0x20000338   COMPRESSED   0x00000002   Data   RW         6298    .data               rtostaskcheck.o
    0x2000033a   COMPRESSED   0x00000002   PAD
    0x2000033c   COMPRESSED   0x00000016   Data   RW         6625    .data               icm20602.o
    0x20000352   COMPRESSED   0x00000002   PAD
    0x20000354   COMPRESSED   0x00000048   Data   RW         6675    .data               ins.o
    0x2000039c   COMPRESSED   0x00000004   Data   RW         6743    .data               kalman_filter.o
    0x200003a0   COMPRESSED   0x000000d4   Data   RW         6816    .data               quaternionekf.o
    0x20000474   COMPRESSED   0x00000006   Data   RW         6967    .data               ff.o
    0x2000047a   COMPRESSED   0x00000002   PAD
    0x2000047c   COMPRESSED   0x00000004   Data   RW         7894    .data               mc_w.l(mvars.o)
    0x20000480   COMPRESSED   0x00000004   Data   RW         7895    .data               mc_w.l(mvars.o)
    0x20000484   COMPRESSED   0x00000004   Data   RW         7899    .data               mc_w.l(errno.o)
    0x20000488        -       0x00000034   Zero   RW            8    .bss                main.o
    0x200004bc        -       0x00000012   Zero   RW         4000    .bss                usart3.o
    0x200004ce   COMPRESSED   0x00000002   PAD
    0x200004d0        -       0x0000000c   Zero   RW         4038    .bss                counter.o
    0x200004dc        -       0x00000016   Zero   RW         4134    .bss                pc_serial.o
    0x200004f2        -       0x00000016   Zero   RW         4193    .bss                pc_uart.o
    0x20000508        -       0x00000058   Zero   RW         4250    .bss                bsp_spi_sdcard.o
    0x20000560        -       0x00000108   Zero   RW         4656    .bss                chassistask.o
    0x20000668        -       0x00000083   Zero   RW         4729    .bss                datareceivetask.o
    0x200006eb   COMPRESSED   0x00000001   PAD
    0x200006ec        -       0x0000000e   Zero   RW         4796    .bss                datasendtask.o
    0x200006fa   COMPRESSED   0x00000002   PAD
    0x200006fc        -       0x000000d0   Zero   RW         4858    .bss                zerochecktask.o
    0x200007cc   COMPRESSED   0x00000004   PAD
    0x200007d0        -       0x00000284   Zero   RW         4908    .bss                shoottask.o
    0x20000a54        -       0x00000510   Zero   RW         5022    .bss                gimbaltask.o
    0x20000f64        -       0x00000024   Zero   RW         5118    .bss                actiontask.o
    0x20000f88        -       0x00000030   Zero   RW         5179    .bss                start_task.o
    0x20000fb8        -       0x00000038   Zero   RW         5281    .bss                gimbalestimatetask.o
    0x20000ff0        -       0x000020f9   Zero   RW         5368    .bss                sdcardtask.o
    0x200030e9   COMPRESSED   0x00000003   PAD
    0x200030ec        -       0x000002e4   Zero   RW         5801    .bss                tasks.o
    0x200033d0        -       0x00002800   Zero   RW         6122    .bss                heap_4.o
    0x20005bd0        -       0x000000c4   Zero   RW         6253    .bss                debug.o
    0x20005c94        -       0x00000030   Zero   RW         6297    .bss                rtostaskcheck.o
    0x20005cc4        -       0x000000bc   Zero   RW         6673    .bss                ins.o
    0x20005d80        -       0x00000270   Zero   RW         6814    .bss                quaternionekf.o
    0x20005ff0        -       0x00001000   Zero   RW          405    HEAP                startup_stm32f40_41xxx.o
    0x20006ff0        -       0x00000400   Zero   RW          404    STACK               startup_stm32f40_41xxx.o


==============================================================================

Image component sizes


      Code (inc. data)   RO Data    RW Data    ZI Data      Debug   Object Name

      2524        344          0        141         36       8704   actiontask.o
       164         14        769          4          0       2961   algorithmofcrc.o
      2560         96          0          1         88      15357   bsp_spi_sdcard.o
       564         28          0          0          0       2482   can1.o
       564         30          0          0          0       2454   can2.o
      5312        534          0        104        264       8162   chassistask.o
       192         32          0         12          0       2903   controltask.o
       124         16          0         24         12       2200   counter.o
      1236        128          0         56        131       6893   datareceivetask.o
      1120        114          0          8         14       5917   datasendtask.o
       150         16          0          8        196       2959   debug.o
       364         10          0          0          0       4464   diskio.o
      5582         46          0          6          0      28935   ff.o
       112         18          0          0          0        558   frictionwheel.o
        68         14          0          4         56       2161   gimbalestimatetask.o
      8444        828          0        148       1296      13235   gimbaltask.o
       508         62          0         24      10240       3919   heap_4.o
       220         44          0         22          0       4210   icm20602.o
      2548        142         48         72        188       5889   ins.o
         8          0          0          0          0        472   iwdg.o
      3160         26          0          4          0       8827   kalman_filter.o
       148          0          0          0          0       3294   list.o
       532         36          0         12         52     359507   main.o
        48          4          0          0          0        534   microsw.o
       120         14          0          0          0       1020   misc.o
        40          8          0          4          0       1068   os_tick.o
       344         64          0         10         22       4707   pc_serial.o
       644         56          0          0         22       2567   pc_uart.o
       924          4          0          0          0       2452   pid.o
       472         58          0          4          0       9636   port.o
      4156        234        144        212        624       7967   quaternionekf.o
       428         24          0          2         48       2179   rtostaskcheck.o
       912        196          0         15       8441       3773   sdcardtask.o
      3364        514          0         92        644      11333   shoottask.o
       600        242          0          6         48       4471   start_task.o
        36          8        392          0       5120        844   startup_stm32f40_41xxx.o
       252         30          0          8          0       1642   steeringengine.o
      1654         22          0          0          0       7624   stm32f4xx_can.o
       808         86          0          0          0       7799   stm32f4xx_dma.o
       222          0          0          0          0       2923   stm32f4xx_gpio.o
        28          0          0          0          0       3347   stm32f4xx_it.o
        16          6          0          0          0        501   stm32f4xx_iwdg.o
       360         42          0         16          0       5256   stm32f4xx_rcc.o
       288         24          0          0          0       4195   stm32f4xx_spi.o
       446         36          0          0          0       8528   stm32f4xx_tim.o
       696         42          0          0          0       6284   stm32f4xx_usart.o
       340         32          0         20          0       1833   system_stm32f4xx.o
      2456        374          0         72        740      27319   tasks.o
        28          6          0          0          0        494   tim4.o
        30          0          0          0          0        615   tools.o
       392         38          0          8         18       2037   usart3.o
         0          0          0          0          0       1472   user_lib.o
       932        136          0          9        208       3307   zerochecktask.o

    ----------------------------------------------------------------------
     57272       4878       1388       1148      28520     634190   Object Totals
         0          0         32          0          0          0   (incl. Generated)
        32          0          3         20         12          0   (incl. Padding)

    ----------------------------------------------------------------------

      Code (inc. data)   RO Data    RW Data    ZI Data      Debug   Library Member Name

       216         22       1040          0          0      16570   arm_cos_f32.o
       256          0          0          0          0       1426   arm_mat_add_f32.o
         8          0          0          0          0        779   arm_mat_init_f32.o
      1280         10          0          0          0       2726   arm_mat_inverse_f32.o
       248          6          0          0          0       1371   arm_mat_mult_f32.o
       256          0          0          0          0       1426   arm_mat_sub_f32.o
       152          0          0          0          0       1172   arm_mat_trans_f32.o
       216         22       1036          0          0       1382   arm_sin_f32.o
       280         46          0          0          0        176   acosf.o
       300         42          0          0          0        176   asinf.o
       592         90          0          0          0        184   atan2f.o
       200         20          0          0          0        164   cos.o
       368         46         48          0          0        200   cos_i.o
        84         16          0          0          0        372   dunder.o
        24          0          0          0          0        124   fabs.o
        48          0          0          0          0        124   fpclassify.o
        38          0          0          0          0        116   fpclassifyf.o
        44         12          0          0          0        464   funder.o
       248          0          0          0          0        152   poly.o
       224         30          0          0          0        172   round.o
      1080        142        200          0          0        188   rred.o
       200         20          0          0          0        164   sin.o
       304         24         40          0          0        208   sin_i.o
        62          0          0          0          0        136   sqrtf.o
       128         20          0          0          0        144   tan.o
       848         84         96          0          0        196   tan_i.o
        86          0          0          0          0          0   __dczerorl2.o
         0          0          0          0          0          0   entry.o
         0          0          0          0          0          0   entry10a.o
         0          0          0          0          0          0   entry11a.o
         8          4          0          0          0          0   entry2.o
         4          0          0          0          0          0   entry5.o
         0          0          0          0          0          0   entry7b.o
         0          0          0          0          0          0   entry8b.o
         8          4          0          0          0          0   entry9a.o
        12          6          0          4          0         68   errno.o
        30          0          0          0          0          0   handlers.o
        36          8          0          0          0         68   init.o
         0          0          0          0          0          0   iusefp.o
        30          0          0          0          0         68   llshl.o
        36          0          0          0          0         68   llsshr.o
        32          0          0          0          0         68   llushr.o
       108         16          0          0          0         84   malloc.o
        36          0          0          0          0         68   memcpya.o
        36          0          0          0          0        108   memseta.o
         0          0          0          8          0          0   mvars.o
       490         10          0          0          0        252   printf3.o
        14          0          0          0          0         68   strlen.o
        44          0          0          0          0         80   uidiv.o
        98          0          0          0          0         92   uldiv.o
        48          0          0          0          0         68   cdcmple.o
        48          0          0          0          0         68   cdrcmple.o
        56          0          0          0          0         88   d2f.o
       334          0          0          0          0        148   dadd.o
       222          0          0          0          0        100   ddiv.o
       186          0          0          0          0        176   depilogue.o
        62          0          0          0          0         80   dfixi.o
        34          0          0          0          0         76   dflti.o
        26          0          0          0          0         76   dfltui.o
       228          0          0          0          0         96   dmul.o
       136          4          0          0          0         92   drnd.o
        38          0          0          0          0         68   f2d.o
       110          0          0          0          0        168   fepilogue.o

    ----------------------------------------------------------------------
     10356        704       2464         12          0      32708   Library Totals
        16          0          4          0          0          0   (incl. Padding)

    ----------------------------------------------------------------------

      Code (inc. data)   RO Data    RW Data    ZI Data      Debug   Library Name

      2632         60       2076          0          0      26852   arm_cortexM4lf_math.lib
      5072        592        384          0          0       3460   m_wm.l
      1108         48          0         12          0       1092   mc_w.l
      1528          4          0          0          0       1304   mf_w.l

    ----------------------------------------------------------------------
     10356        704       2464         12          0      32708   Library Totals

    ----------------------------------------------------------------------

==============================================================================


      Code (inc. data)   RO Data    RW Data    ZI Data      Debug   

     67628       5582       3852       1160      28520     634534   Grand Totals
     67628       5582       3852        184      28520     634534   ELF Image Totals (compressed)
     67628       5582       3852        184          0          0   ROM Totals

==============================================================================

    Total RO  Size (Code + RO Data)                71480 (  69.80kB)
    Total RW  Size (RW Data + ZI Data)             29680 (  28.98kB)
    Total ROM Size (Code + RO Data + RW Data)      71664 (  69.98kB)

==============================================================================

